
> saveaction-recorder@1.0.0 test
> vitest run --coverage


[7m[1m[36m RUN [39m[22m[27m [36mv1.6.1[39m [90mC:/Users/zozaz/Documents/Downloads/SaveAction-recorder-browser-extenstion[39m
[2m      Coverage enabled with [22m[33mv8[39m

 [32m✓[39m tests/unit/sanitizer.test.ts [2m ([22m[2m34 tests[22m[2m)[22m[90m 22[2mms[22m[39m
 [32m✓[39m tests/unit/exporter.test.ts [2m ([22m[2m17 tests[22m[2m)[22m[90m 40[2mms[22m[39m
 [32m✓[39m tests/unit/validator.test.ts [2m ([22m[2m33 tests[22m[2m)[22m[90m 39[2mms[22m[39m
[90mstdout[2m | tests/unit/action-recorder.test.ts[2m > [22m[2mActionRecorder[2m > [22m[2mTest Name Validation[2m > [22m[2mshould accept valid test name[22m[39m
[ActionRecorder] Synced metadata to background

[90mstdout[2m | tests/unit/action-recorder.test.ts[2m > [22m[2mActionRecorder[2m > [22m[2mTest Name Validation[2m > [22m[2mshould trim whitespace from test name[22m[39m
[ActionRecorder] Synced metadata to background

[90mstdout[2m | tests/unit/action-recorder.test.ts[2m > [22m[2mActionRecorder[2m > [22m[2mRecording Lifecycle[2m > [22m[2mshould start recording and capture metadata[22m[39m
[ActionRecorder] Synced metadata to background

[90mstdout[2m | tests/unit/action-recorder.test.ts[2m > [22m[2mActionRecorder[2m > [22m[2mRecording Lifecycle[2m > [22m[2mshould not start recording if already recording[22m[39m
[ActionRecorder] Synced metadata to background

[90mstdout[2m | tests/unit/action-recorder.test.ts[2m > [22m[2mActionRecorder[2m > [22m[2mRecording Lifecycle[2m > [22m[2mshould pause recording[22m[39m
[ActionRecorder] Synced metadata to background

[90mstdout[2m | tests/unit/action-recorder.test.ts[2m > [22m[2mActionRecorder[2m > [22m[2mRecording Lifecycle[2m > [22m[2mshould resume from paused state[22m[39m
[ActionRecorder] Synced metadata to background

[90mstdout[2m | tests/unit/action-recorder.test.ts[2m > [22m[2mActionRecorder[2m > [22m[2mRecording Lifecycle[2m > [22m[2mshould not resume if not paused[22m[39m
[ActionRecorder] Synced metadata to background

[90mstdout[2m | tests/unit/action-recorder.test.ts[2m > [22m[2mActionRecorder[2m > [22m[2mRecording Lifecycle[2m > [22m[2mshould stop recording and return final recording[22m[39m
[ActionRecorder] Synced metadata to background

[90mstdout[2m | tests/unit/action-recorder.test.ts[2m > [22m[2mActionRecorder[2m > [22m[2mRecording Lifecycle[2m > [22m[2mshould allow new recording after stopping[22m[39m
[ActionRecorder] Synced metadata to background
[ActionRecorder] Synced metadata to background

[90mstdout[2m | tests/unit/action-recorder.test.ts[2m > [22m[2mActionRecorder[2m > [22m[2mAction Collection[2m > [22m[2mshould collect actions during recording[22m[39m
[ActionRecorder] Synced metadata to background

[90mstdout[2m | tests/unit/action-recorder.test.ts[2m > [22m[2mActionRecorder[2m > [22m[2mAction Collection[2m > [22m[2mshould not collect actions when paused[22m[39m
[ActionRecorder] Synced metadata to background

[90mstdout[2m | tests/unit/action-recorder.test.ts[2m > [22m[2mActionRecorder[2m > [22m[2mAction Collection[2m > [22m[2mshould not collect actions when idle[22m[39m
[ActionRecorder] Synced metadata to background

[90mstdout[2m | tests/unit/action-recorder.test.ts[2m > [22m[2mActionRecorder[2m > [22m[2mAction Collection[2m > [22m[2mshould maintain action sequence order[22m[39m
[ActionRecorder] Synced metadata to background

[90mstdout[2m | tests/unit/action-recorder.test.ts[2m > [22m[2mActionRecorder[2m > [22m[2mAction Collection[2m > [22m[2mshould handle multiple action types[22m[39m
[ActionRecorder] Synced metadata to background

[90mstdout[2m | tests/unit/action-recorder.test.ts[2m > [22m[2mActionRecorder[2m > [22m[2mEventListener Integration[2m > [22m[2mshould start EventListener when recording starts[22m[39m
[ActionRecorder] Synced metadata to background

[90mstdout[2m | tests/unit/action-recorder.test.ts[2m > [22m[2mActionRecorder[2m > [22m[2mEventListener Integration[2m > [22m[2mshould stop EventListener when recording stops[22m[39m
[ActionRecorder] Synced metadata to background

[90mstdout[2m | tests/unit/action-recorder.test.ts[2m > [22m[2mActionRecorder[2m > [22m[2mEventListener Integration[2m > [22m[2mshould stop EventListener when paused[22m[39m
[ActionRecorder] Synced metadata to background

[90mstdout[2m | tests/unit/action-recorder.test.ts[2m > [22m[2mActionRecorder[2m > [22m[2mEventListener Integration[2m > [22m[2mshould restart EventListener when resumed[22m[39m
[ActionRecorder] Synced metadata to background

[90mstdout[2m | tests/unit/action-recorder.test.ts[2m > [22m[2mActionRecorder[2m > [22m[2mState Queries[2m > [22m[2mshould return current state[22m[39m
[ActionRecorder] Synced metadata to background

[90mstdout[2m | tests/unit/action-recorder.test.ts[2m > [22m[2mActionRecorder[2m > [22m[2mState Queries[2m > [22m[2mshould return metadata when recording[22m[39m
[ActionRecorder] Synced metadata to background

[90mstdout[2m | tests/unit/action-recorder.test.ts[2m > [22m[2mActionRecorder[2m > [22m[2mState Queries[2m > [22m[2mshould return null metadata after stopping[22m[39m
[ActionRecorder] Synced metadata to background

[90mstdout[2m | tests/unit/action-recorder.test.ts[2m > [22m[2mActionRecorder[2m > [22m[2mState Queries[2m > [22m[2mshould return action count[22m[39m
[ActionRecorder] Synced metadata to background

[90mstdout[2m | tests/unit/action-recorder.test.ts[2m > [22m[2mActionRecorder[2m > [22m[2mEdge Cases[2m > [22m[2mshould handle rapid start/stop cycles[22m[39m
[ActionRecorder] Synced metadata to background
[ActionRecorder] Synced metadata to background
[ActionRecorder] Synced metadata to background

[90mstdout[2m | tests/unit/action-recorder.test.ts[2m > [22m[2mActionRecorder[2m > [22m[2mEdge Cases[2m > [22m[2mshould handle pause/resume cycles[22m[39m
[ActionRecorder] Synced metadata to background

[90mstdout[2m | tests/unit/action-recorder.test.ts[2m > [22m[2mActionRecorder[2m > [22m[2mEdge Cases[2m > [22m[2mshould clear actions between recordings[22m[39m
[ActionRecorder] Synced metadata to background
[ActionRecorder] Synced metadata to background

[90mstdout[2m | tests/unit/action-recorder.test.ts[2m > [22m[2mActionRecorder[2m > [22m[2mError Handling[2m > [22m[2mshould handle sendMessage exception in syncActionToBackground[22m[39m
[ActionRecorder] Synced metadata to background

 [32m✓[39m tests/unit/action-recorder.test.ts [2m ([22m[2m33 tests[22m[2m)[22m[90m 75[2mms[22m[39m
[90mstdout[2m | tests/unit/selector-generator-carousel.test.ts[2m > [22m[2mSelectorGenerator - Carousel Detection[2m > [22m[2mgenerateCarouselSelectors[2m > [22m[2mshould generate container-scoped CSS selector for carousel arrows[22m[39m
[SelectorGenerator] Generated carousel selectors: {
  containerType: [32m'nth-child'[39m,
  containerSelector: [32m'ul#listings_cn > li:nth-child(5)'[39m,
  containerIndex: [33m4[39m,
  css: [32m'ul#listings_cn > li:nth-child(5) > span.content__body__item-img-arrow.next'[39m,
  xpath: [32m"//ul#listings_cn/li[5]/descendant::span[contains(@class, 'img-arrow') and contains(@class, 'next')]/descendant::svg[1]"[39m,
  priority: [ [32m'css'[39m, [32m'xpathAbsolute'[39m, [32m'position'[39m, [32m'xpath'[39m ]
}

[90mstdout[2m | tests/unit/selector-generator-carousel.test.ts[2m > [22m[2mSelectorGenerator - Carousel Detection[2m > [22m[2mgenerateCarouselSelectors[2m > [22m[2mshould prioritize xpathAbsolute for carousel elements[22m[39m
[SelectorGenerator] Generated carousel selectors: {
  containerType: [32m'id'[39m,
  containerSelector: [32m'#carousel-123'[39m,
  containerIndex: [90mundefined[39m,
  css: [32m'#carousel-123 > button.swiper-button-next'[39m,
  xpath: [32m'//button[contains(@class, "swiper-button-next")]'[39m,
  priority: [ [32m'css'[39m, [32m'xpathAbsolute'[39m, [32m'position'[39m, [32m'xpath'[39m ]
}

[90mstdout[2m | tests/unit/selector-generator-carousel.test.ts[2m > [22m[2mSelectorGenerator - Carousel Detection[2m > [22m[2mgenerateCarouselSelectors[2m > [22m[2mshould include position selector with parent context[22m[39m
[SelectorGenerator] Generated carousel selectors: {
  containerType: [32m'id'[39m,
  containerSelector: [32m'#product-123'[39m,
  containerIndex: [90mundefined[39m,
  css: [32m'#product-123 > div.carousel-wrapper > span.arrow-next'[39m,
  xpath: [32m'//span[contains(@class, "arrow-next")]'[39m,
  priority: [ [32m'css'[39m, [32m'xpathAbsolute'[39m, [32m'position'[39m, [32m'xpath'[39m ]
}

[90mstdout[2m | tests/unit/selector-generator-carousel.test.ts[2m > [22m[2mSelectorGenerator - Carousel Detection[2m > [22m[2mgenerateCarouselSelectors[2m > [22m[2mshould generate unique selectors for each carousel in a list[22m[39m
[SelectorGenerator] Generated carousel selectors: {
  containerType: [32m'nth-child'[39m,
  containerSelector: [32m'ul#products > li:nth-child(1)'[39m,
  containerIndex: [33m0[39m,
  css: [32m'ul#products > li:nth-child(1) > button.carousel-next'[39m,
  xpath: [32m"//ul#products/li[1]/descendant::span[contains(@class, 'img-arrow') and contains(@class, 'next')]/descendant::svg[1]"[39m,
  priority: [ [32m'css'[39m, [32m'xpathAbsolute'[39m, [32m'position'[39m, [32m'xpath'[39m ]
}
[SelectorGenerator] Generated carousel selectors: {
  containerType: [32m'nth-child'[39m,
  containerSelector: [32m'ul#products > li:nth-child(2)'[39m,
  containerIndex: [33m1[39m,
  css: [32m'ul#products > li:nth-child(2) > button.carousel-next'[39m,
  xpath: [32m"//ul#products/li[2]/descendant::span[contains(@class, 'img-arrow') and contains(@class, 'next')]/descendant::svg[1]"[39m,
  priority: [ [32m'css'[39m, [32m'xpathAbsolute'[39m, [32m'position'[39m, [32m'xpath'[39m ]
}
[SelectorGenerator] Generated carousel selectors: {
  containerType: [32m'nth-child'[39m,
  containerSelector: [32m'ul#products > li:nth-child(3)'[39m,
  containerIndex: [33m2[39m,
  css: [32m'ul#products > li:nth-child(3) > button.carousel-next'[39m,
  xpath: [32m"//ul#products/li[3]/descendant::span[contains(@class, 'img-arrow') and contains(@class, 'next')]/descendant::svg[1]"[39m,
  priority: [ [32m'css'[39m, [32m'xpathAbsolute'[39m, [32m'position'[39m, [32m'xpath'[39m ]
}

 [32m✓[39m tests/unit/selector-generator.test.ts [2m ([22m[2m33 tests[22m[2m)[22m[90m 173[2mms[22m[39m
 [33m❯[39m tests/unit/selector-generator-carousel.test.ts [2m ([22m[2m28 tests[22m [2m|[22m [31m2 failed[39m[2m)[22m[90m 199[2mms[22m[39m
[31m   [33m❯[31m tests/unit/selector-generator-carousel.test.ts[2m > [22mSelectorGenerator - Carousel Detection[2m > [22mgenerateCarouselSelectors[2m > [22mshould generate container-scoped CSS selector for carousel arrows[39m
[31m     → expected 'css' to be 'xpathAbsolute' // Object.is equality[39m
[31m   [33m❯[31m tests/unit/selector-generator-carousel.test.ts[2m > [22mSelectorGenerator - Carousel Detection[2m > [22mgenerateCarouselSelectors[2m > [22mshould prioritize xpathAbsolute for carousel elements[39m
[31m     → expected 'css' to be 'xpathAbsolute' // Object.is equality[39m
[90mstdout[2m | tests/unit/event-listener.test.ts[2m > [22m[2mEventListener[2m > [22m[2mClick Events[2m > [22m[2mshould capture click events with full context[22m[39m
[ModalTracker] 🚀 Started modal tracking
[EventListener] 🔽 Dropdown observer started
[EventListener] Started listening (with modal tracking)
[EventListener] Submit button detected - starting AJAX detection: { tagName: [32m'BUTTON'[39m, type: [32m'submit'[39m, className: [32m''[39m, hasForm: [33mfalse[39m }
[ElementState] button#test-button: {
  visible: [33mfalse[39m,
  imageLoaded: [32m'N/A'[39m,
  networkIdle: [33mtrue[39m,
  parentVisible: [33mtrue[39m
}
[EventListener] 🔍 Starting form navigation detection: {
  urlBefore: [32m'http://localhost:3000/'[39m,
  formAction: [32m'none'[39m,
  formMethod: [32m'none'[39m
}
[EventListener] 🔽 Dropdown observer stopped

[90mstdout[2m | tests/unit/event-listener.test.ts[2m > [22m[2mEventListener[2m > [22m[2mClick Events[2m > [22m[2mshould capture coordinates relative to element[22m[39m
[ModalTracker] 🚀 Started modal tracking
[EventListener] 🔽 Dropdown observer started
[EventListener] Started listening (with modal tracking)
[EventListener] Submit button detected - starting AJAX detection: { tagName: [32m'BUTTON'[39m, type: [32m'submit'[39m, className: [32m''[39m, hasForm: [33mfalse[39m }
[ElementState] button: {
  visible: [33mfalse[39m,
  imageLoaded: [32m'N/A'[39m,
  networkIdle: [33mtrue[39m,
  parentVisible: [33mtrue[39m
}
[EventListener] 🔍 Starting form navigation detection: {
  urlBefore: [32m'http://localhost:3000/'[39m,
  formAction: [32m'none'[39m,
  formMethod: [32m'none'[39m
}
[EventListener] 🔽 Dropdown observer stopped

[90mstdout[2m | tests/unit/event-listener.test.ts[2m > [22m[2mEventListener[2m > [22m[2mClick Events[2m > [22m[2mshould capture modifier keys on clicks[22m[39m
[ModalTracker] 🚀 Started modal tracking
[EventListener] 🔽 Dropdown observer started
[EventListener] Started listening (with modal tracking)
[EventListener] Submit button detected - starting AJAX detection: { tagName: [32m'BUTTON'[39m, type: [32m'submit'[39m, className: [32m''[39m, hasForm: [33mfalse[39m }
[ElementState] button: {
  visible: [33mfalse[39m,
  imageLoaded: [32m'N/A'[39m,
  networkIdle: [33mtrue[39m,
  parentVisible: [33mtrue[39m
}
[EventListener] 🔍 Starting form navigation detection: {
  urlBefore: [32m'http://localhost:3000/'[39m,
  formAction: [32m'none'[39m,
  formMethod: [32m'none'[39m
}
[EventListener] 🔽 Dropdown observer stopped

[90mstdout[2m | tests/unit/event-listener.test.ts[2m > [22m[2mEventListener[2m > [22m[2mClick Events[2m > [22m[2mshould detect double-clicks[22m[39m
[ModalTracker] 🚀 Started modal tracking
[EventListener] 🔽 Dropdown observer started
[EventListener] Started listening (with modal tracking)
[EventListener] Submit button detected - starting AJAX detection: { tagName: [32m'BUTTON'[39m, type: [32m'submit'[39m, className: [32m''[39m, hasForm: [33mfalse[39m }
[ElementState] button: {
  visible: [33mfalse[39m,
  imageLoaded: [32m'N/A'[39m,
  networkIdle: [33mtrue[39m,
  parentVisible: [33mtrue[39m
}
[EventListener] 🔍 Starting form navigation detection: {
  urlBefore: [32m'http://localhost:3000/'[39m,
  formAction: [32m'none'[39m,
  formMethod: [32m'none'[39m
}
[EventListener] 🔄 Updating pending click to double-click (clickCount=2)
[EventListener] Updated act_001 clickCount to 2
[EventListener] 🔽 Dropdown observer stopped

[90mstdout[2m | tests/unit/event-listener.test.ts[2m > [22m[2mEventListener[2m > [22m[2mClick Events[2m > [22m[2mshould capture right-click events[22m[39m
[ModalTracker] 🚀 Started modal tracking
[EventListener] 🔽 Dropdown observer started
[EventListener] Started listening (with modal tracking)
[EventListener] Submit button detected - starting AJAX detection: { tagName: [32m'BUTTON'[39m, type: [32m'submit'[39m, className: [32m''[39m, hasForm: [33mfalse[39m }
[ElementState] button: {
  visible: [33mfalse[39m,
  imageLoaded: [32m'N/A'[39m,
  networkIdle: [33mtrue[39m,
  parentVisible: [33mtrue[39m
}
[EventListener] 🔍 Starting form navigation detection: {
  urlBefore: [32m'http://localhost:3000/'[39m,
  formAction: [32m'none'[39m,
  formMethod: [32m'none'[39m
}
[EventListener] 🔽 Dropdown observer stopped

[90mstdout[2m | tests/unit/event-listener.test.ts[2m > [22m[2mEventListener[2m > [22m[2mClick Events[2m > [22m[2mshould ignore clicks on non-interactive elements without handlers[22m[39m
[ModalTracker] 🚀 Started modal tracking
[EventListener] 🔽 Dropdown observer started
[EventListener] Started listening (with modal tracking)
[EventListener] 🔽 Dropdown observer stopped

[90mstdout[2m | tests/unit/event-listener.test.ts[2m > [22m[2mEventListener[2m > [22m[2mInput Events[2m > [22m[2mshould capture input events with value[22m[39m
[ModalTracker] 🚀 Started modal tracking
[EventListener] 🔽 Dropdown observer started
[EventListener] Started listening (with modal tracking)
[EventListener] 🟢 LAYER 2: Attached MutationObserver: username
[EventListener] 🟢 LAYER 3: Started polling field: username
[EventListener] ✨ Input focused - ALL 3 LAYERS ACTIVE: username
[EventListener] 🎯 onInput called: {
  id: [32m'username'[39m,
  name: [32m'no-name'[39m,
  type: [32m'text'[39m,
  value: [32m'"testuser..."'[39m,
  valueLength: [33m8[39m
}

[90mstdout[2m | tests/unit/event-listener.test.ts[2m > [22m[2mEventListener[2m > [22m[2mInput Events[2m > [22m[2mshould capture input events with value[22m[39m
[EventListener] ✅ Form navigation detection complete: {
  urlBefore: [32m'http://localhost:3000/'[39m,
  urlAfter: [32m'http://localhost:3000/'[39m,
  didNavigate: [33mfalse[39m,
  detectionMethod: [32m'url-comparison'[39m,
  confidence: [32m'100% (actual behavior measured)'[39m
}
[EventListener] ⚠️ Detection complete but listener stopped, ignoring result

[90mstdout[2m | tests/unit/event-listener.test.ts[2m > [22m[2mEventListener[2m > [22m[2mInput Events[2m > [22m[2mshould capture input events with value[22m[39m
[EventListener] ✅ Form navigation detection complete: {
  urlBefore: [32m'http://localhost:3000/'[39m,
  urlAfter: [32m'http://localhost:3000/'[39m,
  didNavigate: [33mfalse[39m,
  detectionMethod: [32m'url-comparison'[39m,
  confidence: [32m'100% (actual behavior measured)'[39m
}
[EventListener] ⚠️ Detection complete but listener stopped, ignoring result

[90mstdout[2m | tests/unit/event-listener.test.ts[2m > [22m[2mEventListener[2m > [22m[2mInput Events[2m > [22m[2mshould capture input events with value[22m[39m
[EventListener] 🔴 LAYER 3: Polling detected value change: { field: [32m'username'[39m, oldValue: [32m''[39m, newValue: [32m'testuser'[39m }
[EventListener] 🎯 onInput called: {
  id: [32m'username'[39m,
  name: [32m'no-name'[39m,
  type: [32m'text'[39m,
  value: [32m'"testuser..."'[39m,
  valueLength: [33m8[39m
}

[90mstdout[2m | tests/unit/event-listener.test.ts[2m > [22m[2mEventListener[2m > [22m[2mInput Events[2m > [22m[2mshould capture input events with value[22m[39m
[EventListener] ✅ Form navigation detection complete: {
  urlBefore: [32m'http://localhost:3000/'[39m,
  urlAfter: [32m'http://localhost:3000/'[39m,
  didNavigate: [33mfalse[39m,
  detectionMethod: [32m'url-comparison'[39m,
  confidence: [32m'100% (actual behavior measured)'[39m
}
[EventListener] ⚠️ Detection complete but listener stopped, ignoring result

[90mstdout[2m | tests/unit/event-listener.test.ts[2m > [22m[2mEventListener[2m > [22m[2mInput Events[2m > [22m[2mshould capture input events with value[22m[39m
[EventListener] ✅ Form navigation detection complete: {
  urlBefore: [32m'http://localhost:3000/'[39m,
  urlAfter: [32m'http://localhost:3000/'[39m,
  didNavigate: [33mfalse[39m,
  detectionMethod: [32m'url-comparison'[39m,
  confidence: [32m'100% (actual behavior measured)'[39m
}
[EventListener] ⚠️ Detection complete but listener stopped, ignoring result

[90mstdout[2m | tests/unit/event-listener.test.ts[2m > [22m[2mEventListener[2m > [22m[2mInput Events[2m > [22m[2mshould capture input events with value[22m[39m
[EventListener] ✅ Form navigation detection complete: {
  urlBefore: [32m'http://localhost:3000/'[39m,
  urlAfter: [32m'http://localhost:3000/'[39m,
  didNavigate: [33mfalse[39m,
  detectionMethod: [32m'url-comparison'[39m,
  confidence: [32m'100% (actual behavior measured)'[39m
}
[EventListener] ⚠️ Detection complete but listener stopped, ignoring result

[90mstdout[2m | tests/unit/event-listener.test.ts[2m > [22m[2mEventListener[2m > [22m[2mInput Events[2m > [22m[2mshould capture input events with value[22m[39m
[ElementState] input#username: {
  visible: [33mfalse[39m,
  imageLoaded: [32m'N/A'[39m,
  networkIdle: [33mtrue[39m,
  parentVisible: [33mtrue[39m
}
[EventListener] ⛔ LAYER 2: Detached MutationObserver: username
[EventListener] ⛔ LAYER 3: Stopped polling
[EventListener] Input flushed: {
  element: [32m'username'[39m,
  startTime: [33m1766484002954[39m,
  delay: [33m665[39m,
  typingDelay: [33m102[39m
}
[EventListener] 🔽 Dropdown observer stopped

[90mstdout[2m | tests/unit/event-listener.test.ts[2m > [22m[2mEventListener[2m > [22m[2mInput Events[2m > [22m[2mshould debounce rapid input events[22m[39m
[ModalTracker] 🚀 Started modal tracking
[EventListener] 🔽 Dropdown observer started
[EventListener] Started listening (with modal tracking)
[EventListener] 🟢 LAYER 2: Attached MutationObserver: 
[EventListener] 🟢 LAYER 3: Started polling field: 
[EventListener] ✨ Input focused - ALL 3 LAYERS ACTIVE: 
[EventListener] 🎯 onInput called: {
  id: [32m'no-id'[39m,
  name: [32m'no-name'[39m,
  type: [32m'text'[39m,
  value: [32m'"t..."'[39m,
  valueLength: [33m1[39m
}
[EventListener] 🎯 onInput called: {
  id: [32m'no-id'[39m,
  name: [32m'no-name'[39m,
  type: [32m'text'[39m,
  value: [32m'"te..."'[39m,
  valueLength: [33m2[39m
}
[EventListener] 🎯 onInput called: {
  id: [32m'no-id'[39m,
  name: [32m'no-name'[39m,
  type: [32m'text'[39m,
  value: [32m'"tes..."'[39m,
  valueLength: [33m3[39m
}
[EventListener] 🎯 onInput called: {
  id: [32m'no-id'[39m,
  name: [32m'no-name'[39m,
  type: [32m'text'[39m,
  value: [32m'"test..."'[39m,
  valueLength: [33m4[39m
}

[90mstdout[2m | tests/unit/event-listener.test.ts[2m > [22m[2mEventListener[2m > [22m[2mInput Events[2m > [22m[2mshould debounce rapid input events[22m[39m
[EventListener] 🔴 LAYER 3: Polling detected value change: { field: [32m''[39m, oldValue: [32m''[39m, newValue: [32m'test'[39m }
[EventListener] 🎯 onInput called: {
  id: [32m'no-id'[39m,
  name: [32m'no-name'[39m,
  type: [32m'text'[39m,
  value: [32m'"test..."'[39m,
  valueLength: [33m4[39m
}

 [32m✓[39m tests/unit/actions.test.ts [2m ([22m[2m8 tests[22m[2m)[22m[90m 5[2mms[22m[39m
 [32m✓[39m tests/unit/storage.test.ts [2m ([22m[2m12 tests[22m[2m)[22m[90m 20[2mms[22m[39m
[90mstdout[2m | tests/unit/event-listener.test.ts[2m > [22m[2mEventListener[2m > [22m[2mInput Events[2m > [22m[2mshould debounce rapid input events[22m[39m
[ElementState] input: {
  visible: [33mfalse[39m,
  imageLoaded: [32m'N/A'[39m,
  networkIdle: [33mtrue[39m,
  parentVisible: [33mtrue[39m
}
[EventListener] ⛔ LAYER 2: Detached MutationObserver: 
[EventListener] ⛔ LAYER 3: Stopped polling
[EventListener] Input flushed: { element: [32m''[39m, startTime: [33m1766484003625[39m, delay: [33m653[39m, typingDelay: [33m25[39m }
[EventListener] 🔽 Dropdown observer stopped

[90mstdout[2m | tests/unit/event-listener.test.ts[2m > [22m[2mEventListener[2m > [22m[2mInput Events[2m > [22m[2mshould capture typing delay for simulation[22m[39m
[ModalTracker] 🚀 Started modal tracking
[EventListener] 🔽 Dropdown observer started
[EventListener] Started listening (with modal tracking)
[EventListener] 🟢 LAYER 2: Attached MutationObserver: 
[EventListener] 🟢 LAYER 3: Started polling field: 
[EventListener] ✨ Input focused - ALL 3 LAYERS ACTIVE: 
[EventListener] 🎯 onInput called: {
  id: [32m'no-id'[39m,
  name: [32m'no-name'[39m,
  type: [32m'text'[39m,
  value: [32m'"hello..."'[39m,
  valueLength: [33m5[39m
}

[90mstdout[2m | tests/unit/event-listener.test.ts[2m > [22m[2mEventListener[2m > [22m[2mInput Events[2m > [22m[2mshould capture typing delay for simulation[22m[39m
[EventListener] 🔴 LAYER 3: Polling detected value change: { field: [32m''[39m, oldValue: [32m''[39m, newValue: [32m'hello'[39m }
[EventListener] 🎯 onInput called: {
  id: [32m'no-id'[39m,
  name: [32m'no-name'[39m,
  type: [32m'text'[39m,
  value: [32m'"hello..."'[39m,
  valueLength: [33m5[39m
}

[90mstdout[2m | tests/unit/event-listener.test.ts[2m > [22m[2mEventListener[2m > [22m[2mInput Events[2m > [22m[2mshould capture typing delay for simulation[22m[39m
[EventListener] 🔥 Flushing pending inputs before stop
[ElementState] input: {
  visible: [33mfalse[39m,
  imageLoaded: [32m'N/A'[39m,
  networkIdle: [33mtrue[39m,
  parentVisible: [33mtrue[39m
}
[EventListener] ⛔ LAYER 2: Detached MutationObserver: 
[EventListener] ⛔ LAYER 3: Stopped polling
[EventListener] Input flushed: { element: [32m''[39m, startTime: [33m1766484004295[39m, delay: [33m612[39m, typingDelay: [33m100[39m }
[EventListener] 🔽 Dropdown observer stopped

[90mstdout[2m | tests/unit/event-listener.test.ts[2m > [22m[2mEventListener[2m > [22m[2mInput Events[2m > [22m[2mshould detect sensitive input fields and store actual password[22m[39m
[ModalTracker] 🚀 Started modal tracking
[EventListener] 🔽 Dropdown observer started
[EventListener] Started listening (with modal tracking)
[EventListener] 🟢 LAYER 2: Attached MutationObserver: password
[EventListener] 🟢 LAYER 3: Started polling field: password
[EventListener] ✨ Input focused - ALL 3 LAYERS ACTIVE: password
[EventListener] 🎯 onInput called: {
  id: [32m'password'[39m,
  name: [32m'no-name'[39m,
  type: [32m'password'[39m,
  value: [32m'"secret123..."'[39m,
  valueLength: [33m9[39m
}
[EventListener] 🔥 Flushing pending inputs before stop
[ElementState] input#password: {
  visible: [33mfalse[39m,
  imageLoaded: [32m'N/A'[39m,
  networkIdle: [33mtrue[39m,
  parentVisible: [33mtrue[39m
}
[EventListener] ⛔ LAYER 2: Detached MutationObserver: password
[EventListener] ⛔ LAYER 3: Stopped polling
[EventListener] Input flushed: {
  element: [32m'password'[39m,
  startTime: [33m1766484004908[39m,
  delay: [33m11[39m,
  typingDelay: [33m50[39m
}
[EventListener] 🔽 Dropdown observer stopped

[90mstdout[2m | tests/unit/event-listener.test.ts[2m > [22m[2mEventListener[2m > [22m[2mSelect Events[2m > [22m[2mshould capture basic select dropdown changes[22m[39m
[ModalTracker] 🚀 Started modal tracking
[EventListener] 🔽 Dropdown observer started
[EventListener] Started listening (with modal tracking)
[ElementState] select#country: {
  visible: [33mfalse[39m,
  imageLoaded: [32m'N/A'[39m,
  networkIdle: [33mtrue[39m,
  parentVisible: [33mtrue[39m
}
[EventListener] Recorded select change: country → "United Kingdom"
[EventListener] 🔽 Dropdown observer stopped

[90mstdout[2m | tests/unit/event-listener.test.ts[2m > [22m[2mEventListener[2m > [22m[2mSelect Events[2m > [22m[2mshould handle multi-select dropdowns[22m[39m
[ModalTracker] 🚀 Started modal tracking
[EventListener] 🔽 Dropdown observer started
[EventListener] Started listening (with modal tracking)
[ElementState] select#tags: {
  visible: [33mfalse[39m,
  imageLoaded: [32m'N/A'[39m,
  networkIdle: [33mtrue[39m,
  parentVisible: [33mtrue[39m
}
[EventListener] Recorded multi-select change: tags → ["Tag 1", "Tag 3"]
[EventListener] 🔽 Dropdown observer stopped

[90mstdout[2m | tests/unit/event-listener.test.ts[2m > [22m[2mEventListener[2m > [22m[2mSelect Events[2m > [22m[2mshould skip disabled select elements[22m[39m
[ModalTracker] 🚀 Started modal tracking
[EventListener] 🔽 Dropdown observer started
[EventListener] Started listening (with modal tracking)
[EventListener] 🔽 Dropdown observer stopped

[90mstdout[2m | tests/unit/event-listener.test.ts[2m > [22m[2mEventListener[2m > [22m[2mSelect Events[2m > [22m[2mshould skip empty select elements[22m[39m
[ModalTracker] 🚀 Started modal tracking
[EventListener] 🔽 Dropdown observer started
[EventListener] Started listening (with modal tracking)
[EventListener] 🔽 Dropdown observer stopped

[90mstdout[2m | tests/unit/event-listener.test.ts[2m > [22m[2mEventListener[2m > [22m[2mSelect Events[2m > [22m[2mshould skip select with no selected option[22m[39m
[ModalTracker] 🚀 Started modal tracking
[EventListener] 🔽 Dropdown observer started
[EventListener] Started listening (with modal tracking)
[EventListener] 🔽 Dropdown observer stopped

[90mstdout[2m | tests/unit/event-listener.test.ts[2m > [22m[2mEventListener[2m > [22m[2mSelect Events[2m > [22m[2mshould skip hidden select elements[22m[39m
[ModalTracker] 🚀 Started modal tracking
[EventListener] 🔽 Dropdown observer started
[EventListener] Started listening (with modal tracking)
[EventListener] 🔽 Dropdown observer stopped

[90mstdout[2m | tests/unit/event-listener.test.ts[2m > [22m[2mEventListener[2m > [22m[2mSelect Events[2m > [22m[2mshould handle select with label attribute[22m[39m
[ModalTracker] 🚀 Started modal tracking
[EventListener] 🔽 Dropdown observer started
[EventListener] Started listening (with modal tracking)
[ElementState] select#country: {
  visible: [33mfalse[39m,
  imageLoaded: [32m'N/A'[39m,
  networkIdle: [33mtrue[39m,
  parentVisible: [33mtrue[39m
}
[EventListener] Recorded select change: country → "UK"
[EventListener] 🔽 Dropdown observer stopped

[90mstdout[2m | tests/unit/event-listener.test.ts[2m > [22m[2mEventListener[2m > [22m[2mSelect Events[2m > [22m[2mshould include element state and wait conditions[22m[39m
[ModalTracker] 🚀 Started modal tracking
[EventListener] 🔽 Dropdown observer started
[EventListener] Started listening (with modal tracking)
[ElementState] select#country: {
  visible: [33mfalse[39m,
  imageLoaded: [32m'N/A'[39m,
  networkIdle: [33mtrue[39m,
  parentVisible: [33mtrue[39m
}
[EventListener] Recorded select change: country → "United States"
[EventListener] 🔽 Dropdown observer stopped

[90mstdout[2m | tests/unit/event-listener.test.ts[2m > [22m[2mEventListener[2m > [22m[2mSelect Element Right-Click Fix[2m > [22m[2mshould correct false right-click with suspicious coordinates to left-click[22m[39m
[ModalTracker] 🚀 Started modal tracking
[EventListener] 🔽 Dropdown observer started
[EventListener] Started listening (with modal tracking)
[ElementState] select#test-select: {
  visible: [33mfalse[39m,
  imageLoaded: [32m'N/A'[39m,
  networkIdle: [33mtrue[39m,
  parentVisible: [33mtrue[39m
}
[Test] Synthetic right-click corrected: left
[EventListener] 🔽 Dropdown observer stopped

[90mstdout[2m | tests/unit/event-listener.test.ts[2m > [22m[2mEventListener[2m > [22m[2mSelect Element Right-Click Fix[2m > [22m[2mshould correct false right-click with negative coordinates to left-click[22m[39m
[ModalTracker] 🚀 Started modal tracking
[EventListener] 🔽 Dropdown observer started
[EventListener] Started listening (with modal tracking)
[ElementState] select#test-select: {
  visible: [33mfalse[39m,
  imageLoaded: [32m'N/A'[39m,
  networkIdle: [33mtrue[39m,
  parentVisible: [33mtrue[39m
}
[EventListener] 🔽 Dropdown observer stopped

[90mstdout[2m | tests/unit/event-listener.test.ts[2m > [22m[2mEventListener[2m > [22m[2mSelect Element Right-Click Fix[2m > [22m[2mshould preserve genuine right-click with normal coordinates[22m[39m
[ModalTracker] 🚀 Started modal tracking
[EventListener] 🔽 Dropdown observer started
[EventListener] Started listening (with modal tracking)
[EventListener] Preserving genuine right-click on <select> element (coords: 50.00, 30.00)
[ElementState] select#test-select: {
  visible: [33mfalse[39m,
  imageLoaded: [32m'N/A'[39m,
  networkIdle: [33mtrue[39m,
  parentVisible: [33mtrue[39m
}
[Test] Genuine right-click preserved: right
[EventListener] 🔽 Dropdown observer stopped

[90mstdout[2m | tests/unit/event-listener.test.ts[2m > [22m[2mEventListener[2m > [22m[2mSelect Element Right-Click Fix[2m > [22m[2mshould handle left-clicks on select normally[22m[39m
[ModalTracker] 🚀 Started modal tracking
[EventListener] 🔽 Dropdown observer started
[EventListener] Started listening (with modal tracking)
[ElementState] select#test-select: {
  visible: [33mfalse[39m,
  imageLoaded: [32m'N/A'[39m,
  networkIdle: [33mtrue[39m,
  parentVisible: [33mtrue[39m
}
[EventListener] 🔽 Dropdown observer stopped

[90mstdout[2m | tests/unit/event-listener.test.ts[2m > [22m[2mEventListener[2m > [22m[2mSelect Element Right-Click Fix[2m > [22m[2mshould not affect right-clicks on non-select elements[22m[39m
[ModalTracker] 🚀 Started modal tracking
[EventListener] 🔽 Dropdown observer started
[EventListener] Started listening (with modal tracking)
[EventListener] Submit button detected - starting AJAX detection: { tagName: [32m'BUTTON'[39m, type: [32m'submit'[39m, className: [32m''[39m, hasForm: [33mfalse[39m }
[ElementState] button#test-button: {
  visible: [33mfalse[39m,
  imageLoaded: [32m'N/A'[39m,
  networkIdle: [33mtrue[39m,
  parentVisible: [33mtrue[39m
}
[EventListener] 🔍 Starting form navigation detection: {
  urlBefore: [32m'http://localhost:3000/'[39m,
  formAction: [32m'none'[39m,
  formMethod: [32m'none'[39m
}
[EventListener] 🔽 Dropdown observer stopped

[90mstdout[2m | tests/unit/event-listener.test.ts[2m > [22m[2mEventListener[2m > [22m[2mSelect Element Right-Click Fix[2m > [22m[2mshould handle multiple rapid clicks on select correctly[22m[39m
[ModalTracker] 🚀 Started modal tracking
[EventListener] 🔽 Dropdown observer started
[EventListener] Started listening (with modal tracking)
[ElementState] select#test-select: {
  visible: [33mfalse[39m,
  imageLoaded: [32m'N/A'[39m,
  networkIdle: [33mtrue[39m,
  parentVisible: [33mtrue[39m
}
[EventListener] 🔽 Dropdown observer stopped

[90mstdout[2m | tests/unit/event-listener.test.ts[2m > [22m[2mEventListener[2m > [22m[2mNavigation Events[2m > [22m[2mshould capture navigation with trigger source[22m[39m
[ModalTracker] 🚀 Started modal tracking
[EventListener] 🔽 Dropdown observer started
[EventListener] Started listening (with modal tracking)
[EventListener] Back/Forward navigation detected: {
  from: [32m'http://localhost:3000/'[39m,
  to: [32m'http://localhost:3000/new-page'[39m,
  trigger: [32m'back'[39m
}
[EventListener] 🔽 Dropdown observer stopped

[90mstdout[2m | tests/unit/event-listener.test.ts[2m > [22m[2mEventListener[2m > [22m[2mNavigation Events[2m > [22m[2mshould capture navigation duration[22m[39m
[ModalTracker] 🚀 Started modal tracking
[EventListener] 🔽 Dropdown observer started
[EventListener] Started listening (with modal tracking)
[EventListener] Back/Forward navigation detected: {
  from: [32m'http://localhost:3000/'[39m,
  to: [32m'http://localhost:3000/test-page'[39m,
  trigger: [32m'back'[39m
}

[90mstdout[2m | tests/unit/event-listener.test.ts[2m > [22m[2mEventListener[2m > [22m[2mNavigation Events[2m > [22m[2mshould capture navigation duration[22m[39m
[EventListener] 🔽 Dropdown observer stopped

[90mstdout[2m | tests/unit/event-listener.test.ts[2m > [22m[2mEventListener[2m > [22m[2mForm Submit Events[2m > [22m[2mshould capture form submissions[22m[39m
[ModalTracker] 🚀 Started modal tracking
[EventListener] 🔽 Dropdown observer started
[EventListener] Started listening (with modal tracking)
[EventListener] 🔽 Dropdown observer stopped

[90mstdout[2m | tests/unit/event-listener.test.ts[2m > [22m[2mEventListener[2m > [22m[2mKeypress Events[2m > [22m[2mshould capture keypress with modifiers[22m[39m
[ModalTracker] 🚀 Started modal tracking
[EventListener] 🔽 Dropdown observer started
[EventListener] Started listening (with modal tracking)
[EventListener] 🔽 Dropdown observer stopped

[90mstdout[2m | tests/unit/event-listener.test.ts[2m > [22m[2mEventListener[2m > [22m[2mScroll Events[2m > [22m[2mshould debounce scroll events[22m[39m
[ModalTracker] 🚀 Started modal tracking
[EventListener] 🔽 Dropdown observer started
[EventListener] Started listening (with modal tracking)

[90mstdout[2m | tests/unit/event-listener.test.ts[2m > [22m[2mEventListener[2m > [22m[2mScroll Events[2m > [22m[2mshould debounce scroll events[22m[39m
[EventListener] Back/Forward navigation detected: {
  from: [32m'http://localhost:3000/test-page'[39m,
  to: [32m'http://localhost:3000/'[39m,
  trigger: [32m'back'[39m
}

[90mstdout[2m | tests/unit/event-listener.test.ts[2m > [22m[2mEventListener[2m > [22m[2mScroll Events[2m > [22m[2mshould debounce scroll events[22m[39m
[EventListener] 🔽 Dropdown observer stopped

[90mstdout[2m | tests/unit/event-listener.test.ts[2m > [22m[2mEventListener[2m > [22m[2mSmart Filtering[2m > [22m[2mshould ignore mousemove events[22m[39m
[ModalTracker] 🚀 Started modal tracking
[EventListener] 🔽 Dropdown observer started
[EventListener] Started listening (with modal tracking)
[EventListener] 🔽 Dropdown observer stopped

[90mstdout[2m | tests/unit/event-listener.test.ts[2m > [22m[2mEventListener[2m > [22m[2mSmart Filtering[2m > [22m[2mshould ignore duplicate consecutive actions[22m[39m
[ModalTracker] 🚀 Started modal tracking
[EventListener] 🔽 Dropdown observer started
[EventListener] Started listening (with modal tracking)
[EventListener] Submit button detected - starting AJAX detection: { tagName: [32m'BUTTON'[39m, type: [32m'submit'[39m, className: [32m''[39m, hasForm: [33mfalse[39m }
[ElementState] button#test: {
  visible: [33mfalse[39m,
  imageLoaded: [32m'N/A'[39m,
  networkIdle: [33mtrue[39m,
  parentVisible: [33mtrue[39m
}
[EventListener] 🔍 Starting form navigation detection: {
  urlBefore: [32m'http://localhost:3000/'[39m,
  formAction: [32m'none'[39m,
  formMethod: [32m'none'[39m
}

[90mstdout[2m | tests/unit/event-listener.test.ts[2m > [22m[2mEventListener[2m > [22m[2mSmart Filtering[2m > [22m[2mshould ignore duplicate consecutive actions[22m[39m
[EventListener] ✅ Form navigation detection complete: {
  urlBefore: [32m'http://localhost:3000/'[39m,
  urlAfter: [32m'http://localhost:3000/'[39m,
  didNavigate: [33mfalse[39m,
  detectionMethod: [32m'url-comparison'[39m,
  confidence: [32m'100% (actual behavior measured)'[39m
}
[EventListener] ⚠️ Detection complete but listener stopped, ignoring result

[90mstdout[2m | tests/unit/event-listener-carousel.test.ts[2m > [22m[2mEventListener - Carousel Detection[2m > [22m[2mCarousel click detection[2m > [22m[2mshould detect swiper carousel arrow clicks[22m[39m
[EventListener] Recording start time set to: 2025-12-23T10:00:04.077Z
[ModalTracker] 🚀 Started modal tracking
[EventListener] 🔽 Dropdown observer started
[EventListener] Started listening (with modal tracking)
[EventListener] ✅ Detected carousel control: { tagName: [32m'BUTTON'[39m, className: [32m'swiper-button-next'[39m }
[EventListener] Submit button detected - starting AJAX detection: {
  tagName: [32m'BUTTON'[39m,
  type: [32m'submit'[39m,
  className: [32m'swiper-button-next'[39m,
  hasForm: [33mfalse[39m
}
[ElementState] button.swiper-button-next: {
  visible: [33mfalse[39m,
  imageLoaded: [32m'N/A'[39m,
  networkIdle: [33mtrue[39m,
  parentVisible: [33mtrue[39m
}
[EventListener] 🎠 Carousel control detected: {
  isCarouselControl: [33mtrue[39m,
  carouselType: [32m'image-gallery'[39m,
  direction: [32m'next'[39m,
  containerSelector: [1mnull[22m,
  affectsElement: [90mundefined[39m,
  carouselLibrary: [32m'swiper'[39m,
  detectionMethod: [32m'framework'[39m,
  confidence: [33m95[39m,
  isCustomImplementation: [33mfalse[39m,
  isDisabled: [33mfalse[39m,
  pageType: [32m'unknown'[39m
}
[EventListener] 🔍 Starting form navigation detection: {
  urlBefore: [32m'http://localhost:3000/'[39m,
  formAction: [32m'none'[39m,
  formMethod: [32m'none'[39m
}

[90mstdout[2m | tests/unit/event-listener-carousel.test.ts[2m > [22m[2mEventListener - Carousel Detection[2m > [22m[2mCarousel click detection[2m > [22m[2mshould detect custom carousel arrow clicks[22m[39m
[EventListener] Recording start time set to: 2025-12-23T10:00:04.293Z
[ModalTracker] 🚀 Started modal tracking
[EventListener] 🔽 Dropdown observer started
[EventListener] Started listening (with modal tracking)
[EventListener] ✅ Detected carousel control: { tagName: [32m'SPAN'[39m, className: [32m'img-arrow next'[39m }
[SelectorGenerator] Generated carousel selectors: {
  containerType: [32m'nth-child'[39m,
  containerSelector: [32m'body > .listing-item:nth-child(1)'[39m,
  containerIndex: [33m0[39m,
  css: [32m'body > .listing-item:nth-child(1) > span.img-arrow.next'[39m,
  xpath: [32m'//span[contains(@class, "img-arrow") and contains(@class, "next")]'[39m,
  priority: [ [32m'css'[39m, [32m'xpathAbsolute'[39m, [32m'position'[39m, [32m'xpath'[39m ]
}
[ElementState] span.img-arrow.next: {
  visible: [33mfalse[39m,
  imageLoaded: [32m'N/A'[39m,
  networkIdle: [33mtrue[39m,
  parentVisible: [33mtrue[39m
}
[EventListener] 🎠 Carousel control detected: {
  isCarouselControl: [33mtrue[39m,
  carouselType: [32m'product-gallery'[39m,
  direction: [32m'next'[39m,
  containerSelector: [32m'body > .listing-item:nth-child(1)'[39m,
  affectsElement: [90mundefined[39m,
  carouselLibrary: [90mundefined[39m,
  detectionMethod: [32m'pattern'[39m,
  confidence: [33m90[39m,
  isCustomImplementation: [33mtrue[39m,
  isDisabled: [33mfalse[39m,
  pageType: [32m'unknown'[39m
}
[Duplicate] Filtered accidental carousel double-tap (111ms)
[EventListener] Skipping duplicate action: click act_002
[EventListener] ✅ Detected carousel control: { tagName: [32m'SPAN'[39m, className: [32m'img-arrow next'[39m }
[SelectorGenerator] Generated carousel selectors: {
  containerType: [32m'nth-child'[39m,
  containerSelector: [32m'body > .listing-item:nth-child(1)'[39m,
  containerIndex: [33m0[39m,
  css: [32m'body > .listing-item:nth-child(1) > span.img-arrow.next'[39m,
  xpath: [32m'//span[contains(@class, "img-arrow") and contains(@class, "next")]'[39m,
  priority: [ [32m'css'[39m, [32m'xpathAbsolute'[39m, [32m'position'[39m, [32m'xpath'[39m ]
}
[ElementState] span.img-arrow.next: {
  visible: [33mfalse[39m,
  imageLoaded: [32m'N/A'[39m,
  networkIdle: [33mtrue[39m,
  parentVisible: [33mtrue[39m
}
[EventListener] 🎠 Carousel control detected: {
  isCarouselControl: [33mtrue[39m,
  carouselType: [32m'product-gallery'[39m,
  direction: [32m'next'[39m,
  containerSelector: [32m'body > .listing-item:nth-child(1)'[39m,
  affectsElement: [90mundefined[39m,
  carouselLibrary: [90mundefined[39m,
  detectionMethod: [32m'pattern'[39m,
  confidence: [33m90[39m,
  isCustomImplementation: [33mtrue[39m,
  isDisabled: [33mfalse[39m,
  pageType: [32m'unknown'[39m
}

[90mstdout[2m | tests/unit/event-listener-carousel.test.ts[2m > [22m[2mEventListener - Carousel Detection[2m > [22m[2mCarousel click detection[2m > [22m[2mshould not detect regular button clicks as carousel[22m[39m
[EventListener] Recording start time set to: 2025-12-23T10:00:04.412Z
[ModalTracker] 🚀 Started modal tracking
[EventListener] 🔽 Dropdown observer started
[EventListener] Started listening (with modal tracking)
[EventListener] Submit button detected - starting AJAX detection: {
  tagName: [32m'BUTTON'[39m,
  type: [32m'submit'[39m,
  className: [32m'submit-btn'[39m,
  hasForm: [33mfalse[39m
}
[ElementState] button.submit-btn: {
  visible: [33mfalse[39m,
  imageLoaded: [32m'N/A'[39m,
  networkIdle: [33mtrue[39m,
  parentVisible: [33mtrue[39m
}
[EventListener] 🔍 Starting form navigation detection: {
  urlBefore: [32m'http://localhost:3000/'[39m,
  formAction: [32m'none'[39m,
  formMethod: [32m'none'[39m
}
[Duplicate] Blocked duplicate form submit (171ms)
[EventListener] Skipping duplicate action: click act_003
[EventListener] Submit button detected - starting AJAX detection: {
  tagName: [32m'BUTTON'[39m,
  type: [32m'submit'[39m,
  className: [32m'submit-btn'[39m,
  hasForm: [33mfalse[39m
}
[ElementState] button.submit-btn: {
  visible: [33mfalse[39m,
  imageLoaded: [32m'N/A'[39m,
  networkIdle: [33mtrue[39m,
  parentVisible: [33mtrue[39m
}
[EventListener] 🔍 Starting form navigation detection: {
  urlBefore: [32m'http://localhost:3000/'[39m,
  formAction: [32m'none'[39m,
  formMethod: [32m'none'[39m
}
[Duplicate] Blocked duplicate form submit (56ms)
[EventListener] Skipping duplicate action: click act_002
[EventListener] Submit button detected - starting AJAX detection: {
  tagName: [32m'BUTTON'[39m,
  type: [32m'submit'[39m,
  className: [32m'submit-btn'[39m,
  hasForm: [33mfalse[39m
}
[ElementState] button.submit-btn: {
  visible: [33mfalse[39m,
  imageLoaded: [32m'N/A'[39m,
  networkIdle: [33mtrue[39m,
  parentVisible: [33mtrue[39m
}
[EventListener] 🔍 Starting form navigation detection: {
  urlBefore: [32m'http://localhost:3000/'[39m,
  formAction: [32m'none'[39m,
  formMethod: [32m'none'[39m
}
[ActionDependency] Terminal action detected: { id: [32m'act_001'[39m, intent: [32m'checkout-complete'[39m }

[90mstdout[2m | tests/unit/event-listener-carousel.test.ts[2m > [22m[2mEventListener - Carousel Detection[2m > [22m[2mCarousel context generation[2m > [22m[2mshould detect "next" direction from class name[22m[39m
[EventListener] Recording start time set to: 2025-12-23T10:00:04.477Z
[ModalTracker] 🚀 Started modal tracking
[EventListener] 🔽 Dropdown observer started
[EventListener] Started listening (with modal tracking)
[EventListener] ✅ Detected carousel control: { tagName: [32m'BUTTON'[39m, className: [32m'carousel-control-next'[39m }
[EventListener] Submit button detected - starting AJAX detection: {
  tagName: [32m'BUTTON'[39m,
  type: [32m'submit'[39m,
  className: [32m'carousel-control-next'[39m,
  hasForm: [33mfalse[39m
}
[ElementState] button.carousel-control-next: {
  visible: [33mfalse[39m,
  imageLoaded: [32m'N/A'[39m,
  networkIdle: [33mtrue[39m,
  parentVisible: [33mtrue[39m
}
[EventListener] 🎠 Carousel control detected: {
  isCarouselControl: [33mtrue[39m,
  carouselType: [32m'image-gallery'[39m,
  direction: [32m'next'[39m,
  containerSelector: [1mnull[22m,
  affectsElement: [90mundefined[39m,
  carouselLibrary: [32m'bootstrap'[39m,
  detectionMethod: [32m'framework'[39m,
  confidence: [33m95[39m,
  isCustomImplementation: [33mfalse[39m,
  isDisabled: [33mfalse[39m,
  pageType: [32m'hero-banner'[39m
}
[EventListener] 🔍 Starting form navigation detection: {
  urlBefore: [32m'http://localhost:3000/'[39m,
  formAction: [32m'none'[39m,
  formMethod: [32m'none'[39m
}
[EventListener] ✅ Detected carousel control: { tagName: [32m'BUTTON'[39m, className: [32m'carousel-control-next'[39m }
[EventListener] Submit button detected - starting AJAX detection: {
  tagName: [32m'BUTTON'[39m,
  type: [32m'submit'[39m,
  className: [32m'carousel-control-next'[39m,
  hasForm: [33mfalse[39m
}
[ElementState] button.carousel-control-next: {
  visible: [33mfalse[39m,
  imageLoaded: [32m'N/A'[39m,
  networkIdle: [33mtrue[39m,
  parentVisible: [33mtrue[39m
}
[EventListener] 🎠 Carousel control detected: {
  isCarouselControl: [33mtrue[39m,
  carouselType: [32m'image-gallery'[39m,
  direction: [32m'next'[39m,
  containerSelector: [1mnull[22m,
  affectsElement: [90mundefined[39m,
  carouselLibrary: [32m'bootstrap'[39m,
  detectionMethod: [32m'framework'[39m,
  confidence: [33m95[39m,
  isCustomImplementation: [33mfalse[39m,
  isDisabled: [33mfalse[39m,
  pageType: [32m'hero-banner'[39m
}
[EventListener] 🔍 Starting form navigation detection: {
  urlBefore: [32m'http://localhost:3000/'[39m,
  formAction: [32m'none'[39m,
  formMethod: [32m'none'[39m
}
[Duplicate] Filtered accidental carousel double-tap (119ms)
[EventListener] Skipping duplicate action: click act_003
[EventListener] ✅ Detected carousel control: { tagName: [32m'BUTTON'[39m, className: [32m'carousel-control-next'[39m }
[EventListener] Submit button detected - starting AJAX detection: {
  tagName: [32m'BUTTON'[39m,
  type: [32m'submit'[39m,
  className: [32m'carousel-control-next'[39m,
  hasForm: [33mfalse[39m
}
[ElementState] button.carousel-control-next: {
  visible: [33mfalse[39m,
  imageLoaded: [32m'N/A'[39m,
  networkIdle: [33mtrue[39m,
  parentVisible: [33mtrue[39m
}
[EventListener] 🎠 Carousel control detected: {
  isCarouselControl: [33mtrue[39m,
  carouselType: [32m'image-gallery'[39m,
  direction: [32m'next'[39m,
  containerSelector: [1mnull[22m,
  affectsElement: [90mundefined[39m,
  carouselLibrary: [32m'bootstrap'[39m,
  detectionMethod: [32m'framework'[39m,
  confidence: [33m95[39m,
  isCustomImplementation: [33mfalse[39m,
  isDisabled: [33mfalse[39m,
  pageType: [32m'hero-banner'[39m
}
[EventListener] 🔍 Starting form navigation detection: {
  urlBefore: [32m'http://localhost:3000/'[39m,
  formAction: [32m'none'[39m,
  formMethod: [32m'none'[39m
}
[Duplicate] Filtered accidental carousel double-tap (67ms)
[EventListener] Skipping duplicate action: click act_002
[EventListener] ✅ Detected carousel control: { tagName: [32m'BUTTON'[39m, className: [32m'carousel-control-next'[39m }
[EventListener] Submit button detected - starting AJAX detection: {
  tagName: [32m'BUTTON'[39m,
  type: [32m'submit'[39m,
  className: [32m'carousel-control-next'[39m,
  hasForm: [33mfalse[39m
}
[ElementState] button.carousel-control-next: {
  visible: [33mfalse[39m,
  imageLoaded: [32m'N/A'[39m,
  networkIdle: [33mtrue[39m,
  parentVisible: [33mtrue[39m
}
[EventListener] 🎠 Carousel control detected: {
  isCarouselControl: [33mtrue[39m,
  carouselType: [32m'image-gallery'[39m,
  direction: [32m'next'[39m,
  containerSelector: [1mnull[22m,
  affectsElement: [90mundefined[39m,
  carouselLibrary: [32m'bootstrap'[39m,
  detectionMethod: [32m'framework'[39m,
  confidence: [33m95[39m,
  isCustomImplementation: [33mfalse[39m,
  isDisabled: [33mfalse[39m,
  pageType: [32m'hero-banner'[39m
}
[EventListener] 🔍 Starting form navigation detection: {
  urlBefore: [32m'http://localhost:3000/'[39m,
  formAction: [32m'none'[39m,
  formMethod: [32m'none'[39m
}

[90mstdout[2m | tests/unit/event-listener-carousel.test.ts[2m > [22m[2mEventListener - Carousel Detection[2m > [22m[2mCarousel context generation[2m > [22m[2mshould detect "prev" direction from class name[22m[39m
[EventListener] Recording start time set to: 2025-12-23T10:00:04.553Z
[ModalTracker] 🚀 Started modal tracking
[EventListener] 🔽 Dropdown observer started
[EventListener] Started listening (with modal tracking)
[EventListener] ✅ Detected carousel control: { tagName: [32m'BUTTON'[39m, className: [32m'carousel-control-prev'[39m }
[EventListener] Submit button detected - starting AJAX detection: {
  tagName: [32m'BUTTON'[39m,
  type: [32m'submit'[39m,
  className: [32m'carousel-control-prev'[39m,
  hasForm: [33mfalse[39m
}
[ElementState] button.carousel-control-prev: {
  visible: [33mfalse[39m,
  imageLoaded: [32m'N/A'[39m,
  networkIdle: [33mtrue[39m,
  parentVisible: [33mtrue[39m
}
[EventListener] 🎠 Carousel control detected: {
  isCarouselControl: [33mtrue[39m,
  carouselType: [32m'image-gallery'[39m,
  direction: [32m'prev'[39m,
  containerSelector: [1mnull[22m,
  affectsElement: [90mundefined[39m,
  carouselLibrary: [32m'bootstrap'[39m,
  detectionMethod: [32m'framework'[39m,
  confidence: [33m95[39m,
  isCustomImplementation: [33mfalse[39m,
  isDisabled: [33mfalse[39m,
  pageType: [32m'hero-banner'[39m
}
[EventListener] 🔍 Starting form navigation detection: {
  urlBefore: [32m'http://localhost:3000/'[39m,
  formAction: [32m'none'[39m,
  formMethod: [32m'none'[39m
}
[Duplicate] Filtered accidental carousel double-tap (75ms)
[EventListener] Skipping duplicate action: click act_005
[EventListener] ✅ Detected carousel control: { tagName: [32m'BUTTON'[39m, className: [32m'carousel-control-prev'[39m }
[EventListener] Submit button detected - starting AJAX detection: {
  tagName: [32m'BUTTON'[39m,
  type: [32m'submit'[39m,
  className: [32m'carousel-control-prev'[39m,
  hasForm: [33mfalse[39m
}
[ElementState] button.carousel-control-prev: {
  visible: [33mfalse[39m,
  imageLoaded: [32m'N/A'[39m,
  networkIdle: [33mtrue[39m,
  parentVisible: [33mtrue[39m
}
[EventListener] 🎠 Carousel control detected: {
  isCarouselControl: [33mtrue[39m,
  carouselType: [32m'image-gallery'[39m,
  direction: [32m'prev'[39m,
  containerSelector: [1mnull[22m,
  affectsElement: [90mundefined[39m,
  carouselLibrary: [32m'bootstrap'[39m,
  detectionMethod: [32m'framework'[39m,
  confidence: [33m95[39m,
  isCustomImplementation: [33mfalse[39m,
  isDisabled: [33mfalse[39m,
  pageType: [32m'hero-banner'[39m
}
[EventListener] 🔍 Starting form navigation detection: {
  urlBefore: [32m'http://localhost:3000/'[39m,
  formAction: [32m'none'[39m,
  formMethod: [32m'none'[39m
}
[EventListener] Allowing carousel click (197ms): { direction: [32m'prev'[39m }
[EventListener] ✅ Detected carousel control: { tagName: [32m'BUTTON'[39m, className: [32m'carousel-control-prev'[39m }
[EventListener] Submit button detected - starting AJAX detection: {
  tagName: [32m'BUTTON'[39m,
  type: [32m'submit'[39m,
  className: [32m'carousel-control-prev'[39m,
  hasForm: [33mfalse[39m
}
[ElementState] button.carousel-control-prev: {
  visible: [33mfalse[39m,
  imageLoaded: [32m'N/A'[39m,
  networkIdle: [33mtrue[39m,
  parentVisible: [33mtrue[39m
}
[EventListener] 🎠 Carousel control detected: {
  isCarouselControl: [33mtrue[39m,
  carouselType: [32m'image-gallery'[39m,
  direction: [32m'prev'[39m,
  containerSelector: [1mnull[22m,
  affectsElement: [90mundefined[39m,
  carouselLibrary: [32m'bootstrap'[39m,
  detectionMethod: [32m'framework'[39m,
  confidence: [33m95[39m,
  isCustomImplementation: [33mfalse[39m,
  isDisabled: [33mfalse[39m,
  pageType: [32m'hero-banner'[39m
}
[EventListener] 🔍 Starting form navigation detection: {
  urlBefore: [32m'http://localhost:3000/'[39m,
  formAction: [32m'none'[39m,
  formMethod: [32m'none'[39m
}
[Duplicate] Filtered accidental carousel double-tap (140ms)
[EventListener] Skipping duplicate action: click act_003
[EventListener] ✅ Detected carousel control: { tagName: [32m'BUTTON'[39m, className: [32m'carousel-control-prev'[39m }
[EventListener] Submit button detected - starting AJAX detection: {
  tagName: [32m'BUTTON'[39m,
  type: [32m'submit'[39m,
  className: [32m'carousel-control-prev'[39m,
  hasForm: [33mfalse[39m
}
[ElementState] button.carousel-control-prev: {
  visible: [33mfalse[39m,
  imageLoaded: [32m'N/A'[39m,
  networkIdle: [33mtrue[39m,
  parentVisible: [33mtrue[39m
}
[EventListener] 🎠 Carousel control detected: {
  isCarouselControl: [33mtrue[39m,
  carouselType: [32m'image-gallery'[39m,
  direction: [32m'prev'[39m,
  containerSelector: [1mnull[22m,
  affectsElement: [90mundefined[39m,
  carouselLibrary: [32m'bootstrap'[39m,
  detectionMethod: [32m'framework'[39m,
  confidence: [33m95[39m,
  isCustomImplementation: [33mfalse[39m,
  isDisabled: [33mfalse[39m,
  pageType: [32m'hero-banner'[39m
}
[EventListener] 🔍 Starting form navigation detection: {
  urlBefore: [32m'http://localhost:3000/'[39m,
  formAction: [32m'none'[39m,
  formMethod: [32m'none'[39m
}
[Duplicate] Filtered accidental carousel double-tap (72ms)
[EventListener] Skipping duplicate action: click act_002
[EventListener] ✅ Detected carousel control: { tagName: [32m'BUTTON'[39m, className: [32m'carousel-control-prev'[39m }
[EventListener] Submit button detected - starting AJAX detection: {
  tagName: [32m'BUTTON'[39m,
  type: [32m'submit'[39m,
  className: [32m'carousel-control-prev'[39m,
  hasForm: [33mfalse[39m
}
[ElementState] button.carousel-control-prev: {
  visible: [33mfalse[39m,
  imageLoaded: [32m'N/A'[39m,
  networkIdle: [33mtrue[39m,
  parentVisible: [33mtrue[39m
}
[EventListener] 🎠 Carousel control detected: {
  isCarouselControl: [33mtrue[39m,
  carouselType: [32m'image-gallery'[39m,
  direction: [32m'prev'[39m,
  containerSelector: [1mnull[22m,
  affectsElement: [90mundefined[39m,
  carouselLibrary: [32m'bootstrap'[39m,
  detectionMethod: [32m'framework'[39m,
  confidence: [33m95[39m,
  isCustomImplementation: [33mfalse[39m,
  isDisabled: [33mfalse[39m,
  pageType: [32m'hero-banner'[39m
}
[EventListener] 🔍 Starting form navigation detection: {
  urlBefore: [32m'http://localhost:3000/'[39m,
  formAction: [32m'none'[39m,
  formMethod: [32m'none'[39m
}

[90mstdout[2m | tests/unit/event-listener-carousel.test.ts[2m > [22m[2mEventListener - Carousel Detection[2m > [22m[2mCarousel context generation[2m > [22m[2mshould detect carousel library from class name[22m[39m
[EventListener] Recording start time set to: 2025-12-23T10:00:04.635Z
[ModalTracker] 🚀 Started modal tracking
[EventListener] 🔽 Dropdown observer started
[EventListener] Started listening (with modal tracking)
[EventListener] ✅ Detected carousel control: { tagName: [32m'BUTTON'[39m, className: [32m'swiper-button-next'[39m }
[EventListener] Submit button detected - starting AJAX detection: {
  tagName: [32m'BUTTON'[39m,
  type: [32m'submit'[39m,
  className: [32m'swiper-button-next'[39m,
  hasForm: [33mfalse[39m
}
[ElementState] button.swiper-button-next: {
  visible: [33mfalse[39m,
  imageLoaded: [32m'N/A'[39m,
  networkIdle: [33mtrue[39m,
  parentVisible: [33mtrue[39m
}
[EventListener] 🎠 Carousel control detected: {
  isCarouselControl: [33mtrue[39m,
  carouselType: [32m'image-gallery'[39m,
  direction: [32m'next'[39m,
  containerSelector: [1mnull[22m,
  affectsElement: [90mundefined[39m,
  carouselLibrary: [32m'swiper'[39m,
  detectionMethod: [32m'framework'[39m,
  confidence: [33m95[39m,
  isCustomImplementation: [33mfalse[39m,
  isDisabled: [33mfalse[39m,
  pageType: [32m'hero-banner'[39m
}
[EventListener] 🔍 Starting form navigation detection: {
  urlBefore: [32m'http://localhost:3000/'[39m,
  formAction: [32m'none'[39m,
  formMethod: [32m'none'[39m
}
[EventListener] Allowing carousel click (150ms): { direction: [32m'next'[39m }
[EventListener] ✅ Detected carousel control: { tagName: [32m'BUTTON'[39m, className: [32m'swiper-button-next'[39m }
[EventListener] Submit button detected - starting AJAX detection: {
  tagName: [32m'BUTTON'[39m,
  type: [32m'submit'[39m,
  className: [32m'swiper-button-next'[39m,
  hasForm: [33mfalse[39m
}
[ElementState] button.swiper-button-next: {
  visible: [33mfalse[39m,
  imageLoaded: [32m'N/A'[39m,
  networkIdle: [33mtrue[39m,
  parentVisible: [33mtrue[39m
}
[EventListener] 🎠 Carousel control detected: {
  isCarouselControl: [33mtrue[39m,
  carouselType: [32m'image-gallery'[39m,
  direction: [32m'next'[39m,
  containerSelector: [1mnull[22m,
  affectsElement: [90mundefined[39m,
  carouselLibrary: [32m'swiper'[39m,
  detectionMethod: [32m'framework'[39m,
  confidence: [33m95[39m,
  isCustomImplementation: [33mfalse[39m,
  isDisabled: [33mfalse[39m,
  pageType: [32m'hero-banner'[39m
}
[EventListener] 🔍 Starting form navigation detection: {
  urlBefore: [32m'http://localhost:3000/'[39m,
  formAction: [32m'none'[39m,
  formMethod: [32m'none'[39m
}
[Duplicate] Filtered accidental carousel double-tap (73ms)
[EventListener] Skipping duplicate action: click act_005
[EventListener] ✅ Detected carousel control: { tagName: [32m'BUTTON'[39m, className: [32m'swiper-button-next'[39m }
[EventListener] Submit button detected - starting AJAX detection: {
  tagName: [32m'BUTTON'[39m,
  type: [32m'submit'[39m,
  className: [32m'swiper-button-next'[39m,
  hasForm: [33mfalse[39m
}
[ElementState] button.swiper-button-next: {
  visible: [33mfalse[39m,
  imageLoaded: [32m'N/A'[39m,
  networkIdle: [33mtrue[39m,
  parentVisible: [33mtrue[39m
}
[EventListener] 🎠 Carousel control detected: {
  isCarouselControl: [33mtrue[39m,
  carouselType: [32m'image-gallery'[39m,
  direction: [32m'next'[39m,
  containerSelector: [1mnull[22m,
  affectsElement: [90mundefined[39m,
  carouselLibrary: [32m'swiper'[39m,
  detectionMethod: [32m'framework'[39m,
  confidence: [33m95[39m,
  isCustomImplementation: [33mfalse[39m,
  isDisabled: [33mfalse[39m,
  pageType: [32m'hero-banner'[39m
}
[EventListener] 🔍 Starting form navigation detection: {
  urlBefore: [32m'http://localhost:3000/'[39m,
  formAction: [32m'none'[39m,
  formMethod: [32m'none'[39m
}
[EventListener] ✅ Detected carousel control: { tagName: [32m'BUTTON'[39m, className: [32m'swiper-button-next'[39m }
[EventListener] Submit button detected - starting AJAX detection: {
  tagName: [32m'BUTTON'[39m,
  type: [32m'submit'[39m,
  className: [32m'swiper-button-next'[39m,
  hasForm: [33mfalse[39m
}
[ElementState] button.swiper-button-next: {
  visible: [33mfalse[39m,
  imageLoaded: [32m'N/A'[39m,
  networkIdle: [33mtrue[39m,
  parentVisible: [33mtrue[39m
}
[EventListener] 🎠 Carousel control detected: {
  isCarouselControl: [33mtrue[39m,
  carouselType: [32m'image-gallery'[39m,
  direction: [32m'next'[39m,
  containerSelector: [1mnull[22m,
  affectsElement: [90mundefined[39m,
  carouselLibrary: [32m'swiper'[39m,
  detectionMethod: [32m'framework'[39m,
  confidence: [33m95[39m,
  isCustomImplementation: [33mfalse[39m,
  isDisabled: [33mfalse[39m,
  pageType: [32m'hero-banner'[39m
}
[EventListener] 🔍 Starting form navigation detection: {
  urlBefore: [32m'http://localhost:3000/'[39m,
  formAction: [32m'none'[39m,
  formMethod: [32m'none'[39m
}
[Duplicate] Filtered accidental carousel double-tap (143ms)
[EventListener] Skipping duplicate action: click act_003
[EventListener] ✅ Detected carousel control: { tagName: [32m'BUTTON'[39m, className: [32m'swiper-button-next'[39m }
[EventListener] Submit button detected - starting AJAX detection: {
  tagName: [32m'BUTTON'[39m,
  type: [32m'submit'[39m,
  className: [32m'swiper-button-next'[39m,
  hasForm: [33mfalse[39m
}
[ElementState] button.swiper-button-next: {
  visible: [33mfalse[39m,
  imageLoaded: [32m'N/A'[39m,
  networkIdle: [33mtrue[39m,
  parentVisible: [33mtrue[39m
}
[EventListener] 🎠 Carousel control detected: {
  isCarouselControl: [33mtrue[39m,
  carouselType: [32m'image-gallery'[39m,
  direction: [32m'next'[39m,
  containerSelector: [1mnull[22m,
  affectsElement: [90mundefined[39m,
  carouselLibrary: [32m'swiper'[39m,
  detectionMethod: [32m'framework'[39m,
  confidence: [33m95[39m,
  isCustomImplementation: [33mfalse[39m,
  isDisabled: [33mfalse[39m,
  pageType: [32m'hero-banner'[39m
}
[EventListener] 🔍 Starting form navigation detection: {
  urlBefore: [32m'http://localhost:3000/'[39m,
  formAction: [32m'none'[39m,
  formMethod: [32m'none'[39m
}
[Duplicate] Filtered accidental carousel double-tap (68ms)
[EventListener] Skipping duplicate action: click act_002
[EventListener] ✅ Detected carousel control: { tagName: [32m'BUTTON'[39m, className: [32m'swiper-button-next'[39m }
[EventListener] Submit button detected - starting AJAX detection: {
  tagName: [32m'BUTTON'[39m,
  type: [32m'submit'[39m,
  className: [32m'swiper-button-next'[39m,
  hasForm: [33mfalse[39m
}
[ElementState] button.swiper-button-next: {
  visible: [33mfalse[39m,
  imageLoaded: [32m'N/A'[39m,
  networkIdle: [33mtrue[39m,
  parentVisible: [33mtrue[39m
}
[EventListener] 🎠 Carousel control detected: {
  isCarouselControl: [33mtrue[39m,
  carouselType: [32m'image-gallery'[39m,
  direction: [32m'next'[39m,
  containerSelector: [1mnull[22m,
  affectsElement: [90mundefined[39m,
  carouselLibrary: [32m'swiper'[39m,
  detectionMethod: [32m'framework'[39m,
  confidence: [33m95[39m,
  isCustomImplementation: [33mfalse[39m,
  isDisabled: [33mfalse[39m,
  pageType: [32m'hero-banner'[39m
}
[EventListener] 🔍 Starting form navigation detection: {
  urlBefore: [32m'http://localhost:3000/'[39m,
  formAction: [32m'none'[39m,
  formMethod: [32m'none'[39m
}

[90mstdout[2m | tests/unit/event-listener-carousel.test.ts[2m > [22m[2mEventListener - Carousel Detection[2m > [22m[2mCarousel context generation[2m > [22m[2mshould detect bootstrap carousel library[22m[39m
[EventListener] Recording start time set to: 2025-12-23T10:00:04.710Z
[ModalTracker] 🚀 Started modal tracking
[EventListener] 🔽 Dropdown observer started
[EventListener] Started listening (with modal tracking)
[EventListener] ✅ Detected carousel control: { tagName: [32m'BUTTON'[39m, className: [32m'carousel-control-next'[39m }
[EventListener] Submit button detected - starting AJAX detection: {
  tagName: [32m'BUTTON'[39m,
  type: [32m'submit'[39m,
  className: [32m'carousel-control-next'[39m,
  hasForm: [33mfalse[39m
}
[ElementState] button.carousel-control-next: {
  visible: [33mfalse[39m,
  imageLoaded: [32m'N/A'[39m,
  networkIdle: [33mtrue[39m,
  parentVisible: [33mtrue[39m
}
[EventListener] 🎠 Carousel control detected: {
  isCarouselControl: [33mtrue[39m,
  carouselType: [32m'image-gallery'[39m,
  direction: [32m'next'[39m,
  containerSelector: [1mnull[22m,
  affectsElement: [90mundefined[39m,
  carouselLibrary: [32m'bootstrap'[39m,
  detectionMethod: [32m'framework'[39m,
  confidence: [33m95[39m,
  isCustomImplementation: [33mfalse[39m,
  isDisabled: [33mfalse[39m,
  pageType: [32m'hero-banner'[39m
}
[EventListener] 🔍 Starting form navigation detection: {
  urlBefore: [32m'http://localhost:3000/'[39m,
  formAction: [32m'none'[39m,
  formMethod: [32m'none'[39m
}
[Duplicate] Filtered accidental carousel double-tap (71ms)
[EventListener] Skipping duplicate action: click act_007
[EventListener] ✅ Detected carousel control: { tagName: [32m'BUTTON'[39m, className: [32m'carousel-control-next'[39m }
[EventListener] Submit button detected - starting AJAX detection: {
  tagName: [32m'BUTTON'[39m,
  type: [32m'submit'[39m,
  className: [32m'carousel-control-next'[39m,
  hasForm: [33mfalse[39m
}
[ElementState] button.carousel-control-next: {
  visible: [33mfalse[39m,
  imageLoaded: [32m'N/A'[39m,
  networkIdle: [33mtrue[39m,
  parentVisible: [33mtrue[39m
}
[EventListener] 🎠 Carousel control detected: {
  isCarouselControl: [33mtrue[39m,
  carouselType: [32m'image-gallery'[39m,
  direction: [32m'next'[39m,
  containerSelector: [1mnull[22m,
  affectsElement: [90mundefined[39m,
  carouselLibrary: [32m'bootstrap'[39m,
  detectionMethod: [32m'framework'[39m,
  confidence: [33m95[39m,
  isCustomImplementation: [33mfalse[39m,
  isDisabled: [33mfalse[39m,
  pageType: [32m'hero-banner'[39m
}
[EventListener] 🔍 Starting form navigation detection: {
  urlBefore: [32m'http://localhost:3000/'[39m,
  formAction: [32m'none'[39m,
  formMethod: [32m'none'[39m
}
[Duplicate] Filtered accidental carousel double-tap (144ms)
[EventListener] Skipping duplicate action: click act_006
[EventListener] ✅ Detected carousel control: { tagName: [32m'BUTTON'[39m, className: [32m'carousel-control-next'[39m }
[EventListener] Submit button detected - starting AJAX detection: {
  tagName: [32m'BUTTON'[39m,
  type: [32m'submit'[39m,
  className: [32m'carousel-control-next'[39m,
  hasForm: [33mfalse[39m
}
[ElementState] button.carousel-control-next: {
  visible: [33mfalse[39m,
  imageLoaded: [32m'N/A'[39m,
  networkIdle: [33mtrue[39m,
  parentVisible: [33mtrue[39m
}
[EventListener] 🎠 Carousel control detected: {
  isCarouselControl: [33mtrue[39m,
  carouselType: [32m'image-gallery'[39m,
  direction: [32m'next'[39m,
  containerSelector: [1mnull[22m,
  affectsElement: [90mundefined[39m,
  carouselLibrary: [32m'bootstrap'[39m,
  detectionMethod: [32m'framework'[39m,
  confidence: [33m95[39m,
  isCustomImplementation: [33mfalse[39m,
  isDisabled: [33mfalse[39m,
  pageType: [32m'hero-banner'[39m
}
[EventListener] 🔍 Starting form navigation detection: {
  urlBefore: [32m'http://localhost:3000/'[39m,
  formAction: [32m'none'[39m,
  formMethod: [32m'none'[39m
}
[Duplicate] Filtered accidental carousel double-tap (72ms)
[EventListener] Skipping duplicate action: click act_005
[EventListener] ✅ Detected carousel control: { tagName: [32m'BUTTON'[39m, className: [32m'carousel-control-next'[39m }
[EventListener] Submit button detected - starting AJAX detection: {
  tagName: [32m'BUTTON'[39m,
  type: [32m'submit'[39m,
  className: [32m'carousel-control-next'[39m,
  hasForm: [33mfalse[39m
}
[ElementState] button.carousel-control-next: {
  visible: [33mfalse[39m,
  imageLoaded: [32m'N/A'[39m,
  networkIdle: [33mtrue[39m,
  parentVisible: [33mtrue[39m
}
[EventListener] 🎠 Carousel control detected: {
  isCarouselControl: [33mtrue[39m,
  carouselType: [32m'image-gallery'[39m,
  direction: [32m'next'[39m,
  containerSelector: [1mnull[22m,
  affectsElement: [90mundefined[39m,
  carouselLibrary: [32m'bootstrap'[39m,
  detectionMethod: [32m'framework'[39m,
  confidence: [33m95[39m,
  isCustomImplementation: [33mfalse[39m,
  isDisabled: [33mfalse[39m,
  pageType: [32m'hero-banner'[39m
}
[EventListener] 🔍 Starting form navigation detection: {
  urlBefore: [32m'http://localhost:3000/'[39m,
  formAction: [32m'none'[39m,
  formMethod: [32m'none'[39m
}
[EventListener] ✅ Detected carousel control: { tagName: [32m'BUTTON'[39m, className: [32m'carousel-control-next'[39m }
[EventListener] Submit button detected - starting AJAX detection: {
  tagName: [32m'BUTTON'[39m,
  type: [32m'submit'[39m,
  className: [32m'carousel-control-next'[39m,
  hasForm: [33mfalse[39m
}
[ElementState] button.carousel-control-next: {
  visible: [33mfalse[39m,
  imageLoaded: [32m'N/A'[39m,
  networkIdle: [33mtrue[39m,
  parentVisible: [33mtrue[39m
}
[EventListener] 🎠 Carousel control detected: {
  isCarouselControl: [33mtrue[39m,
  carouselType: [32m'image-gallery'[39m,
  direction: [32m'next'[39m,
  containerSelector: [1mnull[22m,
  affectsElement: [90mundefined[39m,
  carouselLibrary: [32m'bootstrap'[39m,
  detectionMethod: [32m'framework'[39m,
  confidence: [33m95[39m,
  isCustomImplementation: [33mfalse[39m,
  isDisabled: [33mfalse[39m,
  pageType: [32m'hero-banner'[39m
}
[EventListener] 🔍 Starting form navigation detection: {
  urlBefore: [32m'http://localhost:3000/'[39m,
  formAction: [32m'none'[39m,
  formMethod: [32m'none'[39m
}
[Duplicate] Filtered accidental carousel double-tap (142ms)
[EventListener] Skipping duplicate action: click act_003
[EventListener] ✅ Detected carousel control: { tagName: [32m'BUTTON'[39m, className: [32m'carousel-control-next'[39m }
[EventListener] Submit button detected - starting AJAX detection: {
  tagName: [32m'BUTTON'[39m,
  type: [32m'submit'[39m,
  className: [32m'carousel-control-next'[39m,
  hasForm: [33mfalse[39m
}
[ElementState] button.carousel-control-next: {
  visible: [33mfalse[39m,
  imageLoaded: [32m'N/A'[39m,
  networkIdle: [33mtrue[39m,
  parentVisible: [33mtrue[39m
}
[EventListener] 🎠 Carousel control detected: {
  isCarouselControl: [33mtrue[39m,
  carouselType: [32m'image-gallery'[39m,
  direction: [32m'next'[39m,
  containerSelector: [1mnull[22m,
  affectsElement: [90mundefined[39m,
  carouselLibrary: [32m'bootstrap'[39m,
  detectionMethod: [32m'framework'[39m,
  confidence: [33m95[39m,
  isCustomImplementation: [33mfalse[39m,
  isDisabled: [33mfalse[39m,
  pageType: [32m'hero-banner'[39m
}
[EventListener] 🔍 Starting form navigation detection: {
  urlBefore: [32m'http://localhost:3000/'[39m,
  formAction: [32m'none'[39m,
  formMethod: [32m'none'[39m
}
[Duplicate] Filtered accidental carousel double-tap (72ms)
[EventListener] Skipping duplicate action: click act_002
[EventListener] ✅ Detected carousel control: { tagName: [32m'BUTTON'[39m, className: [32m'carousel-control-next'[39m }
[EventListener] Submit button detected - starting AJAX detection: {
  tagName: [32m'BUTTON'[39m,
  type: [32m'submit'[39m,
  className: [32m'carousel-control-next'[39m,
  hasForm: [33mfalse[39m
}
[ElementState] button.carousel-control-next: {
  visible: [33mfalse[39m,
  imageLoaded: [32m'N/A'[39m,
  networkIdle: [33mtrue[39m,
  parentVisible: [33mtrue[39m
}
[EventListener] 🎠 Carousel control detected: {
  isCarouselControl: [33mtrue[39m,
  carouselType: [32m'image-gallery'[39m,
  direction: [32m'next'[39m,
  containerSelector: [1mnull[22m,
  affectsElement: [90mundefined[39m,
  carouselLibrary: [32m'bootstrap'[39m,
  detectionMethod: [32m'framework'[39m,
  confidence: [33m95[39m,
  isCustomImplementation: [33mfalse[39m,
  isDisabled: [33mfalse[39m,
  pageType: [32m'hero-banner'[39m
}
[EventListener] 🔍 Starting form navigation detection: {
  urlBefore: [32m'http://localhost:3000/'[39m,
  formAction: [32m'none'[39m,
  formMethod: [32m'none'[39m
}

[90mstdout[2m | tests/unit/event-listener-carousel.test.ts[2m > [22m[2mEventListener - Carousel Detection[2m > [22m[2mCarousel context generation[2m > [22m[2mshould detect product gallery carousel type[22m[39m
[EventListener] Recording start time set to: 2025-12-23T10:00:04.790Z
[ModalTracker] 🚀 Started modal tracking
[EventListener] 🔽 Dropdown observer started
[EventListener] Started listening (with modal tracking)
[EventListener] Submit button detected - starting AJAX detection: {
  tagName: [32m'BUTTON'[39m,
  type: [32m'submit'[39m,
  className: [32m'carousel-next'[39m,
  hasForm: [33mfalse[39m
}
[ElementState] button.carousel-next: {
  visible: [33mfalse[39m,
  imageLoaded: [32m'N/A'[39m,
  networkIdle: [33mtrue[39m,
  parentVisible: [33mtrue[39m
}
[EventListener] 🔍 Starting form navigation detection: {
  urlBefore: [32m'http://localhost:3000/'[39m,
  formAction: [32m'none'[39m,
  formMethod: [32m'none'[39m
}
[Duplicate] Blocked duplicate form submit (152ms)
[EventListener] Skipping duplicate action: click act_008
[EventListener] Submit button detected - starting AJAX detection: {
  tagName: [32m'BUTTON'[39m,
  type: [32m'submit'[39m,
  className: [32m'carousel-next'[39m,
  hasForm: [33mfalse[39m
}
[ElementState] button.carousel-next: {
  visible: [33mfalse[39m,
  imageLoaded: [32m'N/A'[39m,
  networkIdle: [33mtrue[39m,
  parentVisible: [33mtrue[39m
}
[EventListener] 🔍 Starting form navigation detection: {
  urlBefore: [32m'http://localhost:3000/'[39m,
  formAction: [32m'none'[39m,
  formMethod: [32m'none'[39m
}
[EventListener] Submit button detected - starting AJAX detection: {
  tagName: [32m'BUTTON'[39m,
  type: [32m'submit'[39m,
  className: [32m'carousel-next'[39m,
  hasForm: [33mfalse[39m
}
[ElementState] button.carousel-next: {
  visible: [33mfalse[39m,
  imageLoaded: [32m'N/A'[39m,
  networkIdle: [33mtrue[39m,
  parentVisible: [33mtrue[39m
}
[EventListener] 🔍 Starting form navigation detection: {
  urlBefore: [32m'http://localhost:3000/'[39m,
  formAction: [32m'none'[39m,
  formMethod: [32m'none'[39m
}
[Duplicate] Blocked duplicate form submit (148ms)
[EventListener] Skipping duplicate action: click act_006
[EventListener] Submit button detected - starting AJAX detection: {
  tagName: [32m'BUTTON'[39m,
  type: [32m'submit'[39m,
  className: [32m'carousel-next'[39m,
  hasForm: [33mfalse[39m
}
[ElementState] button.carousel-next: {
  visible: [33mfalse[39m,
  imageLoaded: [32m'N/A'[39m,
  networkIdle: [33mtrue[39m,
  parentVisible: [33mtrue[39m
}
[EventListener] 🔍 Starting form navigation detection: {
  urlBefore: [32m'http://localhost:3000/'[39m,
  formAction: [32m'none'[39m,
  formMethod: [32m'none'[39m
}
[Duplicate] Blocked duplicate form submit (74ms)
[EventListener] Skipping duplicate action: click act_005
[EventListener] Submit button detected - starting AJAX detection: {
  tagName: [32m'BUTTON'[39m,
  type: [32m'submit'[39m,
  className: [32m'carousel-next'[39m,
  hasForm: [33mfalse[39m
}
[ElementState] button.carousel-next: {
  visible: [33mfalse[39m,
  imageLoaded: [32m'N/A'[39m,
  networkIdle: [33mtrue[39m,
  parentVisible: [33mtrue[39m
}
[EventListener] 🔍 Starting form navigation detection: {
  urlBefore: [32m'http://localhost:3000/'[39m,
  formAction: [32m'none'[39m,
  formMethod: [32m'none'[39m
}
[EventListener] Submit button detected - starting AJAX detection: {
  tagName: [32m'BUTTON'[39m,
  type: [32m'submit'[39m,
  className: [32m'carousel-next'[39m,
  hasForm: [33mfalse[39m
}
[ElementState] button.carousel-next: {
  visible: [33mfalse[39m,
  imageLoaded: [32m'N/A'[39m,
  networkIdle: [33mtrue[39m,
  parentVisible: [33mtrue[39m
}
[EventListener] 🔍 Starting form navigation detection: {
  urlBefore: [32m'http://localhost:3000/'[39m,
  formAction: [32m'none'[39m,
  formMethod: [32m'none'[39m
}
[Duplicate] Blocked duplicate form submit (149ms)
[EventListener] Skipping duplicate action: click act_003
[EventListener] Submit button detected - starting AJAX detection: {
  tagName: [32m'BUTTON'[39m,
  type: [32m'submit'[39m,
  className: [32m'carousel-next'[39m,
  hasForm: [33mfalse[39m
}
[ElementState] button.carousel-next: {
  visible: [33mfalse[39m,
  imageLoaded: [32m'N/A'[39m,
  networkIdle: [33mtrue[39m,
  parentVisible: [33mtrue[39m
}
[EventListener] 🔍 Starting form navigation detection: {
  urlBefore: [32m'http://localhost:3000/'[39m,
  formAction: [32m'none'[39m,
  formMethod: [32m'none'[39m
}
[Duplicate] Blocked duplicate form submit (76ms)
[EventListener] Skipping duplicate action: click act_002
[EventListener] Submit button detected - starting AJAX detection: {
  tagName: [32m'BUTTON'[39m,
  type: [32m'submit'[39m,
  className: [32m'carousel-next'[39m,
  hasForm: [33mfalse[39m
}
[ElementState] button.carousel-next: {
  visible: [33mfalse[39m,
  imageLoaded: [32m'N/A'[39m,
  networkIdle: [33mtrue[39m,
  parentVisible: [33mtrue[39m
}
[EventListener] 🔍 Starting form navigation detection: {
  urlBefore: [32m'http://localhost:3000/'[39m,
  formAction: [32m'none'[39m,
  formMethod: [32m'none'[39m
}

[90mstdout[2m | tests/unit/event-listener-carousel.test.ts[2m > [22m[2mEventListener - Carousel Detection[2m > [22m[2mCarousel context generation[2m > [22m[2mshould include container selector in carousel context[22m[39m
[EventListener] Recording start time set to: 2025-12-23T10:00:04.876Z
[ModalTracker] 🚀 Started modal tracking
[EventListener] 🔽 Dropdown observer started
[EventListener] Started listening (with modal tracking)
[EventListener] Submit button detected - starting AJAX detection: {
  tagName: [32m'BUTTON'[39m,
  type: [32m'submit'[39m,
  className: [32m'carousel-next'[39m,
  hasForm: [33mfalse[39m
}
[ElementState] button.carousel-next: {
  visible: [33mfalse[39m,
  imageLoaded: [32m'N/A'[39m,
  networkIdle: [33mtrue[39m,
  parentVisible: [33mtrue[39m
}
[EventListener] 🔍 Starting form navigation detection: {
  urlBefore: [32m'http://localhost:3000/'[39m,
  formAction: [32m'none'[39m,
  formMethod: [32m'none'[39m
}
[EventListener] Submit button detected - starting AJAX detection: {
  tagName: [32m'BUTTON'[39m,
  type: [32m'submit'[39m,
  className: [32m'carousel-next'[39m,
  hasForm: [33mfalse[39m
}
[ElementState] button.carousel-next: {
  visible: [33mfalse[39m,
  imageLoaded: [32m'N/A'[39m,
  networkIdle: [33mtrue[39m,
  parentVisible: [33mtrue[39m
}
[EventListener] 🔍 Starting form navigation detection: {
  urlBefore: [32m'http://localhost:3000/'[39m,
  formAction: [32m'none'[39m,
  formMethod: [32m'none'[39m
}
[Duplicate] Blocked duplicate form submit (96ms)
[EventListener] Skipping duplicate action: click act_008
[EventListener] Submit button detected - starting AJAX detection: {
  tagName: [32m'BUTTON'[39m,
  type: [32m'submit'[39m,
  className: [32m'carousel-next'[39m,
  hasForm: [33mfalse[39m
}
[ElementState] button.carousel-next: {
  visible: [33mfalse[39m,
  imageLoaded: [32m'N/A'[39m,
  networkIdle: [33mtrue[39m,
  parentVisible: [33mtrue[39m
}
[EventListener] 🔍 Starting form navigation detection: {
  urlBefore: [32m'http://localhost:3000/'[39m,
  formAction: [32m'none'[39m,
  formMethod: [32m'none'[39m
}
[EventListener] Submit button detected - starting AJAX detection: {
  tagName: [32m'BUTTON'[39m,
  type: [32m'submit'[39m,
  className: [32m'carousel-next'[39m,
  hasForm: [33mfalse[39m
}
[ElementState] button.carousel-next: {
  visible: [33mfalse[39m,
  imageLoaded: [32m'N/A'[39m,
  networkIdle: [33mtrue[39m,
  parentVisible: [33mtrue[39m
}
[EventListener] 🔍 Starting form navigation detection: {
  urlBefore: [32m'http://localhost:3000/'[39m,
  formAction: [32m'none'[39m,
  formMethod: [32m'none'[39m
}
[Duplicate] Blocked duplicate form submit (177ms)
[EventListener] Skipping duplicate action: click act_006
[EventListener] Submit button detected - starting AJAX detection: {
  tagName: [32m'BUTTON'[39m,
  type: [32m'submit'[39m,
  className: [32m'carousel-next'[39m,
  hasForm: [33mfalse[39m
}
[ElementState] button.carousel-next: {
  visible: [33mfalse[39m,
  imageLoaded: [32m'N/A'[39m,
  networkIdle: [33mtrue[39m,
  parentVisible: [33mtrue[39m
}
[EventListener] 🔍 Starting form navigation detection: {
  urlBefore: [32m'http://localhost:3000/'[39m,
  formAction: [32m'none'[39m,
  formMethod: [32m'none'[39m
}
[Duplicate] Blocked duplicate form submit (104ms)
[EventListener] Skipping duplicate action: click act_005
[EventListener] Submit button detected - starting AJAX detection: {
  tagName: [32m'BUTTON'[39m,
  type: [32m'submit'[39m,
  className: [32m'carousel-next'[39m,
  hasForm: [33mfalse[39m
}
[ElementState] button.carousel-next: {
  visible: [33mfalse[39m,
  imageLoaded: [32m'N/A'[39m,
  networkIdle: [33mtrue[39m,
  parentVisible: [33mtrue[39m
}
[EventListener] 🔍 Starting form navigation detection: {
  urlBefore: [32m'http://localhost:3000/'[39m,
  formAction: [32m'none'[39m,
  formMethod: [32m'none'[39m
}
[EventListener] Submit button detected - starting AJAX detection: {
  tagName: [32m'BUTTON'[39m,
  type: [32m'submit'[39m,
  className: [32m'carousel-next'[39m,
  hasForm: [33mfalse[39m
}
[ElementState] button.carousel-next: {
  visible: [33mfalse[39m,
  imageLoaded: [32m'N/A'[39m,
  networkIdle: [33mtrue[39m,
  parentVisible: [33mtrue[39m
}
[EventListener] 🔍 Starting form navigation detection: {
  urlBefore: [32m'http://localhost:3000/'[39m,
  formAction: [32m'none'[39m,
  formMethod: [32m'none'[39m
}
[Duplicate] Blocked duplicate form submit (184ms)
[EventListener] Skipping duplicate action: click act_003
[EventListener] Submit button detected - starting AJAX detection: {
  tagName: [32m'BUTTON'[39m,
  type: [32m'submit'[39m,
  className: [32m'carousel-next'[39m,
  hasForm: [33mfalse[39m
}
[ElementState] button.carousel-next: {
  visible: [33mfalse[39m,
  imageLoaded: [32m'N/A'[39m,
  networkIdle: [33mtrue[39m,
  parentVisible: [33mtrue[39m
}
[EventListener] 🔍 Starting form navigation detection: {
  urlBefore: [32m'http://localhost:3000/'[39m,
  formAction: [32m'none'[39m,
  formMethod: [32m'none'[39m
}
[Duplicate] Blocked duplicate form submit (112ms)
[EventListener] Skipping duplicate action: click act_002
[EventListener] Submit button detected - starting AJAX detection: {
  tagName: [32m'BUTTON'[39m,
  type: [32m'submit'[39m,
  className: [32m'carousel-next'[39m,
  hasForm: [33mfalse[39m
}
[ElementState] button.carousel-next: {
  visible: [33mfalse[39m,
  imageLoaded: [32m'N/A'[39m,
  networkIdle: [33mtrue[39m,
  parentVisible: [33mtrue[39m
}
[EventListener] 🔍 Starting form navigation detection: {
  urlBefore: [32m'http://localhost:3000/'[39m,
  formAction: [32m'none'[39m,
  formMethod: [32m'none'[39m
}

[90mstdout[2m | tests/unit/event-listener-carousel.test.ts[2m > [22m[2mEventListener - Carousel Detection[2m > [22m[2mContainer-scoped carousel selectors[2m > [22m[2mshould generate container-scoped CSS selectors for carousel arrows in lists[22m[39m
[EventListener] Recording start time set to: 2025-12-23T10:00:04.998Z
[ModalTracker] 🚀 Started modal tracking
[EventListener] 🔽 Dropdown observer started
[EventListener] Started listening (with modal tracking)
[EventListener] ✅ Detected carousel control: { tagName: [32m'SPAN'[39m, className: [32m'img-arrow next'[39m }
[SelectorGenerator] Generated carousel selectors: {
  containerType: [32m'nth-child'[39m,
  containerSelector: [32m'ul#listings > li:nth-child(5)'[39m,
  containerIndex: [33m4[39m,
  css: [32m'ul#listings > li:nth-child(5) > span.img-arrow.next'[39m,
  xpath: [32m"//ul#listings/li[5]/descendant::span[contains(@class, 'img-arrow') and contains(@class, 'next')]/descendant::svg[1]"[39m,
  priority: [ [32m'css'[39m, [32m'xpathAbsolute'[39m, [32m'position'[39m, [32m'xpath'[39m ]
}
[ElementState] span.img-arrow.next: {
  visible: [33mfalse[39m,
  imageLoaded: [32m'N/A'[39m,
  networkIdle: [33mtrue[39m,
  parentVisible: [33mtrue[39m
}
[EventListener] 🎠 Carousel control detected: {
  isCarouselControl: [33mtrue[39m,
  carouselType: [32m'product-gallery'[39m,
  direction: [32m'next'[39m,
  containerSelector: [32m'ul#listings > li:nth-child(5)'[39m,
  affectsElement: [90mundefined[39m,
  carouselLibrary: [90mundefined[39m,
  detectionMethod: [32m'pattern'[39m,
  confidence: [33m90[39m,
  isCustomImplementation: [33mtrue[39m,
  isDisabled: [33mfalse[39m,
  pageType: [32m'unknown'[39m
}
[Duplicate] Filtered accidental carousel double-tap (136ms)
[EventListener] Skipping duplicate action: click act_010
[EventListener] ✅ Detected carousel control: { tagName: [32m'SPAN'[39m, className: [32m'img-arrow next'[39m }
[SelectorGenerator] Generated carousel selectors: {
  containerType: [32m'nth-child'[39m,
  containerSelector: [32m'ul#listings > li:nth-child(5)'[39m,
  containerIndex: [33m4[39m,
  css: [32m'ul#listings > li:nth-child(5) > span.img-arrow.next'[39m,
  xpath: [32m"//ul#listings/li[5]/descendant::span[contains(@class, 'img-arrow') and contains(@class, 'next')]/descendant::svg[1]"[39m,
  priority: [ [32m'css'[39m, [32m'xpathAbsolute'[39m, [32m'position'[39m, [32m'xpath'[39m ]
}
[ElementState] span.img-arrow.next: {
  visible: [33mfalse[39m,
  imageLoaded: [32m'N/A'[39m,
  networkIdle: [33mtrue[39m,
  parentVisible: [33mtrue[39m
}
[EventListener] 🎠 Carousel control detected: {
  isCarouselControl: [33mtrue[39m,
  carouselType: [32m'product-gallery'[39m,
  direction: [32m'next'[39m,
  containerSelector: [32m'ul#listings > li:nth-child(5)'[39m,
  affectsElement: [90mundefined[39m,
  carouselLibrary: [90mundefined[39m,
  detectionMethod: [32m'pattern'[39m,
  confidence: [33m90[39m,
  isCustomImplementation: [33mtrue[39m,
  isDisabled: [33mfalse[39m,
  pageType: [32m'unknown'[39m
}
[EventListener] ✅ Detected carousel control: { tagName: [32m'SPAN'[39m, className: [32m'img-arrow next'[39m }
[SelectorGenerator] Generated carousel selectors: {
  containerType: [32m'nth-child'[39m,
  containerSelector: [32m'ul#listings > li:nth-child(5)'[39m,
  containerIndex: [33m4[39m,
  css: [32m'ul#listings > li:nth-child(5) > span.img-arrow.next'[39m,
  xpath: [32m"//ul#listings/li[5]/descendant::span[contains(@class, 'img-arrow') and contains(@class, 'next')]/descendant::svg[1]"[39m,
  priority: [ [32m'css'[39m, [32m'xpathAbsolute'[39m, [32m'position'[39m, [32m'xpath'[39m ]
}
[ElementState] span.img-arrow.next: {
  visible: [33mfalse[39m,
  imageLoaded: [32m'N/A'[39m,
  networkIdle: [33mtrue[39m,
  parentVisible: [33mtrue[39m
}
[EventListener] 🎠 Carousel control detected: {
  isCarouselControl: [33mtrue[39m,
  carouselType: [32m'product-gallery'[39m,
  direction: [32m'next'[39m,
  containerSelector: [32m'ul#listings > li:nth-child(5)'[39m,
  affectsElement: [90mundefined[39m,
  carouselLibrary: [90mundefined[39m,
  detectionMethod: [32m'pattern'[39m,
  confidence: [33m90[39m,
  isCustomImplementation: [33mtrue[39m,
  isDisabled: [33mfalse[39m,
  pageType: [32m'unknown'[39m
}
[Duplicate] Filtered accidental carousel double-tap (148ms)
[EventListener] Skipping duplicate action: click act_008
[EventListener] ✅ Detected carousel control: { tagName: [32m'SPAN'[39m, className: [32m'img-arrow next'[39m }
[SelectorGenerator] Generated carousel selectors: {
  containerType: [32m'nth-child'[39m,
  containerSelector: [32m'ul#listings > li:nth-child(5)'[39m,
  containerIndex: [33m4[39m,
  css: [32m'ul#listings > li:nth-child(5) > span.img-arrow.next'[39m,
  xpath: [32m"//ul#listings/li[5]/descendant::span[contains(@class, 'img-arrow') and contains(@class, 'next')]/descendant::svg[1]"[39m,
  priority: [ [32m'css'[39m, [32m'xpathAbsolute'[39m, [32m'position'[39m, [32m'xpath'[39m ]
}
[ElementState] span.img-arrow.next: {
  visible: [33mfalse[39m,
  imageLoaded: [32m'N/A'[39m,
  networkIdle: [33mtrue[39m,
  parentVisible: [33mtrue[39m
}
[EventListener] 🎠 Carousel control detected: {
  isCarouselControl: [33mtrue[39m,
  carouselType: [32m'product-gallery'[39m,
  direction: [32m'next'[39m,
  containerSelector: [32m'ul#listings > li:nth-child(5)'[39m,
  affectsElement: [90mundefined[39m,
  carouselLibrary: [90mundefined[39m,
  detectionMethod: [32m'pattern'[39m,
  confidence: [33m90[39m,
  isCustomImplementation: [33mtrue[39m,
  isDisabled: [33mfalse[39m,
  pageType: [32m'unknown'[39m
}
[EventListener] ✅ Detected carousel control: { tagName: [32m'SPAN'[39m, className: [32m'img-arrow next'[39m }
[SelectorGenerator] Generated carousel selectors: {
  containerType: [32m'nth-child'[39m,
  containerSelector: [32m'ul#listings > li:nth-child(5)'[39m,
  containerIndex: [33m4[39m,
  css: [32m'ul#listings > li:nth-child(5) > span.img-arrow.next'[39m,
  xpath: [32m"//ul#listings/li[5]/descendant::span[contains(@class, 'img-arrow') and contains(@class, 'next')]/descendant::svg[1]"[39m,
  priority: [ [32m'css'[39m, [32m'xpathAbsolute'[39m, [32m'position'[39m, [32m'xpath'[39m ]
}
[ElementState] span.img-arrow.next: {
  visible: [33mfalse[39m,
  imageLoaded: [32m'N/A'[39m,
  networkIdle: [33mtrue[39m,
  parentVisible: [33mtrue[39m
}
[EventListener] 🎠 Carousel control detected: {
  isCarouselControl: [33mtrue[39m,
  carouselType: [32m'product-gallery'[39m,
  direction: [32m'next'[39m,
  containerSelector: [32m'ul#listings > li:nth-child(5)'[39m,
  affectsElement: [90mundefined[39m,
  carouselLibrary: [90mundefined[39m,
  detectionMethod: [32m'pattern'[39m,
  confidence: [33m90[39m,
  isCustomImplementation: [33mtrue[39m,
  isDisabled: [33mfalse[39m,
  pageType: [32m'unknown'[39m
}
[EventListener] ✅ Detected carousel control: { tagName: [32m'SPAN'[39m, className: [32m'img-arrow next'[39m }
[SelectorGenerator] Generated carousel selectors: {
  containerType: [32m'nth-child'[39m,
  containerSelector: [32m'ul#listings > li:nth-child(5)'[39m,
  containerIndex: [33m4[39m,
  css: [32m'ul#listings > li:nth-child(5) > span.img-arrow.next'[39m,
  xpath: [32m"//ul#listings/li[5]/descendant::span[contains(@class, 'img-arrow') and contains(@class, 'next')]/descendant::svg[1]"[39m,
  priority: [ [32m'css'[39m, [32m'xpathAbsolute'[39m, [32m'position'[39m, [32m'xpath'[39m ]
}
[ElementState] span.img-arrow.next: {
  visible: [33mfalse[39m,
  imageLoaded: [32m'N/A'[39m,
  networkIdle: [33mtrue[39m,
  parentVisible: [33mtrue[39m
}
[EventListener] 🎠 Carousel control detected: {
  isCarouselControl: [33mtrue[39m,
  carouselType: [32m'product-gallery'[39m,
  direction: [32m'next'[39m,
  containerSelector: [32m'ul#listings > li:nth-child(5)'[39m,
  affectsElement: [90mundefined[39m,
  carouselLibrary: [90mundefined[39m,
  detectionMethod: [32m'pattern'[39m,
  confidence: [33m90[39m,
  isCustomImplementation: [33mtrue[39m,
  isDisabled: [33mfalse[39m,
  pageType: [32m'unknown'[39m
}
[EventListener] Allowing carousel click (160ms): { direction: [32m'next'[39m }
[EventListener] ✅ Detected carousel control: { tagName: [32m'SPAN'[39m, className: [32m'img-arrow next'[39m }
[SelectorGenerator] Generated carousel selectors: {
  containerType: [32m'nth-child'[39m,
  containerSelector: [32m'ul#listings > li:nth-child(5)'[39m,
  containerIndex: [33m4[39m,
  css: [32m'ul#listings > li:nth-child(5) > span.img-arrow.next'[39m,
  xpath: [32m"//ul#listings/li[5]/descendant::span[contains(@class, 'img-arrow') and contains(@class, 'next')]/descendant::svg[1]"[39m,
  priority: [ [32m'css'[39m, [32m'xpathAbsolute'[39m, [32m'position'[39m, [32m'xpath'[39m ]
}
[ElementState] span.img-arrow.next: {
  visible: [33mfalse[39m,
  imageLoaded: [32m'N/A'[39m,
  networkIdle: [33mtrue[39m,
  parentVisible: [33mtrue[39m
}
[EventListener] 🎠 Carousel control detected: {
  isCarouselControl: [33mtrue[39m,
  carouselType: [32m'product-gallery'[39m,
  direction: [32m'next'[39m,
  containerSelector: [32m'ul#listings > li:nth-child(5)'[39m,
  affectsElement: [90mundefined[39m,
  carouselLibrary: [90mundefined[39m,
  detectionMethod: [32m'pattern'[39m,
  confidence: [33m90[39m,
  isCustomImplementation: [33mtrue[39m,
  isDisabled: [33mfalse[39m,
  pageType: [32m'unknown'[39m
}
[EventListener] ✅ Detected carousel control: { tagName: [32m'SPAN'[39m, className: [32m'img-arrow next'[39m }
[SelectorGenerator] Generated carousel selectors: {
  containerType: [32m'nth-child'[39m,
  containerSelector: [32m'ul#listings > li:nth-child(5)'[39m,
  containerIndex: [33m4[39m,
  css: [32m'ul#listings > li:nth-child(5) > span.img-arrow.next'[39m,
  xpath: [32m"//ul#listings/li[5]/descendant::span[contains(@class, 'img-arrow') and contains(@class, 'next')]/descendant::svg[1]"[39m,
  priority: [ [32m'css'[39m, [32m'xpathAbsolute'[39m, [32m'position'[39m, [32m'xpath'[39m ]
}
[ElementState] span.img-arrow.next: {
  visible: [33mfalse[39m,
  imageLoaded: [32m'N/A'[39m,
  networkIdle: [33mtrue[39m,
  parentVisible: [33mtrue[39m
}
[EventListener] 🎠 Carousel control detected: {
  isCarouselControl: [33mtrue[39m,
  carouselType: [32m'product-gallery'[39m,
  direction: [32m'next'[39m,
  containerSelector: [32m'ul#listings > li:nth-child(5)'[39m,
  affectsElement: [90mundefined[39m,
  carouselLibrary: [90mundefined[39m,
  detectionMethod: [32m'pattern'[39m,
  confidence: [33m90[39m,
  isCustomImplementation: [33mtrue[39m,
  isDisabled: [33mfalse[39m,
  pageType: [32m'unknown'[39m
}
[EventListener] ✅ Detected carousel control: { tagName: [32m'SPAN'[39m, className: [32m'img-arrow next'[39m }
[SelectorGenerator] Generated carousel selectors: {
  containerType: [32m'nth-child'[39m,
  containerSelector: [32m'ul#listings > li:nth-child(5)'[39m,
  containerIndex: [33m4[39m,
  css: [32m'ul#listings > li:nth-child(5) > span.img-arrow.next'[39m,
  xpath: [32m"//ul#listings/li[5]/descendant::span[contains(@class, 'img-arrow') and contains(@class, 'next')]/descendant::svg[1]"[39m,
  priority: [ [32m'css'[39m, [32m'xpathAbsolute'[39m, [32m'position'[39m, [32m'xpath'[39m ]
}
[ElementState] span.img-arrow.next: {
  visible: [33mfalse[39m,
  imageLoaded: [32m'N/A'[39m,
  networkIdle: [33mtrue[39m,
  parentVisible: [33mtrue[39m
}
[EventListener] 🎠 Carousel control detected: {
  isCarouselControl: [33mtrue[39m,
  carouselType: [32m'product-gallery'[39m,
  direction: [32m'next'[39m,
  containerSelector: [32m'ul#listings > li:nth-child(5)'[39m,
  affectsElement: [90mundefined[39m,
  carouselLibrary: [90mundefined[39m,
  detectionMethod: [32m'pattern'[39m,
  confidence: [33m90[39m,
  isCustomImplementation: [33mtrue[39m,
  isDisabled: [33mfalse[39m,
  pageType: [32m'unknown'[39m
}
[EventListener] Allowing carousel click (182ms): { direction: [32m'next'[39m }
[EventListener] ✅ Detected carousel control: { tagName: [32m'SPAN'[39m, className: [32m'img-arrow next'[39m }
[SelectorGenerator] Generated carousel selectors: {
  containerType: [32m'nth-child'[39m,
  containerSelector: [32m'ul#listings > li:nth-child(5)'[39m,
  containerIndex: [33m4[39m,
  css: [32m'ul#listings > li:nth-child(5) > span.img-arrow.next'[39m,
  xpath: [32m"//ul#listings/li[5]/descendant::span[contains(@class, 'img-arrow') and contains(@class, 'next')]/descendant::svg[1]"[39m,
  priority: [ [32m'css'[39m, [32m'xpathAbsolute'[39m, [32m'position'[39m, [32m'xpath'[39m ]
}
[ElementState] span.img-arrow.next: {
  visible: [33mfalse[39m,
  imageLoaded: [32m'N/A'[39m,
  networkIdle: [33mtrue[39m,
  parentVisible: [33mtrue[39m
}
[EventListener] 🎠 Carousel control detected: {
  isCarouselControl: [33mtrue[39m,
  carouselType: [32m'product-gallery'[39m,
  direction: [32m'next'[39m,
  containerSelector: [32m'ul#listings > li:nth-child(5)'[39m,
  affectsElement: [90mundefined[39m,
  carouselLibrary: [90mundefined[39m,
  detectionMethod: [32m'pattern'[39m,
  confidence: [33m90[39m,
  isCustomImplementation: [33mtrue[39m,
  isDisabled: [33mfalse[39m,
  pageType: [32m'unknown'[39m
}

[90mstdout[2m | tests/unit/event-listener-carousel.test.ts[2m > [22m[2mEventListener - Carousel Detection[2m > [22m[2mContainer-scoped carousel selectors[2m > [22m[2mshould prioritize xpathAbsolute for carousel selectors[22m[39m
[EventListener] Recording start time set to: 2025-12-23T10:00:05.193Z
[ModalTracker] 🚀 Started modal tracking
[EventListener] 🔽 Dropdown observer started
[EventListener] Started listening (with modal tracking)
[EventListener] Submit button detected - starting AJAX detection: {
  tagName: [32m'BUTTON'[39m,
  type: [32m'submit'[39m,
  className: [32m'carousel-next'[39m,
  hasForm: [33mfalse[39m
}
[EventListener] Content signature generated: { type: [32m'list-item'[39m, heading: [90mundefined[39m, position: [33m0[39m }
[ElementState] button.carousel-next: {
  visible: [33mfalse[39m,
  imageLoaded: [32m'N/A'[39m,
  networkIdle: [33mtrue[39m,
  parentVisible: [33mtrue[39m
}
[EventListener] 🔍 Starting form navigation detection: {
  urlBefore: [32m'http://localhost:3000/'[39m,
  formAction: [32m'none'[39m,
  formMethod: [32m'none'[39m
}
[EventListener] Submit button detected - starting AJAX detection: {
  tagName: [32m'BUTTON'[39m,
  type: [32m'submit'[39m,
  className: [32m'carousel-next'[39m,
  hasForm: [33mfalse[39m
}
[EventListener] Content signature generated: { type: [32m'list-item'[39m, heading: [90mundefined[39m, position: [33m0[39m }
[ElementState] button.carousel-next: {
  visible: [33mfalse[39m,
  imageLoaded: [32m'N/A'[39m,
  networkIdle: [33mtrue[39m,
  parentVisible: [33mtrue[39m
}
[EventListener] 🔍 Starting form navigation detection: {
  urlBefore: [32m'http://localhost:3000/'[39m,
  formAction: [32m'none'[39m,
  formMethod: [32m'none'[39m
}
[Duplicate] Blocked duplicate form submit (188ms)
[EventListener] Skipping duplicate action: click act_010
[EventListener] Submit button detected - starting AJAX detection: {
  tagName: [32m'BUTTON'[39m,
  type: [32m'submit'[39m,
  className: [32m'carousel-next'[39m,
  hasForm: [33mfalse[39m
}
[EventListener] Content signature generated: { type: [32m'list-item'[39m, heading: [90mundefined[39m, position: [33m0[39m }
[ElementState] button.carousel-next: {
  visible: [33mfalse[39m,
  imageLoaded: [32m'N/A'[39m,
  networkIdle: [33mtrue[39m,
  parentVisible: [33mtrue[39m
}
[EventListener] 🔍 Starting form navigation detection: {
  urlBefore: [32m'http://localhost:3000/'[39m,
  formAction: [32m'none'[39m,
  formMethod: [32m'none'[39m
}
[EventListener] Submit button detected - starting AJAX detection: {
  tagName: [32m'BUTTON'[39m,
  type: [32m'submit'[39m,
  className: [32m'carousel-next'[39m,
  hasForm: [33mfalse[39m
}
[EventListener] Content signature generated: { type: [32m'list-item'[39m, heading: [90mundefined[39m, position: [33m0[39m }
[ElementState] button.carousel-next: {
  visible: [33mfalse[39m,
  imageLoaded: [32m'N/A'[39m,
  networkIdle: [33mtrue[39m,
  parentVisible: [33mtrue[39m
}
[EventListener] 🔍 Starting form navigation detection: {
  urlBefore: [32m'http://localhost:3000/'[39m,
  formAction: [32m'none'[39m,
  formMethod: [32m'none'[39m
}
[Duplicate] Blocked duplicate form submit (181ms)
[EventListener] Skipping duplicate action: click act_008
[EventListener] Submit button detected - starting AJAX detection: {
  tagName: [32m'BUTTON'[39m,
  type: [32m'submit'[39m,
  className: [32m'carousel-next'[39m,
  hasForm: [33mfalse[39m
}
[EventListener] Content signature generated: { type: [32m'list-item'[39m, heading: [90mundefined[39m, position: [33m0[39m }
[ElementState] button.carousel-next: {
  visible: [33mfalse[39m,
  imageLoaded: [32m'N/A'[39m,
  networkIdle: [33mtrue[39m,
  parentVisible: [33mtrue[39m
}
[EventListener] 🔍 Starting form navigation detection: {
  urlBefore: [32m'http://localhost:3000/'[39m,
  formAction: [32m'none'[39m,
  formMethod: [32m'none'[39m
}
[Duplicate] Blocked duplicate form submit (179ms)
[EventListener] Skipping duplicate action: click act_007
[EventListener] Submit button detected - starting AJAX detection: {
  tagName: [32m'BUTTON'[39m,
  type: [32m'submit'[39m,
  className: [32m'carousel-next'[39m,
  hasForm: [33mfalse[39m
}
[EventListener] Content signature generated: { type: [32m'list-item'[39m, heading: [90mundefined[39m, position: [33m0[39m }
[ElementState] button.carousel-next: {
  visible: [33mfalse[39m,
  imageLoaded: [32m'N/A'[39m,
  networkIdle: [33mtrue[39m,
  parentVisible: [33mtrue[39m
}
[EventListener] 🔍 Starting form navigation detection: {
  urlBefore: [32m'http://localhost:3000/'[39m,
  formAction: [32m'none'[39m,
  formMethod: [32m'none'[39m
}
[Duplicate] Blocked duplicate form submit (174ms)
[EventListener] Skipping duplicate action: click act_006
[EventListener] Submit button detected - starting AJAX detection: {
  tagName: [32m'BUTTON'[39m,
  type: [32m'submit'[39m,
  className: [32m'carousel-next'[39m,
  hasForm: [33mfalse[39m
}
[EventListener] Content signature generated: { type: [32m'list-item'[39m, heading: [90mundefined[39m, position: [33m0[39m }
[ElementState] button.carousel-next: {
  visible: [33mfalse[39m,
  imageLoaded: [32m'N/A'[39m,
  networkIdle: [33mtrue[39m,
  parentVisible: [33mtrue[39m
}
[EventListener] 🔍 Starting form navigation detection: {
  urlBefore: [32m'http://localhost:3000/'[39m,
  formAction: [32m'none'[39m,
  formMethod: [32m'none'[39m
}
[Duplicate] Blocked duplicate form submit (172ms)
[EventListener] Skipping duplicate action: click act_005
[EventListener] Submit button detected - starting AJAX detection: {
  tagName: [32m'BUTTON'[39m,
  type: [32m'submit'[39m,
  className: [32m'carousel-next'[39m,
  hasForm: [33mfalse[39m
}
[EventListener] Content signature generated: { type: [32m'list-item'[39m, heading: [90mundefined[39m, position: [33m0[39m }
[ElementState] button.carousel-next: {
  visible: [33mfalse[39m,
  imageLoaded: [32m'N/A'[39m,
  networkIdle: [33mtrue[39m,
  parentVisible: [33mtrue[39m
}
[EventListener] 🔍 Starting form navigation detection: {
  urlBefore: [32m'http://localhost:3000/'[39m,
  formAction: [32m'none'[39m,
  formMethod: [32m'none'[39m
}
[Duplicate] Blocked duplicate form submit (162ms)
[EventListener] Skipping duplicate action: click act_004
[EventListener] Submit button detected - starting AJAX detection: {
  tagName: [32m'BUTTON'[39m,
  type: [32m'submit'[39m,
  className: [32m'carousel-next'[39m,
  hasForm: [33mfalse[39m
}
[EventListener] Content signature generated: { type: [32m'list-item'[39m, heading: [90mundefined[39m, position: [33m0[39m }
[ElementState] button.carousel-next: {
  visible: [33mfalse[39m,
  imageLoaded: [32m'N/A'[39m,
  networkIdle: [33mtrue[39m,
  parentVisible: [33mtrue[39m
}
[EventListener] 🔍 Starting form navigation detection: {
  urlBefore: [32m'http://localhost:3000/'[39m,
  formAction: [32m'none'[39m,
  formMethod: [32m'none'[39m
}
[Duplicate] Blocked duplicate form submit (158ms)
[EventListener] Skipping duplicate action: click act_003
[EventListener] Submit button detected - starting AJAX detection: {
  tagName: [32m'BUTTON'[39m,
  type: [32m'submit'[39m,
  className: [32m'carousel-next'[39m,
  hasForm: [33mfalse[39m
}
[EventListener] Content signature generated: { type: [32m'list-item'[39m, heading: [90mundefined[39m, position: [33m0[39m }
[ElementState] button.carousel-next: {
  visible: [33mfalse[39m,
  imageLoaded: [32m'N/A'[39m,
  networkIdle: [33mtrue[39m,
  parentVisible: [33mtrue[39m
}
[EventListener] 🔍 Starting form navigation detection: {
  urlBefore: [32m'http://localhost:3000/'[39m,
  formAction: [32m'none'[39m,
  formMethod: [32m'none'[39m
}
[Duplicate] Blocked duplicate form submit (163ms)
[EventListener] Skipping duplicate action: click act_002
[EventListener] Submit button detected - starting AJAX detection: {
  tagName: [32m'BUTTON'[39m,
  type: [32m'submit'[39m,
  className: [32m'carousel-next'[39m,
  hasForm: [33mfalse[39m
}
[EventListener] Content signature generated: { type: [32m'list-item'[39m, heading: [90mundefined[39m, position: [33m0[39m }
[ElementState] button.carousel-next: {
  visible: [33mfalse[39m,
  imageLoaded: [32m'N/A'[39m,
  networkIdle: [33mtrue[39m,
  parentVisible: [33mtrue[39m
}
[EventListener] 🔍 Starting form navigation detection: {
  urlBefore: [32m'http://localhost:3000/'[39m,
  formAction: [32m'none'[39m,
  formMethod: [32m'none'[39m
}

[90mstdout[2m | tests/unit/event-listener-carousel.test.ts[2m > [22m[2mEventListener - Carousel Detection[2m > [22m[2mContainer-scoped carousel selectors[2m > [22m[2mshould generate unique selectors for multiple carousels on same page[22m[39m
[EventListener] Recording start time set to: 2025-12-23T10:00:05.367Z
[ModalTracker] 🚀 Started modal tracking
[EventListener] 🔽 Dropdown observer started
[EventListener] Started listening (with modal tracking)
[EventListener] Submit button detected - starting AJAX detection: {
  tagName: [32m'BUTTON'[39m,
  type: [32m'submit'[39m,
  className: [32m'carousel-next'[39m,
  hasForm: [33mfalse[39m
}
[EventListener] Content signature generated: { type: [32m'list-item'[39m, heading: [90mundefined[39m, position: [33m0[39m }
[ElementState] button.carousel-next: {
  visible: [33mfalse[39m,
  imageLoaded: [32m'N/A'[39m,
  networkIdle: [33mtrue[39m,
  parentVisible: [33mtrue[39m
}
[EventListener] 🔍 Starting form navigation detection: {
  urlBefore: [32m'http://localhost:3000/'[39m,
  formAction: [32m'none'[39m,
  formMethod: [32m'none'[39m
}
[Duplicate] Blocked duplicate form submit (175ms)
[EventListener] Skipping duplicate action: click act_012
[EventListener] Submit button detected - starting AJAX detection: {
  tagName: [32m'BUTTON'[39m,
  type: [32m'submit'[39m,
  className: [32m'carousel-next'[39m,
  hasForm: [33mfalse[39m
}
[EventListener] Content signature generated: { type: [32m'list-item'[39m, heading: [90mundefined[39m, position: [33m0[39m }
[ElementState] button.carousel-next: {
  visible: [33mfalse[39m,
  imageLoaded: [32m'N/A'[39m,
  networkIdle: [33mtrue[39m,
  parentVisible: [33mtrue[39m
}
[EventListener] 🔍 Starting form navigation detection: {
  urlBefore: [32m'http://localhost:3000/'[39m,
  formAction: [32m'none'[39m,
  formMethod: [32m'none'[39m
}
[EventListener] Submit button detected - starting AJAX detection: {
  tagName: [32m'BUTTON'[39m,
  type: [32m'submit'[39m,
  className: [32m'carousel-next'[39m,
  hasForm: [33mfalse[39m
}
[EventListener] Content signature generated: { type: [32m'list-item'[39m, heading: [90mundefined[39m, position: [33m0[39m }
[ElementState] button.carousel-next: {
  visible: [33mfalse[39m,
  imageLoaded: [32m'N/A'[39m,
  networkIdle: [33mtrue[39m,
  parentVisible: [33mtrue[39m
}
[EventListener] 🔍 Starting form navigation detection: {
  urlBefore: [32m'http://localhost:3000/'[39m,
  formAction: [32m'none'[39m,
  formMethod: [32m'none'[39m
}
[Duplicate] Blocked duplicate form submit (175ms)
[EventListener] Skipping duplicate action: click act_010
[EventListener] Submit button detected - starting AJAX detection: {
  tagName: [32m'BUTTON'[39m,
  type: [32m'submit'[39m,
  className: [32m'carousel-next'[39m,
  hasForm: [33mfalse[39m
}
[EventListener] Content signature generated: { type: [32m'list-item'[39m, heading: [90mundefined[39m, position: [33m0[39m }
[ElementState] button.carousel-next: {
  visible: [33mfalse[39m,
  imageLoaded: [32m'N/A'[39m,
  networkIdle: [33mtrue[39m,
  parentVisible: [33mtrue[39m
}
[EventListener] 🔍 Starting form navigation detection: {
  urlBefore: [32m'http://localhost:3000/'[39m,
  formAction: [32m'none'[39m,
  formMethod: [32m'none'[39m
}
[EventListener] Submit button detected - starting AJAX detection: {
  tagName: [32m'BUTTON'[39m,
  type: [32m'submit'[39m,
  className: [32m'carousel-next'[39m,
  hasForm: [33mfalse[39m
}
[EventListener] Content signature generated: { type: [32m'list-item'[39m, heading: [90mundefined[39m, position: [33m0[39m }
[ElementState] button.carousel-next: {
  visible: [33mfalse[39m,
  imageLoaded: [32m'N/A'[39m,
  networkIdle: [33mtrue[39m,
  parentVisible: [33mtrue[39m
}
[EventListener] 🔍 Starting form navigation detection: {
  urlBefore: [32m'http://localhost:3000/'[39m,
  formAction: [32m'none'[39m,
  formMethod: [32m'none'[39m
}
[EventListener] Submit button detected - starting AJAX detection: {
  tagName: [32m'BUTTON'[39m,
  type: [32m'submit'[39m,
  className: [32m'carousel-next'[39m,
  hasForm: [33mfalse[39m
}
[EventListener] Content signature generated: { type: [32m'list-item'[39m, heading: [90mundefined[39m, position: [33m0[39m }
[ElementState] button.carousel-next: {
  visible: [33mfalse[39m,
  imageLoaded: [32m'N/A'[39m,
  networkIdle: [33mtrue[39m,
  parentVisible: [33mtrue[39m
}
[EventListener] 🔍 Starting form navigation detection: {
  urlBefore: [32m'http://localhost:3000/'[39m,
  formAction: [32m'none'[39m,
  formMethod: [32m'none'[39m
}
[EventListener] Submit button detected - starting AJAX detection: {
  tagName: [32m'BUTTON'[39m,
  type: [32m'submit'[39m,
  className: [32m'carousel-next'[39m,
  hasForm: [33mfalse[39m
}
[EventListener] Content signature generated: { type: [32m'list-item'[39m, heading: [90mundefined[39m, position: [33m0[39m }
[ElementState] button.carousel-next: {
  visible: [33mfalse[39m,
  imageLoaded: [32m'N/A'[39m,
  networkIdle: [33mtrue[39m,
  parentVisible: [33mtrue[39m
}
[EventListener] 🔍 Starting form navigation detection: {
  urlBefore: [32m'http://localhost:3000/'[39m,
  formAction: [32m'none'[39m,
  formMethod: [32m'none'[39m
}
[EventListener] Submit button detected - starting AJAX detection: {
  tagName: [32m'BUTTON'[39m,
  type: [32m'submit'[39m,
  className: [32m'carousel-next'[39m,
  hasForm: [33mfalse[39m
}
[EventListener] Content signature generated: { type: [32m'list-item'[39m, heading: [90mundefined[39m, position: [33m0[39m }
[ElementState] button.carousel-next: {
  visible: [33mfalse[39m,
  imageLoaded: [32m'N/A'[39m,
  networkIdle: [33mtrue[39m,
  parentVisible: [33mtrue[39m
}
[EventListener] 🔍 Starting form navigation detection: {
  urlBefore: [32m'http://localhost:3000/'[39m,
  formAction: [32m'none'[39m,
  formMethod: [32m'none'[39m
}
[EventListener] Submit button detected - starting AJAX detection: {
  tagName: [32m'BUTTON'[39m,
  type: [32m'submit'[39m,
  className: [32m'carousel-next'[39m,
  hasForm: [33mfalse[39m
}
[EventListener] Content signature generated: { type: [32m'list-item'[39m, heading: [90mundefined[39m, position: [33m0[39m }
[ElementState] button.carousel-next: {
  visible: [33mfalse[39m,
  imageLoaded: [32m'N/A'[39m,
  networkIdle: [33mtrue[39m,
  parentVisible: [33mtrue[39m
}
[EventListener] 🔍 Starting form navigation detection: {
  urlBefore: [32m'http://localhost:3000/'[39m,
  formAction: [32m'none'[39m,
  formMethod: [32m'none'[39m
}
[EventListener] Submit button detected - starting AJAX detection: {
  tagName: [32m'BUTTON'[39m,
  type: [32m'submit'[39m,
  className: [32m'carousel-next'[39m,
  hasForm: [33mfalse[39m
}
[EventListener] Content signature generated: { type: [32m'list-item'[39m, heading: [90mundefined[39m, position: [33m0[39m }
[ElementState] button.carousel-next: {
  visible: [33mfalse[39m,
  imageLoaded: [32m'N/A'[39m,
  networkIdle: [33mtrue[39m,
  parentVisible: [33mtrue[39m
}
[EventListener] 🔍 Starting form navigation detection: {
  urlBefore: [32m'http://localhost:3000/'[39m,
  formAction: [32m'none'[39m,
  formMethod: [32m'none'[39m
}
[EventListener] Submit button detected - starting AJAX detection: {
  tagName: [32m'BUTTON'[39m,
  type: [32m'submit'[39m,
  className: [32m'carousel-next'[39m,
  hasForm: [33mfalse[39m
}
[EventListener] Content signature generated: { type: [32m'list-item'[39m, heading: [90mundefined[39m, position: [33m0[39m }
[ElementState] button.carousel-next: {
  visible: [33mfalse[39m,
  imageLoaded: [32m'N/A'[39m,
  networkIdle: [33mtrue[39m,
  parentVisible: [33mtrue[39m
}
[EventListener] 🔍 Starting form navigation detection: {
  urlBefore: [32m'http://localhost:3000/'[39m,
  formAction: [32m'none'[39m,
  formMethod: [32m'none'[39m
}
[Duplicate] Blocked duplicate form submit (171ms)
[EventListener] Skipping duplicate action: click act_002
[EventListener] Submit button detected - starting AJAX detection: {
  tagName: [32m'BUTTON'[39m,
  type: [32m'submit'[39m,
  className: [32m'carousel-next'[39m,
  hasForm: [33mfalse[39m
}
[EventListener] Content signature generated: { type: [32m'list-item'[39m, heading: [90mundefined[39m, position: [33m0[39m }
[ElementState] button.carousel-next: {
  visible: [33mfalse[39m,
  imageLoaded: [32m'N/A'[39m,
  networkIdle: [33mtrue[39m,
  parentVisible: [33mtrue[39m
}
[EventListener] 🔍 Starting form navigation detection: {
  urlBefore: [32m'http://localhost:3000/'[39m,
  formAction: [32m'none'[39m,
  formMethod: [32m'none'[39m
}
[EventListener] Submit button detected - starting AJAX detection: {
  tagName: [32m'BUTTON'[39m,
  type: [32m'submit'[39m,
  className: [32m'carousel-next'[39m,
  hasForm: [33mfalse[39m
}
[EventListener] Content signature generated: { type: [32m'list-item'[39m, heading: [90mundefined[39m, position: [33m1[39m }
[ElementState] button.carousel-next: {
  visible: [33mfalse[39m,
  imageLoaded: [32m'N/A'[39m,
  networkIdle: [33mtrue[39m,
  parentVisible: [33mtrue[39m
}
[EventListener] 🔍 Starting form navigation detection: {
  urlBefore: [32m'http://localhost:3000/'[39m,
  formAction: [32m'none'[39m,
  formMethod: [32m'none'[39m
}
[EventListener] Submit button detected - starting AJAX detection: {
  tagName: [32m'BUTTON'[39m,
  type: [32m'submit'[39m,
  className: [32m'carousel-next'[39m,
  hasForm: [33mfalse[39m
}
[EventListener] Content signature generated: { type: [32m'list-item'[39m, heading: [90mundefined[39m, position: [33m1[39m }
[ElementState] button.carousel-next: {
  visible: [33mfalse[39m,
  imageLoaded: [32m'N/A'[39m,
  networkIdle: [33mtrue[39m,
  parentVisible: [33mtrue[39m
}
[EventListener] 🔍 Starting form navigation detection: {
  urlBefore: [32m'http://localhost:3000/'[39m,
  formAction: [32m'none'[39m,
  formMethod: [32m'none'[39m
}
[Duplicate] Blocked duplicate form submit (142ms)
[EventListener] Skipping duplicate action: click act_012
[EventListener] Submit button detected - starting AJAX detection: {
  tagName: [32m'BUTTON'[39m,
  type: [32m'submit'[39m,
  className: [32m'carousel-next'[39m,
  hasForm: [33mfalse[39m
}
[EventListener] Content signature generated: { type: [32m'list-item'[39m, heading: [90mundefined[39m, position: [33m1[39m }
[ElementState] button.carousel-next: {
  visible: [33mfalse[39m,
  imageLoaded: [32m'N/A'[39m,
  networkIdle: [33mtrue[39m,
  parentVisible: [33mtrue[39m
}
[EventListener] 🔍 Starting form navigation detection: {
  urlBefore: [32m'http://localhost:3000/'[39m,
  formAction: [32m'none'[39m,
  formMethod: [32m'none'[39m
}
[EventListener] Submit button detected - starting AJAX detection: {
  tagName: [32m'BUTTON'[39m,
  type: [32m'submit'[39m,
  className: [32m'carousel-next'[39m,
  hasForm: [33mfalse[39m
}
[EventListener] Content signature generated: { type: [32m'list-item'[39m, heading: [90mundefined[39m, position: [33m1[39m }
[ElementState] button.carousel-next: {
  visible: [33mfalse[39m,
  imageLoaded: [32m'N/A'[39m,
  networkIdle: [33mtrue[39m,
  parentVisible: [33mtrue[39m
}
[EventListener] 🔍 Starting form navigation detection: {
  urlBefore: [32m'http://localhost:3000/'[39m,
  formAction: [32m'none'[39m,
  formMethod: [32m'none'[39m
}
[Duplicate] Blocked duplicate form submit (150ms)
[EventListener] Skipping duplicate action: click act_010
[EventListener] Submit button detected - starting AJAX detection: {
  tagName: [32m'BUTTON'[39m,
  type: [32m'submit'[39m,
  className: [32m'carousel-next'[39m,
  hasForm: [33mfalse[39m
}
[EventListener] Content signature generated: { type: [32m'list-item'[39m, heading: [90mundefined[39m, position: [33m1[39m }
[ElementState] button.carousel-next: {
  visible: [33mfalse[39m,
  imageLoaded: [32m'N/A'[39m,
  networkIdle: [33mtrue[39m,
  parentVisible: [33mtrue[39m
}
[EventListener] 🔍 Starting form navigation detection: {
  urlBefore: [32m'http://localhost:3000/'[39m,
  formAction: [32m'none'[39m,
  formMethod: [32m'none'[39m
}
[Duplicate] Blocked duplicate form submit (148ms)
[EventListener] Skipping duplicate action: click act_009
[EventListener] Submit button detected - starting AJAX detection: {
  tagName: [32m'BUTTON'[39m,
  type: [32m'submit'[39m,
  className: [32m'carousel-next'[39m,
  hasForm: [33mfalse[39m
}
[EventListener] Content signature generated: { type: [32m'list-item'[39m, heading: [90mundefined[39m, position: [33m1[39m }
[ElementState] button.carousel-next: {
  visible: [33mfalse[39m,
  imageLoaded: [32m'N/A'[39m,
  networkIdle: [33mtrue[39m,
  parentVisible: [33mtrue[39m
}
[EventListener] 🔍 Starting form navigation detection: {
  urlBefore: [32m'http://localhost:3000/'[39m,
  formAction: [32m'none'[39m,
  formMethod: [32m'none'[39m
}
[Duplicate] Blocked duplicate form submit (148ms)
[EventListener] Skipping duplicate action: click act_008
[EventListener] Submit button detected - starting AJAX detection: {
  tagName: [32m'BUTTON'[39m,
  type: [32m'submit'[39m,
  className: [32m'carousel-next'[39m,
  hasForm: [33mfalse[39m
}
[EventListener] Content signature generated: { type: [32m'list-item'[39m, heading: [90mundefined[39m, position: [33m1[39m }
[ElementState] button.carousel-next: {
  visible: [33mfalse[39m,
  imageLoaded: [32m'N/A'[39m,
  networkIdle: [33mtrue[39m,
  parentVisible: [33mtrue[39m
}
[EventListener] 🔍 Starting form navigation detection: {
  urlBefore: [32m'http://localhost:3000/'[39m,
  formAction: [32m'none'[39m,
  formMethod: [32m'none'[39m
}
[Duplicate] Blocked duplicate form submit (148ms)
[EventListener] Skipping duplicate action: click act_007
[EventListener] Submit button detected - starting AJAX detection: {
  tagName: [32m'BUTTON'[39m,
  type: [32m'submit'[39m,
  className: [32m'carousel-next'[39m,
  hasForm: [33mfalse[39m
}
[EventListener] Content signature generated: { type: [32m'list-item'[39m, heading: [90mundefined[39m, position: [33m1[39m }
[ElementState] button.carousel-next: {
  visible: [33mfalse[39m,
  imageLoaded: [32m'N/A'[39m,
  networkIdle: [33mtrue[39m,
  parentVisible: [33mtrue[39m
}
[EventListener] 🔍 Starting form navigation detection: {
  urlBefore: [32m'http://localhost:3000/'[39m,
  formAction: [32m'none'[39m,
  formMethod: [32m'none'[39m
}
[Duplicate] Blocked duplicate form submit (145ms)
[EventListener] Skipping duplicate action: click act_006
[EventListener] Submit button detected - starting AJAX detection: {
  tagName: [32m'BUTTON'[39m,
  type: [32m'submit'[39m,
  className: [32m'carousel-next'[39m,
  hasForm: [33mfalse[39m
}
[EventListener] Content signature generated: { type: [32m'list-item'[39m, heading: [90mundefined[39m, position: [33m1[39m }
[ElementState] button.carousel-next: {
  visible: [33mfalse[39m,
  imageLoaded: [32m'N/A'[39m,
  networkIdle: [33mtrue[39m,
  parentVisible: [33mtrue[39m
}
[EventListener] 🔍 Starting form navigation detection: {
  urlBefore: [32m'http://localhost:3000/'[39m,
  formAction: [32m'none'[39m,
  formMethod: [32m'none'[39m
}
[Duplicate] Blocked duplicate form submit (143ms)
[EventListener] Skipping duplicate action: click act_005
[EventListener] Submit button detected - starting AJAX detection: {
  tagName: [32m'BUTTON'[39m,
  type: [32m'submit'[39m,
  className: [32m'carousel-next'[39m,
  hasForm: [33mfalse[39m
}
[EventListener] Content signature generated: { type: [32m'list-item'[39m, heading: [90mundefined[39m, position: [33m1[39m }
[ElementState] button.carousel-next: {
  visible: [33mfalse[39m,
  imageLoaded: [32m'N/A'[39m,
  networkIdle: [33mtrue[39m,
  parentVisible: [33mtrue[39m
}
[EventListener] 🔍 Starting form navigation detection: {
  urlBefore: [32m'http://localhost:3000/'[39m,
  formAction: [32m'none'[39m,
  formMethod: [32m'none'[39m
}
[Duplicate] Blocked duplicate form submit (142ms)
[EventListener] Skipping duplicate action: click act_004
[EventListener] Submit button detected - starting AJAX detection: {
  tagName: [32m'BUTTON'[39m,
  type: [32m'submit'[39m,
  className: [32m'carousel-next'[39m,
  hasForm: [33mfalse[39m
}
[EventListener] Content signature generated: { type: [32m'list-item'[39m, heading: [90mundefined[39m, position: [33m1[39m }
[ElementState] button.carousel-next: {
  visible: [33mfalse[39m,
  imageLoaded: [32m'N/A'[39m,
  networkIdle: [33mtrue[39m,
  parentVisible: [33mtrue[39m
}
[EventListener] 🔍 Starting form navigation detection: {
  urlBefore: [32m'http://localhost:3000/'[39m,
  formAction: [32m'none'[39m,
  formMethod: [32m'none'[39m
}
[EventListener] Submit button detected - starting AJAX detection: {
  tagName: [32m'BUTTON'[39m,
  type: [32m'submit'[39m,
  className: [32m'carousel-next'[39m,
  hasForm: [33mfalse[39m
}
[EventListener] Content signature generated: { type: [32m'list-item'[39m, heading: [90mundefined[39m, position: [33m1[39m }
[ElementState] button.carousel-next: {
  visible: [33mfalse[39m,
  imageLoaded: [32m'N/A'[39m,
  networkIdle: [33mtrue[39m,
  parentVisible: [33mtrue[39m
}
[EventListener] 🔍 Starting form navigation detection: {
  urlBefore: [32m'http://localhost:3000/'[39m,
  formAction: [32m'none'[39m,
  formMethod: [32m'none'[39m
}
[Duplicate] Blocked duplicate form submit (140ms)
[EventListener] Skipping duplicate action: click act_002
[EventListener] Submit button detected - starting AJAX detection: {
  tagName: [32m'BUTTON'[39m,
  type: [32m'submit'[39m,
  className: [32m'carousel-next'[39m,
  hasForm: [33mfalse[39m
}
[EventListener] Content signature generated: { type: [32m'list-item'[39m, heading: [90mundefined[39m, position: [33m2[39m }
[ElementState] button.carousel-next: {
  visible: [33mfalse[39m,
  imageLoaded: [32m'N/A'[39m,
  networkIdle: [33mtrue[39m,
  parentVisible: [33mtrue[39m
}
[EventListener] 🔍 Starting form navigation detection: {
  urlBefore: [32m'http://localhost:3000/'[39m,
  formAction: [32m'none'[39m,
  formMethod: [32m'none'[39m
}
[Duplicate] Blocked duplicate form submit (135ms)
[EventListener] Skipping duplicate action: click act_014
[EventListener] Submit button detected - starting AJAX detection: {
  tagName: [32m'BUTTON'[39m,
  type: [32m'submit'[39m,
  className: [32m'carousel-next'[39m,
  hasForm: [33mfalse[39m
}
[EventListener] Content signature generated: { type: [32m'list-item'[39m, heading: [90mundefined[39m, position: [33m2[39m }
[ElementState] button.carousel-next: {
  visible: [33mfalse[39m,
  imageLoaded: [32m'N/A'[39m,
  networkIdle: [33mtrue[39m,
  parentVisible: [33mtrue[39m
}
[EventListener] 🔍 Starting form navigation detection: {
  urlBefore: [32m'http://localhost:3000/'[39m,
  formAction: [32m'none'[39m,
  formMethod: [32m'none'[39m
}
[EventListener] Submit button detected - starting AJAX detection: {
  tagName: [32m'BUTTON'[39m,
  type: [32m'submit'[39m,
  className: [32m'carousel-next'[39m,
  hasForm: [33mfalse[39m
}
[EventListener] Content signature generated: { type: [32m'list-item'[39m, heading: [90mundefined[39m, position: [33m2[39m }
[ElementState] button.carousel-next: {
  visible: [33mfalse[39m,
  imageLoaded: [32m'N/A'[39m,
  networkIdle: [33mtrue[39m,
  parentVisible: [33mtrue[39m
}
[EventListener] 🔍 Starting form navigation detection: {
  urlBefore: [32m'http://localhost:3000/'[39m,
  formAction: [32m'none'[39m,
  formMethod: [32m'none'[39m
}
[Duplicate] Blocked duplicate form submit (137ms)
[EventListener] Skipping duplicate action: click act_012
[EventListener] Submit button detected - starting AJAX detection: {
  tagName: [32m'BUTTON'[39m,
  type: [32m'submit'[39m,
  className: [32m'carousel-next'[39m,
  hasForm: [33mfalse[39m
}
[EventListener] Content signature generated: { type: [32m'list-item'[39m, heading: [90mundefined[39m, position: [33m2[39m }
[ElementState] button.carousel-next: {
  visible: [33mfalse[39m,
  imageLoaded: [32m'N/A'[39m,
  networkIdle: [33mtrue[39m,
  parentVisible: [33mtrue[39m
}
[EventListener] 🔍 Starting form navigation detection: {
  urlBefore: [32m'http://localhost:3000/'[39m,
  formAction: [32m'none'[39m,
  formMethod: [32m'none'[39m
}
[EventListener] Submit button detected - starting AJAX detection: {
  tagName: [32m'BUTTON'[39m,
  type: [32m'submit'[39m,
  className: [32m'carousel-next'[39m,
  hasForm: [33mfalse[39m
}
[EventListener] Content signature generated: { type: [32m'list-item'[39m, heading: [90mundefined[39m, position: [33m2[39m }
[ElementState] button.carousel-next: {
  visible: [33mfalse[39m,
  imageLoaded: [32m'N/A'[39m,
  networkIdle: [33mtrue[39m,
  parentVisible: [33mtrue[39m
}
[EventListener] 🔍 Starting form navigation detection: {
  urlBefore: [32m'http://localhost:3000/'[39m,
  formAction: [32m'none'[39m,
  formMethod: [32m'none'[39m
}
[EventListener] Submit button detected - starting AJAX detection: {
  tagName: [32m'BUTTON'[39m,
  type: [32m'submit'[39m,
  className: [32m'carousel-next'[39m,
  hasForm: [33mfalse[39m
}
[EventListener] Content signature generated: { type: [32m'list-item'[39m, heading: [90mundefined[39m, position: [33m2[39m }
[ElementState] button.carousel-next: {
  visible: [33mfalse[39m,
  imageLoaded: [32m'N/A'[39m,
  networkIdle: [33mtrue[39m,
  parentVisible: [33mtrue[39m
}
[EventListener] 🔍 Starting form navigation detection: {
  urlBefore: [32m'http://localhost:3000/'[39m,
  formAction: [32m'none'[39m,
  formMethod: [32m'none'[39m
}
[EventListener] Submit button detected - starting AJAX detection: {
  tagName: [32m'BUTTON'[39m,
  type: [32m'submit'[39m,
  className: [32m'carousel-next'[39m,
  hasForm: [33mfalse[39m
}
[EventListener] Content signature generated: { type: [32m'list-item'[39m, heading: [90mundefined[39m, position: [33m2[39m }
[ElementState] button.carousel-next: {
  visible: [33mfalse[39m,
  imageLoaded: [32m'N/A'[39m,
  networkIdle: [33mtrue[39m,
  parentVisible: [33mtrue[39m
}
[EventListener] 🔍 Starting form navigation detection: {
  urlBefore: [32m'http://localhost:3000/'[39m,
  formAction: [32m'none'[39m,
  formMethod: [32m'none'[39m
}
[EventListener] Submit button detected - starting AJAX detection: {
  tagName: [32m'BUTTON'[39m,
  type: [32m'submit'[39m,
  className: [32m'carousel-next'[39m,
  hasForm: [33mfalse[39m
}
[EventListener] Content signature generated: { type: [32m'list-item'[39m, heading: [90mundefined[39m, position: [33m2[39m }
[ElementState] button.carousel-next: {
  visible: [33mfalse[39m,
  imageLoaded: [32m'N/A'[39m,
  networkIdle: [33mtrue[39m,
  parentVisible: [33mtrue[39m
}
[EventListener] 🔍 Starting form navigation detection: {
  urlBefore: [32m'http://localhost:3000/'[39m,
  formAction: [32m'none'[39m,
  formMethod: [32m'none'[39m
}
[EventListener] Submit button detected - starting AJAX detection: {
  tagName: [32m'BUTTON'[39m,
  type: [32m'submit'[39m,
  className: [32m'carousel-next'[39m,
  hasForm: [33mfalse[39m
}
[EventListener] Content signature generated: { type: [32m'list-item'[39m, heading: [90mundefined[39m, position: [33m2[39m }
[ElementState] button.carousel-next: {
  visible: [33mfalse[39m,
  imageLoaded: [32m'N/A'[39m,
  networkIdle: [33mtrue[39m,
  parentVisible: [33mtrue[39m
}
[EventListener] 🔍 Starting form navigation detection: {
  urlBefore: [32m'http://localhost:3000/'[39m,
  formAction: [32m'none'[39m,
  formMethod: [32m'none'[39m
}
[EventListener] Submit button detected - starting AJAX detection: {
  tagName: [32m'BUTTON'[39m,
  type: [32m'submit'[39m,
  className: [32m'carousel-next'[39m,
  hasForm: [33mfalse[39m
}
[EventListener] Content signature generated: { type: [32m'list-item'[39m, heading: [90mundefined[39m, position: [33m2[39m }
[ElementState] button.carousel-next: {
  visible: [33mfalse[39m,
  imageLoaded: [32m'N/A'[39m,
  networkIdle: [33mtrue[39m,
  parentVisible: [33mtrue[39m
}
[EventListener] 🔍 Starting form navigation detection: {
  urlBefore: [32m'http://localhost:3000/'[39m,
  formAction: [32m'none'[39m,
  formMethod: [32m'none'[39m
}
[EventListener] Submit button detected - starting AJAX detection: {
  tagName: [32m'BUTTON'[39m,
  type: [32m'submit'[39m,
  className: [32m'carousel-next'[39m,
  hasForm: [33mfalse[39m
}
[EventListener] Content signature generated: { type: [32m'list-item'[39m, heading: [90mundefined[39m, position: [33m2[39m }
[ElementState] button.carousel-next: {
  visible: [33mfalse[39m,
  imageLoaded: [32m'N/A'[39m,
  networkIdle: [33mtrue[39m,
  parentVisible: [33mtrue[39m
}
[EventListener] 🔍 Starting form navigation detection: {
  urlBefore: [32m'http://localhost:3000/'[39m,
  formAction: [32m'none'[39m,
  formMethod: [32m'none'[39m
}
[Duplicate] Blocked duplicate form submit (177ms)
[EventListener] Skipping duplicate action: click act_004
[EventListener] Submit button detected - starting AJAX detection: {
  tagName: [32m'BUTTON'[39m,
  type: [32m'submit'[39m,
  className: [32m'carousel-next'[39m,
  hasForm: [33mfalse[39m
}
[EventListener] Content signature generated: { type: [32m'list-item'[39m, heading: [90mundefined[39m, position: [33m2[39m }
[ElementState] button.carousel-next: {
  visible: [33mfalse[39m,
  imageLoaded: [32m'N/A'[39m,
  networkIdle: [33mtrue[39m,
  parentVisible: [33mtrue[39m
}
[EventListener] 🔍 Starting form navigation detection: {
  urlBefore: [32m'http://localhost:3000/'[39m,
  formAction: [32m'none'[39m,
  formMethod: [32m'none'[39m
}

[90mstdout[2m | tests/unit/event-listener-carousel.test.ts[2m > [22m[2mEventListener - Carousel Detection[2m > [22m[2mCarousel click filtering[2m > [22m[2mshould filter rapid carousel clicks (< 200ms)[22m[39m
[EventListener] Recording start time set to: 2025-12-23T10:00:05.875Z
[ModalTracker] 🚀 Started modal tracking
[EventListener] 🔽 Dropdown observer started
[EventListener] Started listening (with modal tracking)
[EventListener] Submit button detected - starting AJAX detection: {
  tagName: [32m'BUTTON'[39m,
  type: [32m'submit'[39m,
  className: [32m'carousel-next'[39m,
  hasForm: [33mfalse[39m
}
[ElementState] button.carousel-next: {
  visible: [33mfalse[39m,
  imageLoaded: [32m'N/A'[39m,
  networkIdle: [33mtrue[39m,
  parentVisible: [33mtrue[39m
}
[EventListener] 🔍 Starting form navigation detection: {
  urlBefore: [32m'http://localhost:3000/'[39m,
  formAction: [32m'none'[39m,
  formMethod: [32m'none'[39m
}
[EventListener] Submit button detected - starting AJAX detection: {
  tagName: [32m'BUTTON'[39m,
  type: [32m'submit'[39m,
  className: [32m'carousel-next'[39m,
  hasForm: [33mfalse[39m
}
[ElementState] button.carousel-next: {
  visible: [33mfalse[39m,
  imageLoaded: [32m'N/A'[39m,
  networkIdle: [33mtrue[39m,
  parentVisible: [33mtrue[39m
}
[EventListener] 🔍 Starting form navigation detection: {
  urlBefore: [32m'http://localhost:3000/'[39m,
  formAction: [32m'none'[39m,
  formMethod: [32m'none'[39m
}
[EventListener] Submit button detected - starting AJAX detection: {
  tagName: [32m'BUTTON'[39m,
  type: [32m'submit'[39m,
  className: [32m'carousel-next'[39m,
  hasForm: [33mfalse[39m
}
[ElementState] button.carousel-next: {
  visible: [33mfalse[39m,
  imageLoaded: [32m'N/A'[39m,
  networkIdle: [33mtrue[39m,
  parentVisible: [33mtrue[39m
}
[EventListener] 🔍 Starting form navigation detection: {
  urlBefore: [32m'http://localhost:3000/'[39m,
  formAction: [32m'none'[39m,
  formMethod: [32m'none'[39m
}
[EventListener] Submit button detected - starting AJAX detection: {
  tagName: [32m'BUTTON'[39m,
  type: [32m'submit'[39m,
  className: [32m'carousel-next'[39m,
  hasForm: [33mfalse[39m
}
[ElementState] button.carousel-next: {
  visible: [33mfalse[39m,
  imageLoaded: [32m'N/A'[39m,
  networkIdle: [33mtrue[39m,
  parentVisible: [33mtrue[39m
}
[EventListener] 🔍 Starting form navigation detection: {
  urlBefore: [32m'http://localhost:3000/'[39m,
  formAction: [32m'none'[39m,
  formMethod: [32m'none'[39m
}
[Duplicate] Blocked duplicate form submit (191ms)
[EventListener] Skipping duplicate action: click act_012
[EventListener] Submit button detected - starting AJAX detection: {
  tagName: [32m'BUTTON'[39m,
  type: [32m'submit'[39m,
  className: [32m'carousel-next'[39m,
  hasForm: [33mfalse[39m
}
[ElementState] button.carousel-next: {
  visible: [33mfalse[39m,
  imageLoaded: [32m'N/A'[39m,
  networkIdle: [33mtrue[39m,
  parentVisible: [33mtrue[39m
}
[EventListener] 🔍 Starting form navigation detection: {
  urlBefore: [32m'http://localhost:3000/'[39m,
  formAction: [32m'none'[39m,
  formMethod: [32m'none'[39m
}
[Duplicate] Blocked duplicate form submit (181ms)
[EventListener] Skipping duplicate action: click act_011
[EventListener] Submit button detected - starting AJAX detection: {
  tagName: [32m'BUTTON'[39m,
  type: [32m'submit'[39m,
  className: [32m'carousel-next'[39m,
  hasForm: [33mfalse[39m
}
[ElementState] button.carousel-next: {
  visible: [33mfalse[39m,
  imageLoaded: [32m'N/A'[39m,
  networkIdle: [33mtrue[39m,
  parentVisible: [33mtrue[39m
}
[EventListener] 🔍 Starting form navigation detection: {
  urlBefore: [32m'http://localhost:3000/'[39m,
  formAction: [32m'none'[39m,
  formMethod: [32m'none'[39m
}
[Duplicate] Blocked duplicate form submit (166ms)
[EventListener] Skipping duplicate action: click act_010
[EventListener] Submit button detected - starting AJAX detection: {
  tagName: [32m'BUTTON'[39m,
  type: [32m'submit'[39m,
  className: [32m'carousel-next'[39m,
  hasForm: [33mfalse[39m
}
[ElementState] button.carousel-next: {
  visible: [33mfalse[39m,
  imageLoaded: [32m'N/A'[39m,
  networkIdle: [33mtrue[39m,
  parentVisible: [33mtrue[39m
}
[EventListener] 🔍 Starting form navigation detection: {
  urlBefore: [32m'http://localhost:3000/'[39m,
  formAction: [32m'none'[39m,
  formMethod: [32m'none'[39m
}
[Duplicate] Blocked duplicate form submit (160ms)
[EventListener] Skipping duplicate action: click act_009
[EventListener] Submit button detected - starting AJAX detection: {
  tagName: [32m'BUTTON'[39m,
  type: [32m'submit'[39m,
  className: [32m'carousel-next'[39m,
  hasForm: [33mfalse[39m
}
[ElementState] button.carousel-next: {
  visible: [33mfalse[39m,
  imageLoaded: [32m'N/A'[39m,
  networkIdle: [33mtrue[39m,
  parentVisible: [33mtrue[39m
}
[EventListener] 🔍 Starting form navigation detection: {
  urlBefore: [32m'http://localhost:3000/'[39m,
  formAction: [32m'none'[39m,
  formMethod: [32m'none'[39m
}
[Duplicate] Blocked duplicate form submit (149ms)
[EventListener] Skipping duplicate action: click act_008
[EventListener] Submit button detected - starting AJAX detection: {
  tagName: [32m'BUTTON'[39m,
  type: [32m'submit'[39m,
  className: [32m'carousel-next'[39m,
  hasForm: [33mfalse[39m
}
[ElementState] button.carousel-next: {
  visible: [33mfalse[39m,
  imageLoaded: [32m'N/A'[39m,
  networkIdle: [33mtrue[39m,
  parentVisible: [33mtrue[39m
}
[EventListener] 🔍 Starting form navigation detection: {
  urlBefore: [32m'http://localhost:3000/'[39m,
  formAction: [32m'none'[39m,
  formMethod: [32m'none'[39m
}
[Duplicate] Blocked duplicate form submit (140ms)
[EventListener] Skipping duplicate action: click act_007
[EventListener] Submit button detected - starting AJAX detection: {
  tagName: [32m'BUTTON'[39m,
  type: [32m'submit'[39m,
  className: [32m'carousel-next'[39m,
  hasForm: [33mfalse[39m
}
[ElementState] button.carousel-next: {
  visible: [33mfalse[39m,
  imageLoaded: [32m'N/A'[39m,
  networkIdle: [33mtrue[39m,
  parentVisible: [33mtrue[39m
}
[EventListener] 🔍 Starting form navigation detection: {
  urlBefore: [32m'http://localhost:3000/'[39m,
  formAction: [32m'none'[39m,
  formMethod: [32m'none'[39m
}
[Duplicate] Blocked duplicate form submit (128ms)
[EventListener] Skipping duplicate action: click act_006
[EventListener] Submit button detected - starting AJAX detection: {
  tagName: [32m'BUTTON'[39m,
  type: [32m'submit'[39m,
  className: [32m'carousel-next'[39m,
  hasForm: [33mfalse[39m
}
[ElementState] button.carousel-next: {
  visible: [33mfalse[39m,
  imageLoaded: [32m'N/A'[39m,
  networkIdle: [33mtrue[39m,
  parentVisible: [33mtrue[39m
}
[EventListener] 🔍 Starting form navigation detection: {
  urlBefore: [32m'http://localhost:3000/'[39m,
  formAction: [32m'none'[39m,
  formMethod: [32m'none'[39m
}
[EventListener] Submit button detected - starting AJAX detection: {
  tagName: [32m'BUTTON'[39m,
  type: [32m'submit'[39m,
  className: [32m'carousel-next'[39m,
  hasForm: [33mfalse[39m
}
[ElementState] button.carousel-next: {
  visible: [33mfalse[39m,
  imageLoaded: [32m'N/A'[39m,
  networkIdle: [33mtrue[39m,
  parentVisible: [33mtrue[39m
}
[EventListener] 🔍 Starting form navigation detection: {
  urlBefore: [32m'http://localhost:3000/'[39m,
  formAction: [32m'none'[39m,
  formMethod: [32m'none'[39m
}
[Duplicate] Blocked duplicate form submit (104ms)
[EventListener] Skipping duplicate action: click act_004
[EventListener] Submit button detected - starting AJAX detection: {
  tagName: [32m'BUTTON'[39m,
  type: [32m'submit'[39m,
  className: [32m'carousel-next'[39m,
  hasForm: [33mfalse[39m
}
[ElementState] button.carousel-next: {
  visible: [33mfalse[39m,
  imageLoaded: [32m'N/A'[39m,
  networkIdle: [33mtrue[39m,
  parentVisible: [33mtrue[39m
}
[EventListener] 🔍 Starting form navigation detection: {
  urlBefore: [32m'http://localhost:3000/'[39m,
  formAction: [32m'none'[39m,
  formMethod: [32m'none'[39m
}

[90mstdout[2m | tests/unit/event-listener-carousel.test.ts[2m > [22m[2mEventListener - Carousel Detection[2m > [22m[2mCarousel click filtering[2m > [22m[2mshould allow carousel clicks after 200ms delay[22m[39m
[EventListener] Recording start time set to: 2025-12-23T10:00:05.983Z
[ModalTracker] 🚀 Started modal tracking
[EventListener] 🔽 Dropdown observer started
[EventListener] Started listening (with modal tracking)
[EventListener] Submit button detected - starting AJAX detection: {
  tagName: [32m'BUTTON'[39m,
  type: [32m'submit'[39m,
  className: [32m'carousel-next'[39m,
  hasForm: [33mfalse[39m
}
[ElementState] button.carousel-next: {
  visible: [33mfalse[39m,
  imageLoaded: [32m'N/A'[39m,
  networkIdle: [33mtrue[39m,
  parentVisible: [33mtrue[39m
}
[EventListener] 🔍 Starting form navigation detection: {
  urlBefore: [32m'http://localhost:3000/'[39m,
  formAction: [32m'none'[39m,
  formMethod: [32m'none'[39m
}
[Duplicate] Blocked duplicate form submit (105ms)
[EventListener] Skipping duplicate action: click act_016
[EventListener] Submit button detected - starting AJAX detection: {
  tagName: [32m'BUTTON'[39m,
  type: [32m'submit'[39m,
  className: [32m'carousel-next'[39m,
  hasForm: [33mfalse[39m
}
[ElementState] button.carousel-next: {
  visible: [33mfalse[39m,
  imageLoaded: [32m'N/A'[39m,
  networkIdle: [33mtrue[39m,
  parentVisible: [33mtrue[39m
}
[EventListener] 🔍 Starting form navigation detection: {
  urlBefore: [32m'http://localhost:3000/'[39m,
  formAction: [32m'none'[39m,
  formMethod: [32m'none'[39m
}
[Duplicate] Blocked duplicate form submit (102ms)
[EventListener] Skipping duplicate action: click act_015
[EventListener] Submit button detected - starting AJAX detection: {
  tagName: [32m'BUTTON'[39m,
  type: [32m'submit'[39m,
  className: [32m'carousel-next'[39m,
  hasForm: [33mfalse[39m
}
[ElementState] button.carousel-next: {
  visible: [33mfalse[39m,
  imageLoaded: [32m'N/A'[39m,
  networkIdle: [33mtrue[39m,
  parentVisible: [33mtrue[39m
}
[EventListener] 🔍 Starting form navigation detection: {
  urlBefore: [32m'http://localhost:3000/'[39m,
  formAction: [32m'none'[39m,
  formMethod: [32m'none'[39m
}
[Duplicate] Blocked duplicate form submit (102ms)
[EventListener] Skipping duplicate action: click act_014
[EventListener] Submit button detected - starting AJAX detection: {
  tagName: [32m'BUTTON'[39m,
  type: [32m'submit'[39m,
  className: [32m'carousel-next'[39m,
  hasForm: [33mfalse[39m
}
[ElementState] button.carousel-next: {
  visible: [33mfalse[39m,
  imageLoaded: [32m'N/A'[39m,
  networkIdle: [33mtrue[39m,
  parentVisible: [33mtrue[39m
}
[EventListener] 🔍 Starting form navigation detection: {
  urlBefore: [32m'http://localhost:3000/'[39m,
  formAction: [32m'none'[39m,
  formMethod: [32m'none'[39m
}
[EventListener] Submit button detected - starting AJAX detection: {
  tagName: [32m'BUTTON'[39m,
  type: [32m'submit'[39m,
  className: [32m'carousel-next'[39m,
  hasForm: [33mfalse[39m
}
[ElementState] button.carousel-next: {
  visible: [33mfalse[39m,
  imageLoaded: [32m'N/A'[39m,
  networkIdle: [33mtrue[39m,
  parentVisible: [33mtrue[39m
}
[EventListener] 🔍 Starting form navigation detection: {
  urlBefore: [32m'http://localhost:3000/'[39m,
  formAction: [32m'none'[39m,
  formMethod: [32m'none'[39m
}
[EventListener] Submit button detected - starting AJAX detection: {
  tagName: [32m'BUTTON'[39m,
  type: [32m'submit'[39m,
  className: [32m'carousel-next'[39m,
  hasForm: [33mfalse[39m
}
[ElementState] button.carousel-next: {
  visible: [33mfalse[39m,
  imageLoaded: [32m'N/A'[39m,
  networkIdle: [33mtrue[39m,
  parentVisible: [33mtrue[39m
}
[EventListener] 🔍 Starting form navigation detection: {
  urlBefore: [32m'http://localhost:3000/'[39m,
  formAction: [32m'none'[39m,
  formMethod: [32m'none'[39m
}
[EventListener] Submit button detected - starting AJAX detection: {
  tagName: [32m'BUTTON'[39m,
  type: [32m'submit'[39m,
  className: [32m'carousel-next'[39m,
  hasForm: [33mfalse[39m
}
[ElementState] button.carousel-next: {
  visible: [33mfalse[39m,
  imageLoaded: [32m'N/A'[39m,
  networkIdle: [33mtrue[39m,
  parentVisible: [33mtrue[39m
}
[EventListener] 🔍 Starting form navigation detection: {
  urlBefore: [32m'http://localhost:3000/'[39m,
  formAction: [32m'none'[39m,
  formMethod: [32m'none'[39m
}
[EventListener] Submit button detected - starting AJAX detection: {
  tagName: [32m'BUTTON'[39m,
  type: [32m'submit'[39m,
  className: [32m'carousel-next'[39m,
  hasForm: [33mfalse[39m
}
[ElementState] button.carousel-next: {
  visible: [33mfalse[39m,
  imageLoaded: [32m'N/A'[39m,
  networkIdle: [33mtrue[39m,
  parentVisible: [33mtrue[39m
}
[EventListener] 🔍 Starting form navigation detection: {
  urlBefore: [32m'http://localhost:3000/'[39m,
  formAction: [32m'none'[39m,
  formMethod: [32m'none'[39m
}
[EventListener] Submit button detected - starting AJAX detection: {
  tagName: [32m'BUTTON'[39m,
  type: [32m'submit'[39m,
  className: [32m'carousel-next'[39m,
  hasForm: [33mfalse[39m
}
[ElementState] button.carousel-next: {
  visible: [33mfalse[39m,
  imageLoaded: [32m'N/A'[39m,
  networkIdle: [33mtrue[39m,
  parentVisible: [33mtrue[39m
}
[EventListener] 🔍 Starting form navigation detection: {
  urlBefore: [32m'http://localhost:3000/'[39m,
  formAction: [32m'none'[39m,
  formMethod: [32m'none'[39m
}
[EventListener] Submit button detected - starting AJAX detection: {
  tagName: [32m'BUTTON'[39m,
  type: [32m'submit'[39m,
  className: [32m'carousel-next'[39m,
  hasForm: [33mfalse[39m
}
[ElementState] button.carousel-next: {
  visible: [33mfalse[39m,
  imageLoaded: [32m'N/A'[39m,
  networkIdle: [33mtrue[39m,
  parentVisible: [33mtrue[39m
}
[EventListener] 🔍 Starting form navigation detection: {
  urlBefore: [32m'http://localhost:3000/'[39m,
  formAction: [32m'none'[39m,
  formMethod: [32m'none'[39m
}
[EventListener] Submit button detected - starting AJAX detection: {
  tagName: [32m'BUTTON'[39m,
  type: [32m'submit'[39m,
  className: [32m'carousel-next'[39m,
  hasForm: [33mfalse[39m
}
[ElementState] button.carousel-next: {
  visible: [33mfalse[39m,
  imageLoaded: [32m'N/A'[39m,
  networkIdle: [33mtrue[39m,
  parentVisible: [33mtrue[39m
}
[EventListener] 🔍 Starting form navigation detection: {
  urlBefore: [32m'http://localhost:3000/'[39m,
  formAction: [32m'none'[39m,
  formMethod: [32m'none'[39m
}
[Duplicate] Blocked duplicate form submit (93ms)
[EventListener] Skipping duplicate action: click act_006
[EventListener] Submit button detected - starting AJAX detection: {
  tagName: [32m'BUTTON'[39m,
  type: [32m'submit'[39m,
  className: [32m'carousel-next'[39m,
  hasForm: [33mfalse[39m
}
[ElementState] button.carousel-next: {
  visible: [33mfalse[39m,
  imageLoaded: [32m'N/A'[39m,
  networkIdle: [33mtrue[39m,
  parentVisible: [33mtrue[39m
}
[EventListener] 🔍 Starting form navigation detection: {
  urlBefore: [32m'http://localhost:3000/'[39m,
  formAction: [32m'none'[39m,
  formMethod: [32m'none'[39m
}
[Duplicate] Blocked duplicate form submit (197ms)
[EventListener] Skipping duplicate action: click act_005
[EventListener] Submit button detected - starting AJAX detection: {
  tagName: [32m'BUTTON'[39m,
  type: [32m'submit'[39m,
  className: [32m'carousel-next'[39m,
  hasForm: [33mfalse[39m
}
[ElementState] button.carousel-next: {
  visible: [33mfalse[39m,
  imageLoaded: [32m'N/A'[39m,
  networkIdle: [33mtrue[39m,
  parentVisible: [33mtrue[39m
}
[EventListener] 🔍 Starting form navigation detection: {
  urlBefore: [32m'http://localhost:3000/'[39m,
  formAction: [32m'none'[39m,
  formMethod: [32m'none'[39m
}
[Duplicate] Blocked duplicate form submit (94ms)
[EventListener] Skipping duplicate action: click act_002
[EventListener] Submit button detected - starting AJAX detection: {
  tagName: [32m'BUTTON'[39m,
  type: [32m'submit'[39m,
  className: [32m'carousel-next'[39m,
  hasForm: [33mfalse[39m
}
[ElementState] button.carousel-next: {
  visible: [33mfalse[39m,
  imageLoaded: [32m'N/A'[39m,
  networkIdle: [33mtrue[39m,
  parentVisible: [33mtrue[39m
}
[EventListener] 🔍 Starting form navigation detection: {
  urlBefore: [32m'http://localhost:3000/'[39m,
  formAction: [32m'none'[39m,
  formMethod: [32m'none'[39m
}

[90mstdout[2m | tests/unit/event-listener-carousel.test.ts[2m > [22m[2mEventListener - Carousel Detection[2m > [22m[2mCarousel click filtering[2m > [22m[2mshould detect excessive carousel clicking[22m[39m
[EventListener] Recording start time set to: 2025-12-23T10:00:06.083Z
[ModalTracker] 🚀 Started modal tracking
[EventListener] 🔽 Dropdown observer started
[EventListener] Started listening (with modal tracking)
[EventListener] Submit button detected - starting AJAX detection: {
  tagName: [32m'BUTTON'[39m,
  type: [32m'submit'[39m,
  className: [32m'carousel-next'[39m,
  hasForm: [33mfalse[39m
}
[ElementState] button.carousel-next: {
  visible: [33mfalse[39m,
  imageLoaded: [32m'N/A'[39m,
  networkIdle: [33mtrue[39m,
  parentVisible: [33mtrue[39m
}
[EventListener] 🔍 Starting form navigation detection: {
  urlBefore: [32m'http://localhost:3000/'[39m,
  formAction: [32m'none'[39m,
  formMethod: [32m'none'[39m
}
[EventListener] Submit button detected - starting AJAX detection: {
  tagName: [32m'BUTTON'[39m,
  type: [32m'submit'[39m,
  className: [32m'carousel-next'[39m,
  hasForm: [33mfalse[39m
}
[ElementState] button.carousel-next: {
  visible: [33mfalse[39m,
  imageLoaded: [32m'N/A'[39m,
  networkIdle: [33mtrue[39m,
  parentVisible: [33mtrue[39m
}
[EventListener] 🔍 Starting form navigation detection: {
  urlBefore: [32m'http://localhost:3000/'[39m,
  formAction: [32m'none'[39m,
  formMethod: [32m'none'[39m
}
[EventListener] Submit button detected - starting AJAX detection: {
  tagName: [32m'BUTTON'[39m,
  type: [32m'submit'[39m,
  className: [32m'carousel-next'[39m,
  hasForm: [33mfalse[39m
}
[ElementState] button.carousel-next: {
  visible: [33mfalse[39m,
  imageLoaded: [32m'N/A'[39m,
  networkIdle: [33mtrue[39m,
  parentVisible: [33mtrue[39m
}
[EventListener] 🔍 Starting form navigation detection: {
  urlBefore: [32m'http://localhost:3000/'[39m,
  formAction: [32m'none'[39m,
  formMethod: [32m'none'[39m
}
[EventListener] Submit button detected - starting AJAX detection: {
  tagName: [32m'BUTTON'[39m,
  type: [32m'submit'[39m,
  className: [32m'carousel-next'[39m,
  hasForm: [33mfalse[39m
}
[ElementState] button.carousel-next: {
  visible: [33mfalse[39m,
  imageLoaded: [32m'N/A'[39m,
  networkIdle: [33mtrue[39m,
  parentVisible: [33mtrue[39m
}
[EventListener] 🔍 Starting form navigation detection: {
  urlBefore: [32m'http://localhost:3000/'[39m,
  formAction: [32m'none'[39m,
  formMethod: [32m'none'[39m
}
[Duplicate] Blocked duplicate form submit (109ms)
[EventListener] Skipping duplicate action: click act_014
[EventListener] Submit button detected - starting AJAX detection: {
  tagName: [32m'BUTTON'[39m,
  type: [32m'submit'[39m,
  className: [32m'carousel-next'[39m,
  hasForm: [33mfalse[39m
}
[ElementState] button.carousel-next: {
  visible: [33mfalse[39m,
  imageLoaded: [32m'N/A'[39m,
  networkIdle: [33mtrue[39m,
  parentVisible: [33mtrue[39m
}
[EventListener] 🔍 Starting form navigation detection: {
  urlBefore: [32m'http://localhost:3000/'[39m,
  formAction: [32m'none'[39m,
  formMethod: [32m'none'[39m
}
[Duplicate] Blocked duplicate form submit (116ms)
[EventListener] Skipping duplicate action: click act_013
[EventListener] Submit button detected - starting AJAX detection: {
  tagName: [32m'BUTTON'[39m,
  type: [32m'submit'[39m,
  className: [32m'carousel-next'[39m,
  hasForm: [33mfalse[39m
}
[ElementState] button.carousel-next: {
  visible: [33mfalse[39m,
  imageLoaded: [32m'N/A'[39m,
  networkIdle: [33mtrue[39m,
  parentVisible: [33mtrue[39m
}
[EventListener] 🔍 Starting form navigation detection: {
  urlBefore: [32m'http://localhost:3000/'[39m,
  formAction: [32m'none'[39m,
  formMethod: [32m'none'[39m
}
[Duplicate] Blocked duplicate form submit (115ms)
[EventListener] Skipping duplicate action: click act_012
[EventListener] Submit button detected - starting AJAX detection: {
  tagName: [32m'BUTTON'[39m,
  type: [32m'submit'[39m,
  className: [32m'carousel-next'[39m,
  hasForm: [33mfalse[39m
}
[ElementState] button.carousel-next: {
  visible: [33mfalse[39m,
  imageLoaded: [32m'N/A'[39m,
  networkIdle: [33mtrue[39m,
  parentVisible: [33mtrue[39m
}
[EventListener] 🔍 Starting form navigation detection: {
  urlBefore: [32m'http://localhost:3000/'[39m,
  formAction: [32m'none'[39m,
  formMethod: [32m'none'[39m
}
[Duplicate] Blocked duplicate form submit (116ms)
[EventListener] Skipping duplicate action: click act_011
[EventListener] Submit button detected - starting AJAX detection: {
  tagName: [32m'BUTTON'[39m,
  type: [32m'submit'[39m,
  className: [32m'carousel-next'[39m,
  hasForm: [33mfalse[39m
}
[ElementState] button.carousel-next: {
  visible: [33mfalse[39m,
  imageLoaded: [32m'N/A'[39m,
  networkIdle: [33mtrue[39m,
  parentVisible: [33mtrue[39m
}
[EventListener] 🔍 Starting form navigation detection: {
  urlBefore: [32m'http://localhost:3000/'[39m,
  formAction: [32m'none'[39m,
  formMethod: [32m'none'[39m
}
[Duplicate] Blocked duplicate form submit (116ms)
[EventListener] Skipping duplicate action: click act_010
[EventListener] Submit button detected - starting AJAX detection: {
  tagName: [32m'BUTTON'[39m,
  type: [32m'submit'[39m,
  className: [32m'carousel-next'[39m,
  hasForm: [33mfalse[39m
}
[ElementState] button.carousel-next: {
  visible: [33mfalse[39m,
  imageLoaded: [32m'N/A'[39m,
  networkIdle: [33mtrue[39m,
  parentVisible: [33mtrue[39m
}
[EventListener] 🔍 Starting form navigation detection: {
  urlBefore: [32m'http://localhost:3000/'[39m,
  formAction: [32m'none'[39m,
  formMethod: [32m'none'[39m
}
[Duplicate] Blocked duplicate form submit (116ms)
[EventListener] Skipping duplicate action: click act_009
[EventListener] Submit button detected - starting AJAX detection: {
  tagName: [32m'BUTTON'[39m,
  type: [32m'submit'[39m,
  className: [32m'carousel-next'[39m,
  hasForm: [33mfalse[39m
}
[ElementState] button.carousel-next: {
  visible: [33mfalse[39m,
  imageLoaded: [32m'N/A'[39m,
  networkIdle: [33mtrue[39m,
  parentVisible: [33mtrue[39m
}
[EventListener] 🔍 Starting form navigation detection: {
  urlBefore: [32m'http://localhost:3000/'[39m,
  formAction: [32m'none'[39m,
  formMethod: [32m'none'[39m
}
[Duplicate] Blocked duplicate form submit (115ms)
[EventListener] Skipping duplicate action: click act_008
[EventListener] Submit button detected - starting AJAX detection: {
  tagName: [32m'BUTTON'[39m,
  type: [32m'submit'[39m,
  className: [32m'carousel-next'[39m,
  hasForm: [33mfalse[39m
}
[ElementState] button.carousel-next: {
  visible: [33mfalse[39m,
  imageLoaded: [32m'N/A'[39m,
  networkIdle: [33mtrue[39m,
  parentVisible: [33mtrue[39m
}
[EventListener] 🔍 Starting form navigation detection: {
  urlBefore: [32m'http://localhost:3000/'[39m,
  formAction: [32m'none'[39m,
  formMethod: [32m'none'[39m
}
[EventListener] Submit button detected - starting AJAX detection: {
  tagName: [32m'BUTTON'[39m,
  type: [32m'submit'[39m,
  className: [32m'carousel-next'[39m,
  hasForm: [33mfalse[39m
}
[ElementState] button.carousel-next: {
  visible: [33mfalse[39m,
  imageLoaded: [32m'N/A'[39m,
  networkIdle: [33mtrue[39m,
  parentVisible: [33mtrue[39m
}
[EventListener] 🔍 Starting form navigation detection: {
  urlBefore: [32m'http://localhost:3000/'[39m,
  formAction: [32m'none'[39m,
  formMethod: [32m'none'[39m
}
[EventListener] Submit button detected - starting AJAX detection: {
  tagName: [32m'BUTTON'[39m,
  type: [32m'submit'[39m,
  className: [32m'carousel-next'[39m,
  hasForm: [33mfalse[39m
}
[ElementState] button.carousel-next: {
  visible: [33mfalse[39m,
  imageLoaded: [32m'N/A'[39m,
  networkIdle: [33mtrue[39m,
  parentVisible: [33mtrue[39m
}
[EventListener] 🔍 Starting form navigation detection: {
  urlBefore: [32m'http://localhost:3000/'[39m,
  formAction: [32m'none'[39m,
  formMethod: [32m'none'[39m
}
[EventListener] Submit button detected - starting AJAX detection: {
  tagName: [32m'BUTTON'[39m,
  type: [32m'submit'[39m,
  className: [32m'carousel-next'[39m,
  hasForm: [33mfalse[39m
}
[ElementState] button.carousel-next: {
  visible: [33mfalse[39m,
  imageLoaded: [32m'N/A'[39m,
  networkIdle: [33mtrue[39m,
  parentVisible: [33mtrue[39m
}
[EventListener] 🔍 Starting form navigation detection: {
  urlBefore: [32m'http://localhost:3000/'[39m,
  formAction: [32m'none'[39m,
  formMethod: [32m'none'[39m
}
[Duplicate] Blocked duplicate form submit (118ms)
[EventListener] Skipping duplicate action: click act_002
[EventListener] Submit button detected - starting AJAX detection: {
  tagName: [32m'BUTTON'[39m,
  type: [32m'submit'[39m,
  className: [32m'carousel-next'[39m,
  hasForm: [33mfalse[39m
}
[ElementState] button.carousel-next: {
  visible: [33mfalse[39m,
  imageLoaded: [32m'N/A'[39m,
  networkIdle: [33mtrue[39m,
  parentVisible: [33mtrue[39m
}
[EventListener] 🔍 Starting form navigation detection: {
  urlBefore: [32m'http://localhost:3000/'[39m,
  formAction: [32m'none'[39m,
  formMethod: [32m'none'[39m
}

[90mstdout[2m | tests/unit/event-listener.test.ts[2m > [22m[2mEventListener[2m > [22m[2mSmart Filtering[2m > [22m[2mshould ignore duplicate consecutive actions[22m[39m
[EventListener] 🔽 Dropdown observer stopped

[90mstdout[2m | tests/unit/event-listener.test.ts[2m > [22m[2mEventListener[2m > [22m[2mMouseDown Events[2m > [22m[2mshould capture mousedown events on interactive elements[22m[39m
[ModalTracker] 🚀 Started modal tracking
[EventListener] 🔽 Dropdown observer started
[EventListener] Started listening (with modal tracking)
[ElementState] button: {
  visible: [33mfalse[39m,
  imageLoaded: [32m'N/A'[39m,
  networkIdle: [33mtrue[39m,
  parentVisible: [33mtrue[39m
}
[EventListener] 🔽 Dropdown observer stopped

[90mstdout[2m | tests/unit/event-listener.test.ts[2m > [22m[2mEventListener[2m > [22m[2mMouseDown Events[2m > [22m[2mshould capture mousedown on nested elements in dropdown lists[22m[39m
[ModalTracker] 🚀 Started modal tracking
[EventListener] 🔽 Dropdown observer started
[EventListener] Started listening (with modal tracking)
[ElementState] span: {
  visible: [33mfalse[39m,
  imageLoaded: [32m'N/A'[39m,
  networkIdle: [33mtrue[39m,
  parentVisible: [33mtrue[39m
}
[EventListener] 🔽 Dropdown observer stopped

[90mstdout[2m | tests/unit/event-listener.test.ts[2m > [22m[2mEventListener[2m > [22m[2mMouseDown Events[2m > [22m[2mshould skip mousedown on navigation links to avoid duplicates[22m[39m
[ModalTracker] 🚀 Started modal tracking
[EventListener] 🔽 Dropdown observer started
[EventListener] Started listening (with modal tracking)
[EventListener] 🔽 Dropdown observer stopped

[90mstdout[2m | tests/unit/event-listener.test.ts[2m > [22m[2mEventListener[2m > [22m[2mMouseDown Events[2m > [22m[2mshould capture mousedown on list items[22m[39m
[ModalTracker] 🚀 Started modal tracking
[EventListener] 🔽 Dropdown observer started
[EventListener] Started listening (with modal tracking)
[ElementState] li: {
  visible: [33mfalse[39m,
  imageLoaded: [32m'N/A'[39m,
  networkIdle: [33mtrue[39m,
  parentVisible: [33mtrue[39m
}
[EventListener] 🔽 Dropdown observer stopped

[90mstdout[2m | tests/unit/event-listener.test.ts[2m > [22m[2mEventListener[2m > [22m[2mMouseDown Events[2m > [22m[2mshould handle mousedown on elements with onclick handlers[22m[39m
[ModalTracker] 🚀 Started modal tracking
[EventListener] 🔽 Dropdown observer started
[EventListener] Started listening (with modal tracking)
[ElementState] div: {
  visible: [33mfalse[39m,
  imageLoaded: [32m'N/A'[39m,
  networkIdle: [33mtrue[39m,
  parentVisible: [33mtrue[39m
}
[EventListener] 🔽 Dropdown observer stopped

[90mstdout[2m | tests/unit/event-listener.test.ts[2m > [22m[2mEventListener[2m > [22m[2mLifecycle[2m > [22m[2mshould start and stop listening[22m[39m
[ModalTracker] 🚀 Started modal tracking
[EventListener] 🔽 Dropdown observer started
[EventListener] Started listening (with modal tracking)
[EventListener] Submit button detected - starting AJAX detection: { tagName: [32m'BUTTON'[39m, type: [32m'submit'[39m, className: [32m''[39m, hasForm: [33mfalse[39m }
[ElementState] button: {
  visible: [33mfalse[39m,
  imageLoaded: [32m'N/A'[39m,
  networkIdle: [33mtrue[39m,
  parentVisible: [33mtrue[39m
}
[EventListener] 🔍 Starting form navigation detection: {
  urlBefore: [32m'http://localhost:3000/'[39m,
  formAction: [32m'none'[39m,
  formMethod: [32m'none'[39m
}
[EventListener] 🔽 Dropdown observer stopped

[90mstdout[2m | tests/unit/event-listener.test.ts[2m > [22m[2mEventListener[2m > [22m[2mLifecycle[2m > [22m[2mshould cleanup on destroy[22m[39m
[ModalTracker] 🚀 Started modal tracking
[EventListener] 🔽 Dropdown observer started
[EventListener] Started listening (with modal tracking)
[EventListener] 🔽 Dropdown observer stopped

[90mstdout[2m | tests/unit/event-listener.test.ts[2m > [22m[2mEventListener[2m > [22m[2mDuplicate Detection[2m > [22m[2mshould prevent duplicate click actions[22m[39m
[ModalTracker] 🚀 Started modal tracking
[EventListener] 🔽 Dropdown observer started
[EventListener] Started listening (with modal tracking)
[EventListener] Submit button detected - starting AJAX detection: { tagName: [32m'BUTTON'[39m, type: [32m'submit'[39m, className: [32m''[39m, hasForm: [33mfalse[39m }
[ElementState] button#test-btn: {
  visible: [33mfalse[39m,
  imageLoaded: [32m'N/A'[39m,
  networkIdle: [33mtrue[39m,
  parentVisible: [33mtrue[39m
}
[EventListener] 🔍 Starting form navigation detection: {
  urlBefore: [32m'http://localhost:3000/'[39m,
  formAction: [32m'none'[39m,
  formMethod: [32m'none'[39m
}
[EventListener] 🔽 Dropdown observer stopped

[90mstdout[2m | tests/unit/event-listener.test.ts[2m > [22m[2mEventListener[2m > [22m[2mDuplicate Detection[2m > [22m[2mshould prevent duplicate input actions[22m[39m
[ModalTracker] 🚀 Started modal tracking
[EventListener] 🔽 Dropdown observer started
[EventListener] Started listening (with modal tracking)
[EventListener] 🟢 LAYER 2: Attached MutationObserver: test-input
[EventListener] 🟢 LAYER 3: Started polling field: test-input
[EventListener] ✨ Input focused - ALL 3 LAYERS ACTIVE: test-input
[EventListener] 🎯 onInput called: {
  id: [32m'test-input'[39m,
  name: [32m'no-name'[39m,
  type: [32m'text'[39m,
  value: [32m'"test..."'[39m,
  valueLength: [33m4[39m
}

 [33m❯[39m tests/unit/event-listener-carousel.test.ts [2m ([22m[2m15 tests[22m [2m|[22m [31m7 failed[39m[2m)[22m[33m 2133[2mms[22m[39m
[31m   [33m❯[31m tests/unit/event-listener-carousel.test.ts[2m > [22mEventListener - Carousel Detection[2m > [22mCarousel context generation[2m > [22mshould detect product gallery carousel type[39m
[31m     → expected undefined to be 'product-gallery' // Object.is equality[39m
[31m   [33m❯[31m tests/unit/event-listener-carousel.test.ts[2m > [22mEventListener - Carousel Detection[2m > [22mCarousel context generation[2m > [22mshould include container selector in carousel context[39m
[31m     → the given combination of arguments (undefined and string) is invalid for this assertion. You can use an array, a map, an object, a set, a string, or a weakset instead of a string[39m
[31m   [33m❯[31m tests/unit/event-listener-carousel.test.ts[2m > [22mEventListener - Carousel Detection[2m > [22mContainer-scoped carousel selectors[2m > [22mshould prioritize xpathAbsolute for carousel selectors[39m
[31m     → expected 'css' to be 'xpathAbsolute' // Object.is equality[39m
[31m   [33m❯[31m tests/unit/event-listener-carousel.test.ts[2m > [22mEventListener - Carousel Detection[2m > [22mContainer-scoped carousel selectors[2m > [22mshould generate unique selectors for multiple carousels on same page[39m
[31m     → expected 1 to be 3 // Object.is equality[39m
[31m   [33m❯[31m tests/unit/event-listener-carousel.test.ts[2m > [22mEventListener - Carousel Detection[2m > [22mCarousel click filtering[2m > [22mshould filter rapid carousel clicks (< 200ms)[39m
[31m     → expected 5 to be 1 // Object.is equality[39m
[31m   [33m❯[31m tests/unit/event-listener-carousel.test.ts[2m > [22mEventListener - Carousel Detection[2m > [22mCarousel click filtering[2m > [22mshould allow carousel clicks after 200ms delay[39m
[31m     → expected 8 to be 1 // Object.is equality[39m
[31m   [33m❯[31m tests/unit/event-listener-carousel.test.ts[2m > [22mEventListener - Carousel Detection[2m > [22mCarousel click filtering[2m > [22mshould detect excessive carousel clicking[39m
[31m     → Timers are not mocked. Try calling "vi.useFakeTimers()" first.[39m
[90mstdout[2m | EventListener.isDuplicateAction (C:\Users\zozaz\Documents\Downloads\SaveAction-recorder-browser-extenstion\src\content\event-listener.ts:3376:21)[22m[39m
[Duplicate] Filtered accidental carousel double-tap (-1830ms)
[Duplicate] Filtered accidental carousel double-tap (-1595ms)
[Duplicate] Filtered accidental carousel double-tap (-1594ms)
[Duplicate] Filtered accidental carousel double-tap (-1587ms)
[Duplicate] Filtered accidental carousel double-tap (-1476ms)
[Duplicate] Filtered accidental carousel double-tap (-1520ms)
[Duplicate] Filtered accidental carousel double-tap (-1516ms)
[Duplicate] Filtered accidental carousel double-tap (-1514ms)
[Duplicate] Filtered accidental carousel double-tap (-1404ms)
[Duplicate] Filtered accidental carousel double-tap (-1399ms)
[Duplicate] Filtered accidental carousel double-tap (-1445ms)
[Duplicate] Filtered accidental carousel double-tap (-1443ms)
[Duplicate] Filtered accidental carousel double-tap (-1441ms)
[Duplicate] Filtered accidental carousel double-tap (-1333ms)
[Duplicate] Filtered accidental carousel double-tap (-1331ms)
[Duplicate] Filtered accidental carousel double-tap (-1329ms)
[Duplicate] Filtered accidental carousel double-tap (-1374ms)
[Duplicate] Filtered accidental carousel double-tap (-1372ms)
[Duplicate] Filtered accidental carousel double-tap (-1369ms)
[Duplicate] Filtered accidental carousel double-tap (-1259ms)
[Duplicate] Filtered accidental carousel double-tap (-1257ms)
[Duplicate] Filtered accidental carousel double-tap (-1257ms)
[Duplicate] Filtered accidental carousel double-tap (-1255ms)

[90mstdout[2m | EventListener.detectAjaxForm (C:\Users\zozaz\Documents\Downloads\SaveAction-recorder-browser-extenstion\src\content\event-listener.ts:2563:13)[22m[39m
[EventListener] ✅ Form navigation detection complete: {
  urlBefore: [32m'http://localhost:3000/'[39m,
  urlAfter: [32m'http://localhost:3000/'[39m,
  didNavigate: [33mfalse[39m,
  detectionMethod: [32m'url-comparison'[39m,
  confidence: [32m'100% (actual behavior measured)'[39m
}
[EventListener] ✅ Form navigation detection complete: {
  urlBefore: [32m'http://localhost:3000/'[39m,
  urlAfter: [32m'http://localhost:3000/'[39m,
  didNavigate: [33mfalse[39m,
  detectionMethod: [32m'url-comparison'[39m,
  confidence: [32m'100% (actual behavior measured)'[39m
}
[EventListener] ✅ Form navigation detection complete: {
  urlBefore: [32m'http://localhost:3000/'[39m,
  urlAfter: [32m'http://localhost:3000/'[39m,
  didNavigate: [33mfalse[39m,
  detectionMethod: [32m'url-comparison'[39m,
  confidence: [32m'100% (actual behavior measured)'[39m
}
[EventListener] ✅ Form navigation detection complete: {
  urlBefore: [32m'http://localhost:3000/'[39m,
  urlAfter: [32m'http://localhost:3000/'[39m,
  didNavigate: [33mfalse[39m,
  detectionMethod: [32m'url-comparison'[39m,
  confidence: [32m'100% (actual behavior measured)'[39m
}
[EventListener] ✅ Form navigation detection complete: {
  urlBefore: [32m'http://localhost:3000/'[39m,
  urlAfter: [32m'http://localhost:3000/'[39m,
  didNavigate: [33mfalse[39m,
  detectionMethod: [32m'url-comparison'[39m,
  confidence: [32m'100% (actual behavior measured)'[39m
}
[EventListener] ✅ Form navigation detection complete: {
  urlBefore: [32m'http://localhost:3000/'[39m,
  urlAfter: [32m'http://localhost:3000/'[39m,
  didNavigate: [33mfalse[39m,
  detectionMethod: [32m'url-comparison'[39m,
  confidence: [32m'100% (actual behavior measured)'[39m
}
[EventListener] ✅ Form navigation detection complete: {
  urlBefore: [32m'http://localhost:3000/'[39m,
  urlAfter: [32m'http://localhost:3000/'[39m,
  didNavigate: [33mfalse[39m,
  detectionMethod: [32m'url-comparison'[39m,
  confidence: [32m'100% (actual behavior measured)'[39m
}
[EventListener] ✅ Form navigation detection complete: {
  urlBefore: [32m'http://localhost:3000/'[39m,
  urlAfter: [32m'http://localhost:3000/'[39m,
  didNavigate: [33mfalse[39m,
  detectionMethod: [32m'url-comparison'[39m,
  confidence: [32m'100% (actual behavior measured)'[39m
}
[EventListener] ✅ Form navigation detection complete: {
  urlBefore: [32m'http://localhost:3000/'[39m,
  urlAfter: [32m'http://localhost:3000/'[39m,
  didNavigate: [33mfalse[39m,
  detectionMethod: [32m'url-comparison'[39m,
  confidence: [32m'100% (actual behavior measured)'[39m
}
[EventListener] ✅ Form navigation detection complete: {
  urlBefore: [32m'http://localhost:3000/'[39m,
  urlAfter: [32m'http://localhost:3000/'[39m,
  didNavigate: [33mfalse[39m,
  detectionMethod: [32m'url-comparison'[39m,
  confidence: [32m'100% (actual behavior measured)'[39m
}
[EventListener] ✅ Form navigation detection complete: {
  urlBefore: [32m'http://localhost:3000/'[39m,
  urlAfter: [32m'http://localhost:3000/'[39m,
  didNavigate: [33mfalse[39m,
  detectionMethod: [32m'url-comparison'[39m,
  confidence: [32m'100% (actual behavior measured)'[39m
}
[EventListener] ✅ Form navigation detection complete: {
  urlBefore: [32m'http://localhost:3000/'[39m,
  urlAfter: [32m'http://localhost:3000/'[39m,
  didNavigate: [33mfalse[39m,
  detectionMethod: [32m'url-comparison'[39m,
  confidence: [32m'100% (actual behavior measured)'[39m
}
[EventListener] ✅ Form navigation detection complete: {
  urlBefore: [32m'http://localhost:3000/'[39m,
  urlAfter: [32m'http://localhost:3000/'[39m,
  didNavigate: [33mfalse[39m,
  detectionMethod: [32m'url-comparison'[39m,
  confidence: [32m'100% (actual behavior measured)'[39m
}
[EventListener] ✅ Form navigation detection complete: {
  urlBefore: [32m'http://localhost:3000/'[39m,
  urlAfter: [32m'http://localhost:3000/'[39m,
  didNavigate: [33mfalse[39m,
  detectionMethod: [32m'url-comparison'[39m,
  confidence: [32m'100% (actual behavior measured)'[39m
}
[EventListener] ✅ Form navigation detection complete: {
  urlBefore: [32m'http://localhost:3000/'[39m,
  urlAfter: [32m'http://localhost:3000/'[39m,
  didNavigate: [33mfalse[39m,
  detectionMethod: [32m'url-comparison'[39m,
  confidence: [32m'100% (actual behavior measured)'[39m
}
[EventListener] ✅ Form navigation detection complete: {
  urlBefore: [32m'http://localhost:3000/'[39m,
  urlAfter: [32m'http://localhost:3000/'[39m,
  didNavigate: [33mfalse[39m,
  detectionMethod: [32m'url-comparison'[39m,
  confidence: [32m'100% (actual behavior measured)'[39m
}
[EventListener] ✅ Form navigation detection complete: {
  urlBefore: [32m'http://localhost:3000/'[39m,
  urlAfter: [32m'http://localhost:3000/'[39m,
  didNavigate: [33mfalse[39m,
  detectionMethod: [32m'url-comparison'[39m,
  confidence: [32m'100% (actual behavior measured)'[39m
}
[EventListener] ✅ Form navigation detection complete: {
  urlBefore: [32m'http://localhost:3000/'[39m,
  urlAfter: [32m'http://localhost:3000/'[39m,
  didNavigate: [33mfalse[39m,
  detectionMethod: [32m'url-comparison'[39m,
  confidence: [32m'100% (actual behavior measured)'[39m
}
[EventListener] ✅ Form navigation detection complete: {
  urlBefore: [32m'http://localhost:3000/'[39m,
  urlAfter: [32m'http://localhost:3000/'[39m,
  didNavigate: [33mfalse[39m,
  detectionMethod: [32m'url-comparison'[39m,
  confidence: [32m'100% (actual behavior measured)'[39m
}
[EventListener] ✅ Form navigation detection complete: {
  urlBefore: [32m'http://localhost:3000/'[39m,
  urlAfter: [32m'http://localhost:3000/'[39m,
  didNavigate: [33mfalse[39m,
  detectionMethod: [32m'url-comparison'[39m,
  confidence: [32m'100% (actual behavior measured)'[39m
}
[EventListener] ✅ Form navigation detection complete: {
  urlBefore: [32m'http://localhost:3000/'[39m,
  urlAfter: [32m'http://localhost:3000/'[39m,
  didNavigate: [33mfalse[39m,
  detectionMethod: [32m'url-comparison'[39m,
  confidence: [32m'100% (actual behavior measured)'[39m
}
[EventListener] ✅ Form navigation detection complete: {
  urlBefore: [32m'http://localhost:3000/'[39m,
  urlAfter: [32m'http://localhost:3000/'[39m,
  didNavigate: [33mfalse[39m,
  detectionMethod: [32m'url-comparison'[39m,
  confidence: [32m'100% (actual behavior measured)'[39m
}
[EventListener] ✅ Form navigation detection complete: {
  urlBefore: [32m'http://localhost:3000/'[39m,
  urlAfter: [32m'http://localhost:3000/'[39m,
  didNavigate: [33mfalse[39m,
  detectionMethod: [32m'url-comparison'[39m,
  confidence: [32m'100% (actual behavior measured)'[39m
}
[EventListener] ✅ Form navigation detection complete: {
  urlBefore: [32m'http://localhost:3000/'[39m,
  urlAfter: [32m'http://localhost:3000/'[39m,
  didNavigate: [33mfalse[39m,
  detectionMethod: [32m'url-comparison'[39m,
  confidence: [32m'100% (actual behavior measured)'[39m
}
[EventListener] ✅ Form navigation detection complete: {
  urlBefore: [32m'http://localhost:3000/'[39m,
  urlAfter: [32m'http://localhost:3000/'[39m,
  didNavigate: [33mfalse[39m,
  detectionMethod: [32m'url-comparison'[39m,
  confidence: [32m'100% (actual behavior measured)'[39m
}
[EventListener] ✅ Form navigation detection complete: {
  urlBefore: [32m'http://localhost:3000/'[39m,
  urlAfter: [32m'http://localhost:3000/'[39m,
  didNavigate: [33mfalse[39m,
  detectionMethod: [32m'url-comparison'[39m,
  confidence: [32m'100% (actual behavior measured)'[39m
}
[EventListener] ✅ Form navigation detection complete: {
  urlBefore: [32m'http://localhost:3000/'[39m,
  urlAfter: [32m'http://localhost:3000/'[39m,
  didNavigate: [33mfalse[39m,
  detectionMethod: [32m'url-comparison'[39m,
  confidence: [32m'100% (actual behavior measured)'[39m
}
[EventListener] ✅ Form navigation detection complete: {
  urlBefore: [32m'http://localhost:3000/'[39m,
  urlAfter: [32m'http://localhost:3000/'[39m,
  didNavigate: [33mfalse[39m,
  detectionMethod: [32m'url-comparison'[39m,
  confidence: [32m'100% (actual behavior measured)'[39m
}
[EventListener] ✅ Form navigation detection complete: {
  urlBefore: [32m'http://localhost:3000/'[39m,
  urlAfter: [32m'http://localhost:3000/'[39m,
  didNavigate: [33mfalse[39m,
  detectionMethod: [32m'url-comparison'[39m,
  confidence: [32m'100% (actual behavior measured)'[39m
}
[EventListener] ✅ Form navigation detection complete: {
  urlBefore: [32m'http://localhost:3000/'[39m,
  urlAfter: [32m'http://localhost:3000/'[39m,
  didNavigate: [33mfalse[39m,
  detectionMethod: [32m'url-comparison'[39m,
  confidence: [32m'100% (actual behavior measured)'[39m
}
[EventListener] ✅ Form navigation detection complete: {
  urlBefore: [32m'http://localhost:3000/'[39m,
  urlAfter: [32m'http://localhost:3000/'[39m,
  didNavigate: [33mfalse[39m,
  detectionMethod: [32m'url-comparison'[39m,
  confidence: [32m'100% (actual behavior measured)'[39m
}
[EventListener] ✅ Form navigation detection complete: {
  urlBefore: [32m'http://localhost:3000/'[39m,
  urlAfter: [32m'http://localhost:3000/'[39m,
  didNavigate: [33mfalse[39m,
  detectionMethod: [32m'url-comparison'[39m,
  confidence: [32m'100% (actual behavior measured)'[39m
}
[EventListener] ✅ Form navigation detection complete: {
  urlBefore: [32m'http://localhost:3000/'[39m,
  urlAfter: [32m'http://localhost:3000/'[39m,
  didNavigate: [33mfalse[39m,
  detectionMethod: [32m'url-comparison'[39m,
  confidence: [32m'100% (actual behavior measured)'[39m
}
[EventListener] ✅ Form navigation detection complete: {
  urlBefore: [32m'http://localhost:3000/'[39m,
  urlAfter: [32m'http://localhost:3000/'[39m,
  didNavigate: [33mfalse[39m,
  detectionMethod: [32m'url-comparison'[39m,
  confidence: [32m'100% (actual behavior measured)'[39m
}
[EventListener] ✅ Form navigation detection complete: {
  urlBefore: [32m'http://localhost:3000/'[39m,
  urlAfter: [32m'http://localhost:3000/'[39m,
  didNavigate: [33mfalse[39m,
  detectionMethod: [32m'url-comparison'[39m,
  confidence: [32m'100% (actual behavior measured)'[39m
}
[EventListener] ✅ Form navigation detection complete: {
  urlBefore: [32m'http://localhost:3000/'[39m,
  urlAfter: [32m'http://localhost:3000/'[39m,
  didNavigate: [33mfalse[39m,
  detectionMethod: [32m'url-comparison'[39m,
  confidence: [32m'100% (actual behavior measured)'[39m
}
[EventListener] ✅ Form navigation detection complete: {
  urlBefore: [32m'http://localhost:3000/'[39m,
  urlAfter: [32m'http://localhost:3000/'[39m,
  didNavigate: [33mfalse[39m,
  detectionMethod: [32m'url-comparison'[39m,
  confidence: [32m'100% (actual behavior measured)'[39m
}
[EventListener] ✅ Form navigation detection complete: {
  urlBefore: [32m'http://localhost:3000/'[39m,
  urlAfter: [32m'http://localhost:3000/'[39m,
  didNavigate: [33mfalse[39m,
  detectionMethod: [32m'url-comparison'[39m,
  confidence: [32m'100% (actual behavior measured)'[39m
}
[EventListener] ✅ Form navigation detection complete: {
  urlBefore: [32m'http://localhost:3000/'[39m,
  urlAfter: [32m'http://localhost:3000/'[39m,
  didNavigate: [33mfalse[39m,
  detectionMethod: [32m'url-comparison'[39m,
  confidence: [32m'100% (actual behavior measured)'[39m
}
[EventListener] ✅ Form navigation detection complete: {
  urlBefore: [32m'http://localhost:3000/'[39m,
  urlAfter: [32m'http://localhost:3000/'[39m,
  didNavigate: [33mfalse[39m,
  detectionMethod: [32m'url-comparison'[39m,
  confidence: [32m'100% (actual behavior measured)'[39m
}
[EventListener] ✅ Form navigation detection complete: {
  urlBefore: [32m'http://localhost:3000/'[39m,
  urlAfter: [32m'http://localhost:3000/'[39m,
  didNavigate: [33mfalse[39m,
  detectionMethod: [32m'url-comparison'[39m,
  confidence: [32m'100% (actual behavior measured)'[39m
}
[EventListener] ✅ Form navigation detection complete: {
  urlBefore: [32m'http://localhost:3000/'[39m,
  urlAfter: [32m'http://localhost:3000/'[39m,
  didNavigate: [33mfalse[39m,
  detectionMethod: [32m'url-comparison'[39m,
  confidence: [32m'100% (actual behavior measured)'[39m
}
[EventListener] ✅ Form navigation detection complete: {
  urlBefore: [32m'http://localhost:3000/'[39m,
  urlAfter: [32m'http://localhost:3000/'[39m,
  didNavigate: [33mfalse[39m,
  detectionMethod: [32m'url-comparison'[39m,
  confidence: [32m'100% (actual behavior measured)'[39m
}
[EventListener] ✅ Form navigation detection complete: {
  urlBefore: [32m'http://localhost:3000/'[39m,
  urlAfter: [32m'http://localhost:3000/'[39m,
  didNavigate: [33mfalse[39m,
  detectionMethod: [32m'url-comparison'[39m,
  confidence: [32m'100% (actual behavior measured)'[39m
}
[EventListener] ✅ Form navigation detection complete: {
  urlBefore: [32m'http://localhost:3000/'[39m,
  urlAfter: [32m'http://localhost:3000/'[39m,
  didNavigate: [33mfalse[39m,
  detectionMethod: [32m'url-comparison'[39m,
  confidence: [32m'100% (actual behavior measured)'[39m
}
[EventListener] ✅ Form navigation detection complete: {
  urlBefore: [32m'http://localhost:3000/'[39m,
  urlAfter: [32m'http://localhost:3000/'[39m,
  didNavigate: [33mfalse[39m,
  detectionMethod: [32m'url-comparison'[39m,
  confidence: [32m'100% (actual behavior measured)'[39m
}
[EventListener] ✅ Form navigation detection complete: {
  urlBefore: [32m'http://localhost:3000/'[39m,
  urlAfter: [32m'http://localhost:3000/'[39m,
  didNavigate: [33mfalse[39m,
  detectionMethod: [32m'url-comparison'[39m,
  confidence: [32m'100% (actual behavior measured)'[39m
}
[EventListener] ✅ Form navigation detection complete: {
  urlBefore: [32m'http://localhost:3000/'[39m,
  urlAfter: [32m'http://localhost:3000/'[39m,
  didNavigate: [33mfalse[39m,
  detectionMethod: [32m'url-comparison'[39m,
  confidence: [32m'100% (actual behavior measured)'[39m
}
[EventListener] ✅ Form navigation detection complete: {
  urlBefore: [32m'http://localhost:3000/'[39m,
  urlAfter: [32m'http://localhost:3000/'[39m,
  didNavigate: [33mfalse[39m,
  detectionMethod: [32m'url-comparison'[39m,
  confidence: [32m'100% (actual behavior measured)'[39m
}
[EventListener] ✅ Form navigation detection complete: {
  urlBefore: [32m'http://localhost:3000/'[39m,
  urlAfter: [32m'http://localhost:3000/'[39m,
  didNavigate: [33mfalse[39m,
  detectionMethod: [32m'url-comparison'[39m,
  confidence: [32m'100% (actual behavior measured)'[39m
}
[EventListener] ✅ Form navigation detection complete: {
  urlBefore: [32m'http://localhost:3000/'[39m,
  urlAfter: [32m'http://localhost:3000/'[39m,
  didNavigate: [33mfalse[39m,
  detectionMethod: [32m'url-comparison'[39m,
  confidence: [32m'100% (actual behavior measured)'[39m
}
[EventListener] ✅ Form navigation detection complete: {
  urlBefore: [32m'http://localhost:3000/'[39m,
  urlAfter: [32m'http://localhost:3000/'[39m,
  didNavigate: [33mfalse[39m,
  detectionMethod: [32m'url-comparison'[39m,
  confidence: [32m'100% (actual behavior measured)'[39m
}
[EventListener] ✅ Form navigation detection complete: {
  urlBefore: [32m'http://localhost:3000/'[39m,
  urlAfter: [32m'http://localhost:3000/'[39m,
  didNavigate: [33mfalse[39m,
  detectionMethod: [32m'url-comparison'[39m,
  confidence: [32m'100% (actual behavior measured)'[39m
}
[EventListener] ✅ Form navigation detection complete: {
  urlBefore: [32m'http://localhost:3000/'[39m,
  urlAfter: [32m'http://localhost:3000/'[39m,
  didNavigate: [33mfalse[39m,
  detectionMethod: [32m'url-comparison'[39m,
  confidence: [32m'100% (actual behavior measured)'[39m
}
[EventListener] ✅ Form navigation detection complete: {
  urlBefore: [32m'http://localhost:3000/'[39m,
  urlAfter: [32m'http://localhost:3000/'[39m,
  didNavigate: [33mfalse[39m,
  detectionMethod: [32m'url-comparison'[39m,
  confidence: [32m'100% (actual behavior measured)'[39m
}
[EventListener] ✅ Form navigation detection complete: {
  urlBefore: [32m'http://localhost:3000/'[39m,
  urlAfter: [32m'http://localhost:3000/'[39m,
  didNavigate: [33mfalse[39m,
  detectionMethod: [32m'url-comparison'[39m,
  confidence: [32m'100% (actual behavior measured)'[39m
}
[EventListener] ✅ Form navigation detection complete: {
  urlBefore: [32m'http://localhost:3000/'[39m,
  urlAfter: [32m'http://localhost:3000/'[39m,
  didNavigate: [33mfalse[39m,
  detectionMethod: [32m'url-comparison'[39m,
  confidence: [32m'100% (actual behavior measured)'[39m
}
[EventListener] ✅ Form navigation detection complete: {
  urlBefore: [32m'http://localhost:3000/'[39m,
  urlAfter: [32m'http://localhost:3000/'[39m,
  didNavigate: [33mfalse[39m,
  detectionMethod: [32m'url-comparison'[39m,
  confidence: [32m'100% (actual behavior measured)'[39m
}
[EventListener] ✅ Form navigation detection complete: {
  urlBefore: [32m'http://localhost:3000/'[39m,
  urlAfter: [32m'http://localhost:3000/'[39m,
  didNavigate: [33mfalse[39m,
  detectionMethod: [32m'url-comparison'[39m,
  confidence: [32m'100% (actual behavior measured)'[39m
}
[EventListener] ✅ Form navigation detection complete: {
  urlBefore: [32m'http://localhost:3000/'[39m,
  urlAfter: [32m'http://localhost:3000/'[39m,
  didNavigate: [33mfalse[39m,
  detectionMethod: [32m'url-comparison'[39m,
  confidence: [32m'100% (actual behavior measured)'[39m
}
[EventListener] ✅ Form navigation detection complete: {
  urlBefore: [32m'http://localhost:3000/'[39m,
  urlAfter: [32m'http://localhost:3000/'[39m,
  didNavigate: [33mfalse[39m,
  detectionMethod: [32m'url-comparison'[39m,
  confidence: [32m'100% (actual behavior measured)'[39m
}
[EventListener] ✅ Form navigation detection complete: {
  urlBefore: [32m'http://localhost:3000/'[39m,
  urlAfter: [32m'http://localhost:3000/'[39m,
  didNavigate: [33mfalse[39m,
  detectionMethod: [32m'url-comparison'[39m,
  confidence: [32m'100% (actual behavior measured)'[39m
}
[EventListener] ✅ Form navigation detection complete: {
  urlBefore: [32m'http://localhost:3000/'[39m,
  urlAfter: [32m'http://localhost:3000/'[39m,
  didNavigate: [33mfalse[39m,
  detectionMethod: [32m'url-comparison'[39m,
  confidence: [32m'100% (actual behavior measured)'[39m
}
[EventListener] ✅ Form navigation detection complete: {
  urlBefore: [32m'http://localhost:3000/'[39m,
  urlAfter: [32m'http://localhost:3000/'[39m,
  didNavigate: [33mfalse[39m,
  detectionMethod: [32m'url-comparison'[39m,
  confidence: [32m'100% (actual behavior measured)'[39m
}
[EventListener] ✅ Form navigation detection complete: {
  urlBefore: [32m'http://localhost:3000/'[39m,
  urlAfter: [32m'http://localhost:3000/'[39m,
  didNavigate: [33mfalse[39m,
  detectionMethod: [32m'url-comparison'[39m,
  confidence: [32m'100% (actual behavior measured)'[39m
}
[EventListener] ✅ Form navigation detection complete: {
  urlBefore: [32m'http://localhost:3000/'[39m,
  urlAfter: [32m'http://localhost:3000/'[39m,
  didNavigate: [33mfalse[39m,
  detectionMethod: [32m'url-comparison'[39m,
  confidence: [32m'100% (actual behavior measured)'[39m
}
[EventListener] ✅ Form navigation detection complete: {
  urlBefore: [32m'http://localhost:3000/'[39m,
  urlAfter: [32m'http://localhost:3000/'[39m,
  didNavigate: [33mfalse[39m,
  detectionMethod: [32m'url-comparison'[39m,
  confidence: [32m'100% (actual behavior measured)'[39m
}
[EventListener] ✅ Form navigation detection complete: {
  urlBefore: [32m'http://localhost:3000/'[39m,
  urlAfter: [32m'http://localhost:3000/'[39m,
  didNavigate: [33mfalse[39m,
  detectionMethod: [32m'url-comparison'[39m,
  confidence: [32m'100% (actual behavior measured)'[39m
}
[EventListener] ✅ Form navigation detection complete: {
  urlBefore: [32m'http://localhost:3000/'[39m,
  urlAfter: [32m'http://localhost:3000/'[39m,
  didNavigate: [33mfalse[39m,
  detectionMethod: [32m'url-comparison'[39m,
  confidence: [32m'100% (actual behavior measured)'[39m
}
[EventListener] ✅ Form navigation detection complete: {
  urlBefore: [32m'http://localhost:3000/'[39m,
  urlAfter: [32m'http://localhost:3000/'[39m,
  didNavigate: [33mfalse[39m,
  detectionMethod: [32m'url-comparison'[39m,
  confidence: [32m'100% (actual behavior measured)'[39m
}
[EventListener] ✅ Form navigation detection complete: {
  urlBefore: [32m'http://localhost:3000/'[39m,
  urlAfter: [32m'http://localhost:3000/'[39m,
  didNavigate: [33mfalse[39m,
  detectionMethod: [32m'url-comparison'[39m,
  confidence: [32m'100% (actual behavior measured)'[39m
}
[EventListener] ✅ Form navigation detection complete: {
  urlBefore: [32m'http://localhost:3000/'[39m,
  urlAfter: [32m'http://localhost:3000/'[39m,
  didNavigate: [33mfalse[39m,
  detectionMethod: [32m'url-comparison'[39m,
  confidence: [32m'100% (actual behavior measured)'[39m
}
[EventListener] ✅ Form navigation detection complete: {
  urlBefore: [32m'http://localhost:3000/'[39m,
  urlAfter: [32m'http://localhost:3000/'[39m,
  didNavigate: [33mfalse[39m,
  detectionMethod: [32m'url-comparison'[39m,
  confidence: [32m'100% (actual behavior measured)'[39m
}
[EventListener] ✅ Form navigation detection complete: {
  urlBefore: [32m'http://localhost:3000/'[39m,
  urlAfter: [32m'http://localhost:3000/'[39m,
  didNavigate: [33mfalse[39m,
  detectionMethod: [32m'url-comparison'[39m,
  confidence: [32m'100% (actual behavior measured)'[39m
}
[EventListener] ✅ Form navigation detection complete: {
  urlBefore: [32m'http://localhost:3000/'[39m,
  urlAfter: [32m'http://localhost:3000/'[39m,
  didNavigate: [33mfalse[39m,
  detectionMethod: [32m'url-comparison'[39m,
  confidence: [32m'100% (actual behavior measured)'[39m
}
[EventListener] ✅ Form navigation detection complete: {
  urlBefore: [32m'http://localhost:3000/'[39m,
  urlAfter: [32m'http://localhost:3000/'[39m,
  didNavigate: [33mfalse[39m,
  detectionMethod: [32m'url-comparison'[39m,
  confidence: [32m'100% (actual behavior measured)'[39m
}
[EventListener] ✅ Form navigation detection complete: {
  urlBefore: [32m'http://localhost:3000/'[39m,
  urlAfter: [32m'http://localhost:3000/'[39m,
  didNavigate: [33mfalse[39m,
  detectionMethod: [32m'url-comparison'[39m,
  confidence: [32m'100% (actual behavior measured)'[39m
}
[EventListener] ✅ Form navigation detection complete: {
  urlBefore: [32m'http://localhost:3000/'[39m,
  urlAfter: [32m'http://localhost:3000/'[39m,
  didNavigate: [33mfalse[39m,
  detectionMethod: [32m'url-comparison'[39m,
  confidence: [32m'100% (actual behavior measured)'[39m
}
[EventListener] ✅ Form navigation detection complete: {
  urlBefore: [32m'http://localhost:3000/'[39m,
  urlAfter: [32m'http://localhost:3000/'[39m,
  didNavigate: [33mfalse[39m,
  detectionMethod: [32m'url-comparison'[39m,
  confidence: [32m'100% (actual behavior measured)'[39m
}
[EventListener] ✅ Form navigation detection complete: {
  urlBefore: [32m'http://localhost:3000/'[39m,
  urlAfter: [32m'http://localhost:3000/'[39m,
  didNavigate: [33mfalse[39m,
  detectionMethod: [32m'url-comparison'[39m,
  confidence: [32m'100% (actual behavior measured)'[39m
}
[EventListener] ✅ Form navigation detection complete: {
  urlBefore: [32m'http://localhost:3000/'[39m,
  urlAfter: [32m'http://localhost:3000/'[39m,
  didNavigate: [33mfalse[39m,
  detectionMethod: [32m'url-comparison'[39m,
  confidence: [32m'100% (actual behavior measured)'[39m
}
[EventListener] ✅ Form navigation detection complete: {
  urlBefore: [32m'http://localhost:3000/'[39m,
  urlAfter: [32m'http://localhost:3000/'[39m,
  didNavigate: [33mfalse[39m,
  detectionMethod: [32m'url-comparison'[39m,
  confidence: [32m'100% (actual behavior measured)'[39m
}
[EventListener] ✅ Form navigation detection complete: {
  urlBefore: [32m'http://localhost:3000/'[39m,
  urlAfter: [32m'http://localhost:3000/'[39m,
  didNavigate: [33mfalse[39m,
  detectionMethod: [32m'url-comparison'[39m,
  confidence: [32m'100% (actual behavior measured)'[39m
}
[EventListener] ✅ Form navigation detection complete: {
  urlBefore: [32m'http://localhost:3000/'[39m,
  urlAfter: [32m'http://localhost:3000/'[39m,
  didNavigate: [33mfalse[39m,
  detectionMethod: [32m'url-comparison'[39m,
  confidence: [32m'100% (actual behavior measured)'[39m
}
[EventListener] ✅ Form navigation detection complete: {
  urlBefore: [32m'http://localhost:3000/'[39m,
  urlAfter: [32m'http://localhost:3000/'[39m,
  didNavigate: [33mfalse[39m,
  detectionMethod: [32m'url-comparison'[39m,
  confidence: [32m'100% (actual behavior measured)'[39m
}
[EventListener] ✅ Form navigation detection complete: {
  urlBefore: [32m'http://localhost:3000/'[39m,
  urlAfter: [32m'http://localhost:3000/'[39m,
  didNavigate: [33mfalse[39m,
  detectionMethod: [32m'url-comparison'[39m,
  confidence: [32m'100% (actual behavior measured)'[39m
}
[EventListener] ✅ Form navigation detection complete: {
  urlBefore: [32m'http://localhost:3000/'[39m,
  urlAfter: [32m'http://localhost:3000/'[39m,
  didNavigate: [33mfalse[39m,
  detectionMethod: [32m'url-comparison'[39m,
  confidence: [32m'100% (actual behavior measured)'[39m
}
[EventListener] ✅ Form navigation detection complete: {
  urlBefore: [32m'http://localhost:3000/'[39m,
  urlAfter: [32m'http://localhost:3000/'[39m,
  didNavigate: [33mfalse[39m,
  detectionMethod: [32m'url-comparison'[39m,
  confidence: [32m'100% (actual behavior measured)'[39m
}
[EventListener] ✅ Form navigation detection complete: {
  urlBefore: [32m'http://localhost:3000/'[39m,
  urlAfter: [32m'http://localhost:3000/'[39m,
  didNavigate: [33mfalse[39m,
  detectionMethod: [32m'url-comparison'[39m,
  confidence: [32m'100% (actual behavior measured)'[39m
}
[EventListener] ✅ Form navigation detection complete: {
  urlBefore: [32m'http://localhost:3000/'[39m,
  urlAfter: [32m'http://localhost:3000/'[39m,
  didNavigate: [33mfalse[39m,
  detectionMethod: [32m'url-comparison'[39m,
  confidence: [32m'100% (actual behavior measured)'[39m
}

[90mstdout[2m | src\content\event-listener.ts:574:19[22m[39m
[EventListener] ⚡ AJAX detection complete: { actionId: [32m'act_001'[39m, expectsNavigation: [33mfalse[39m, isAjaxForm: [33mtrue[39m }
[EventListener] ⚡ AJAX detection complete: { actionId: [32m'act_003'[39m, expectsNavigation: [33mfalse[39m, isAjaxForm: [33mtrue[39m }
[EventListener] ⚡ AJAX detection complete: { actionId: [32m'act_002'[39m, expectsNavigation: [33mfalse[39m, isAjaxForm: [33mtrue[39m }
[EventListener] ⚡ AJAX detection complete: { actionId: [32m'act_001'[39m, expectsNavigation: [33mfalse[39m, isAjaxForm: [33mtrue[39m }
[EventListener] ⚡ AJAX detection complete: { actionId: [32m'act_004'[39m, expectsNavigation: [33mfalse[39m, isAjaxForm: [33mtrue[39m }
[EventListener] ⚡ AJAX detection complete: { actionId: [32m'act_003'[39m, expectsNavigation: [33mfalse[39m, isAjaxForm: [33mtrue[39m }
[EventListener] ⚡ AJAX detection complete: { actionId: [32m'act_002'[39m, expectsNavigation: [33mfalse[39m, isAjaxForm: [33mtrue[39m }
[EventListener] ⚡ AJAX detection complete: { actionId: [32m'act_001'[39m, expectsNavigation: [33mfalse[39m, isAjaxForm: [33mtrue[39m }
[EventListener] ⚡ AJAX detection complete: { actionId: [32m'act_005'[39m, expectsNavigation: [33mfalse[39m, isAjaxForm: [33mtrue[39m }
[EventListener] ⚡ AJAX detection complete: { actionId: [32m'act_004'[39m, expectsNavigation: [33mfalse[39m, isAjaxForm: [33mtrue[39m }
[EventListener] ⚡ AJAX detection complete: { actionId: [32m'act_003'[39m, expectsNavigation: [33mfalse[39m, isAjaxForm: [33mtrue[39m }
[EventListener] ⚡ AJAX detection complete: { actionId: [32m'act_002'[39m, expectsNavigation: [33mfalse[39m, isAjaxForm: [33mtrue[39m }
[EventListener] ⚡ AJAX detection complete: { actionId: [32m'act_001'[39m, expectsNavigation: [33mfalse[39m, isAjaxForm: [33mtrue[39m }
[EventListener] ⚡ AJAX detection complete: { actionId: [32m'act_006'[39m, expectsNavigation: [33mfalse[39m, isAjaxForm: [33mtrue[39m }
[EventListener] ⚡ AJAX detection complete: { actionId: [32m'act_005'[39m, expectsNavigation: [33mfalse[39m, isAjaxForm: [33mtrue[39m }
[EventListener] ⚡ AJAX detection complete: { actionId: [32m'act_004'[39m, expectsNavigation: [33mfalse[39m, isAjaxForm: [33mtrue[39m }
[EventListener] ⚡ AJAX detection complete: { actionId: [32m'act_003'[39m, expectsNavigation: [33mfalse[39m, isAjaxForm: [33mtrue[39m }
[EventListener] ⚡ AJAX detection complete: { actionId: [32m'act_002'[39m, expectsNavigation: [33mfalse[39m, isAjaxForm: [33mtrue[39m }
[EventListener] ⚡ AJAX detection complete: { actionId: [32m'act_001'[39m, expectsNavigation: [33mfalse[39m, isAjaxForm: [33mtrue[39m }
[EventListener] ⚡ AJAX detection complete: { actionId: [32m'act_007'[39m, expectsNavigation: [33mfalse[39m, isAjaxForm: [33mtrue[39m }
[EventListener] ⚡ AJAX detection complete: { actionId: [32m'act_006'[39m, expectsNavigation: [33mfalse[39m, isAjaxForm: [33mtrue[39m }
[EventListener] ⚡ AJAX detection complete: { actionId: [32m'act_005'[39m, expectsNavigation: [33mfalse[39m, isAjaxForm: [33mtrue[39m }
[EventListener] ⚡ AJAX detection complete: { actionId: [32m'act_004'[39m, expectsNavigation: [33mfalse[39m, isAjaxForm: [33mtrue[39m }
[EventListener] ⚡ AJAX detection complete: { actionId: [32m'act_003'[39m, expectsNavigation: [33mfalse[39m, isAjaxForm: [33mtrue[39m }
[EventListener] ⚡ AJAX detection complete: { actionId: [32m'act_002'[39m, expectsNavigation: [33mfalse[39m, isAjaxForm: [33mtrue[39m }
[EventListener] ⚡ AJAX detection complete: { actionId: [32m'act_001'[39m, expectsNavigation: [33mfalse[39m, isAjaxForm: [33mtrue[39m }
[EventListener] ⚡ AJAX detection complete: { actionId: [32m'act_008'[39m, expectsNavigation: [33mfalse[39m, isAjaxForm: [33mtrue[39m }
[EventListener] ⚡ AJAX detection complete: { actionId: [32m'act_007'[39m, expectsNavigation: [33mfalse[39m, isAjaxForm: [33mtrue[39m }
[EventListener] ⚡ AJAX detection complete: { actionId: [32m'act_006'[39m, expectsNavigation: [33mfalse[39m, isAjaxForm: [33mtrue[39m }
[EventListener] ⚡ AJAX detection complete: { actionId: [32m'act_005'[39m, expectsNavigation: [33mfalse[39m, isAjaxForm: [33mtrue[39m }
[EventListener] ⚡ AJAX detection complete: { actionId: [32m'act_004'[39m, expectsNavigation: [33mfalse[39m, isAjaxForm: [33mtrue[39m }
[EventListener] ⚡ AJAX detection complete: { actionId: [32m'act_003'[39m, expectsNavigation: [33mfalse[39m, isAjaxForm: [33mtrue[39m }
[EventListener] ⚡ AJAX detection complete: { actionId: [32m'act_002'[39m, expectsNavigation: [33mfalse[39m, isAjaxForm: [33mtrue[39m }
[EventListener] ⚡ AJAX detection complete: { actionId: [32m'act_001'[39m, expectsNavigation: [33mfalse[39m, isAjaxForm: [33mtrue[39m }
[EventListener] ⚡ AJAX detection complete: { actionId: [32m'act_009'[39m, expectsNavigation: [33mfalse[39m, isAjaxForm: [33mtrue[39m }
[EventListener] ⚡ AJAX detection complete: { actionId: [32m'act_008'[39m, expectsNavigation: [33mfalse[39m, isAjaxForm: [33mtrue[39m }
[EventListener] ⚡ AJAX detection complete: { actionId: [32m'act_007'[39m, expectsNavigation: [33mfalse[39m, isAjaxForm: [33mtrue[39m }
[EventListener] ⚡ AJAX detection complete: { actionId: [32m'act_006'[39m, expectsNavigation: [33mfalse[39m, isAjaxForm: [33mtrue[39m }
[EventListener] ⚡ AJAX detection complete: { actionId: [32m'act_005'[39m, expectsNavigation: [33mfalse[39m, isAjaxForm: [33mtrue[39m }
[EventListener] ⚡ AJAX detection complete: { actionId: [32m'act_004'[39m, expectsNavigation: [33mfalse[39m, isAjaxForm: [33mtrue[39m }
[EventListener] ⚡ AJAX detection complete: { actionId: [32m'act_003'[39m, expectsNavigation: [33mfalse[39m, isAjaxForm: [33mtrue[39m }
[EventListener] ⚡ AJAX detection complete: { actionId: [32m'act_002'[39m, expectsNavigation: [33mfalse[39m, isAjaxForm: [33mtrue[39m }
[EventListener] ⚡ AJAX detection complete: { actionId: [32m'act_001'[39m, expectsNavigation: [33mfalse[39m, isAjaxForm: [33mtrue[39m }
[EventListener] ⚡ AJAX detection complete: { actionId: [32m'act_011'[39m, expectsNavigation: [33mfalse[39m, isAjaxForm: [33mtrue[39m }
[EventListener] ⚡ AJAX detection complete: { actionId: [32m'act_010'[39m, expectsNavigation: [33mfalse[39m, isAjaxForm: [33mtrue[39m }
[EventListener] ⚡ AJAX detection complete: { actionId: [32m'act_009'[39m, expectsNavigation: [33mfalse[39m, isAjaxForm: [33mtrue[39m }
[EventListener] ⚡ AJAX detection complete: { actionId: [32m'act_008'[39m, expectsNavigation: [33mfalse[39m, isAjaxForm: [33mtrue[39m }
[EventListener] ⚡ AJAX detection complete: { actionId: [32m'act_007'[39m, expectsNavigation: [33mfalse[39m, isAjaxForm: [33mtrue[39m }
[EventListener] ⚡ AJAX detection complete: { actionId: [32m'act_006'[39m, expectsNavigation: [33mfalse[39m, isAjaxForm: [33mtrue[39m }
[EventListener] ⚡ AJAX detection complete: { actionId: [32m'act_005'[39m, expectsNavigation: [33mfalse[39m, isAjaxForm: [33mtrue[39m }
[EventListener] ⚡ AJAX detection complete: { actionId: [32m'act_004'[39m, expectsNavigation: [33mfalse[39m, isAjaxForm: [33mtrue[39m }
[EventListener] ⚡ AJAX detection complete: { actionId: [32m'act_003'[39m, expectsNavigation: [33mfalse[39m, isAjaxForm: [33mtrue[39m }
[EventListener] ⚡ AJAX detection complete: { actionId: [32m'act_002'[39m, expectsNavigation: [33mfalse[39m, isAjaxForm: [33mtrue[39m }
[EventListener] ⚡ AJAX detection complete: { actionId: [32m'act_001'[39m, expectsNavigation: [33mfalse[39m, isAjaxForm: [33mtrue[39m }
[EventListener] ⚡ AJAX detection complete: { actionId: [32m'act_012'[39m, expectsNavigation: [33mfalse[39m, isAjaxForm: [33mtrue[39m }
[EventListener] ⚡ AJAX detection complete: { actionId: [32m'act_011'[39m, expectsNavigation: [33mfalse[39m, isAjaxForm: [33mtrue[39m }
[EventListener] ⚡ AJAX detection complete: { actionId: [32m'act_010'[39m, expectsNavigation: [33mfalse[39m, isAjaxForm: [33mtrue[39m }
[EventListener] ⚡ AJAX detection complete: { actionId: [32m'act_009'[39m, expectsNavigation: [33mfalse[39m, isAjaxForm: [33mtrue[39m }
[EventListener] ⚡ AJAX detection complete: { actionId: [32m'act_008'[39m, expectsNavigation: [33mfalse[39m, isAjaxForm: [33mtrue[39m }
[EventListener] ⚡ AJAX detection complete: { actionId: [32m'act_007'[39m, expectsNavigation: [33mfalse[39m, isAjaxForm: [33mtrue[39m }
[EventListener] ⚡ AJAX detection complete: { actionId: [32m'act_006'[39m, expectsNavigation: [33mfalse[39m, isAjaxForm: [33mtrue[39m }
[EventListener] ⚡ AJAX detection complete: { actionId: [32m'act_005'[39m, expectsNavigation: [33mfalse[39m, isAjaxForm: [33mtrue[39m }
[EventListener] ⚡ AJAX detection complete: { actionId: [32m'act_004'[39m, expectsNavigation: [33mfalse[39m, isAjaxForm: [33mtrue[39m }
[EventListener] ⚡ AJAX detection complete: { actionId: [32m'act_003'[39m, expectsNavigation: [33mfalse[39m, isAjaxForm: [33mtrue[39m }
[EventListener] ⚡ AJAX detection complete: { actionId: [32m'act_002'[39m, expectsNavigation: [33mfalse[39m, isAjaxForm: [33mtrue[39m }
[EventListener] ⚡ AJAX detection complete: { actionId: [32m'act_001'[39m, expectsNavigation: [33mfalse[39m, isAjaxForm: [33mtrue[39m }
[EventListener] ⚡ AJAX detection complete: { actionId: [32m'act_013'[39m, expectsNavigation: [33mfalse[39m, isAjaxForm: [33mtrue[39m }
[EventListener] ⚡ AJAX detection complete: { actionId: [32m'act_012'[39m, expectsNavigation: [33mfalse[39m, isAjaxForm: [33mtrue[39m }
[EventListener] ⚡ AJAX detection complete: { actionId: [32m'act_011'[39m, expectsNavigation: [33mfalse[39m, isAjaxForm: [33mtrue[39m }
[EventListener] ⚡ AJAX detection complete: { actionId: [32m'act_010'[39m, expectsNavigation: [33mfalse[39m, isAjaxForm: [33mtrue[39m }
[EventListener] ⚡ AJAX detection complete: { actionId: [32m'act_009'[39m, expectsNavigation: [33mfalse[39m, isAjaxForm: [33mtrue[39m }
[EventListener] ⚡ AJAX detection complete: { actionId: [32m'act_008'[39m, expectsNavigation: [33mfalse[39m, isAjaxForm: [33mtrue[39m }
[EventListener] ⚡ AJAX detection complete: { actionId: [32m'act_007'[39m, expectsNavigation: [33mfalse[39m, isAjaxForm: [33mtrue[39m }
[EventListener] ⚡ AJAX detection complete: { actionId: [32m'act_006'[39m, expectsNavigation: [33mfalse[39m, isAjaxForm: [33mtrue[39m }
[EventListener] ⚡ AJAX detection complete: { actionId: [32m'act_005'[39m, expectsNavigation: [33mfalse[39m, isAjaxForm: [33mtrue[39m }
[EventListener] ⚡ AJAX detection complete: { actionId: [32m'act_004'[39m, expectsNavigation: [33mfalse[39m, isAjaxForm: [33mtrue[39m }
[EventListener] ⚡ AJAX detection complete: { actionId: [32m'act_003'[39m, expectsNavigation: [33mfalse[39m, isAjaxForm: [33mtrue[39m }
[EventListener] ⚡ AJAX detection complete: { actionId: [32m'act_002'[39m, expectsNavigation: [33mfalse[39m, isAjaxForm: [33mtrue[39m }
[EventListener] ⚡ AJAX detection complete: { actionId: [32m'act_014'[39m, expectsNavigation: [33mfalse[39m, isAjaxForm: [33mtrue[39m }
[EventListener] ⚡ AJAX detection complete: { actionId: [32m'act_013'[39m, expectsNavigation: [33mfalse[39m, isAjaxForm: [33mtrue[39m }
[EventListener] ⚡ AJAX detection complete: { actionId: [32m'act_012'[39m, expectsNavigation: [33mfalse[39m, isAjaxForm: [33mtrue[39m }
[EventListener] ⚡ AJAX detection complete: { actionId: [32m'act_011'[39m, expectsNavigation: [33mfalse[39m, isAjaxForm: [33mtrue[39m }
[EventListener] ⚡ AJAX detection complete: { actionId: [32m'act_010'[39m, expectsNavigation: [33mfalse[39m, isAjaxForm: [33mtrue[39m }
[EventListener] ⚡ AJAX detection complete: { actionId: [32m'act_009'[39m, expectsNavigation: [33mfalse[39m, isAjaxForm: [33mtrue[39m }
[EventListener] ⚡ AJAX detection complete: { actionId: [32m'act_008'[39m, expectsNavigation: [33mfalse[39m, isAjaxForm: [33mtrue[39m }
[EventListener] ⚡ AJAX detection complete: { actionId: [32m'act_007'[39m, expectsNavigation: [33mfalse[39m, isAjaxForm: [33mtrue[39m }
[EventListener] ⚡ AJAX detection complete: { actionId: [32m'act_006'[39m, expectsNavigation: [33mfalse[39m, isAjaxForm: [33mtrue[39m }
[EventListener] ⚡ AJAX detection complete: { actionId: [32m'act_005'[39m, expectsNavigation: [33mfalse[39m, isAjaxForm: [33mtrue[39m }
[EventListener] ⚡ AJAX detection complete: { actionId: [32m'act_004'[39m, expectsNavigation: [33mfalse[39m, isAjaxForm: [33mtrue[39m }
[EventListener] ⚡ AJAX detection complete: { actionId: [32m'act_003'[39m, expectsNavigation: [33mfalse[39m, isAjaxForm: [33mtrue[39m }

[90mstdout[2m | EventListener.isDuplicateAction (C:\Users\zozaz\Documents\Downloads\SaveAction-recorder-browser-extenstion\src\content\event-listener.ts:3391:21)[22m[39m
[Duplicate] Blocked duplicate form submit (-1659ms)
[Duplicate] Blocked duplicate form submit (-1657ms)
[Duplicate] Blocked duplicate form submit (-1654ms)
[Duplicate] Blocked duplicate form submit (-1293ms)
[Duplicate] Blocked duplicate form submit (-1293ms)
[Duplicate] Blocked duplicate form submit (-1293ms)
[Duplicate] Blocked duplicate form submit (-1185ms)
[Duplicate] Blocked duplicate form submit (-1181ms)
[Duplicate] Blocked duplicate form submit (-1180ms)
[Duplicate] Blocked duplicate form submit (-1179ms)
[Duplicate] Blocked duplicate form submit (-1179ms)
[Duplicate] Blocked duplicate form submit (-1202ms)
[Duplicate] Blocked duplicate form submit (-1197ms)
[Duplicate] Blocked duplicate form submit (-1195ms)
[Duplicate] Blocked duplicate form submit (-1082ms)
[Duplicate] Blocked duplicate form submit (-1077ms)
[Duplicate] Blocked duplicate form submit (-1073ms)
[Duplicate] Blocked duplicate form submit (-1071ms)
[Duplicate] Blocked duplicate form submit (-1067ms)
[Duplicate] Blocked duplicate form submit (-1059ms)
[Duplicate] Blocked duplicate form submit (-872ms)
[Duplicate] Blocked duplicate form submit (-868ms)
[Duplicate] Blocked duplicate form submit (-862ms)
[Duplicate] Blocked duplicate form submit (-751ms)
[Duplicate] Blocked duplicate form submit (-743ms)
[Duplicate] Blocked duplicate form submit (-739ms)
[Duplicate] Blocked duplicate form submit (-734ms)
[Duplicate] Blocked duplicate form submit (-728ms)
[Duplicate] Blocked duplicate form submit (-719ms)
[Duplicate] Blocked duplicate form submit (-708ms)
[Duplicate] Blocked duplicate form submit (-816ms)
[Duplicate] Blocked duplicate form submit (-697ms)
[Duplicate] Blocked duplicate form submit (-690ms)
[Duplicate] Blocked duplicate form submit (-687ms)
[Duplicate] Blocked duplicate form submit (-576ms)
[Duplicate] Blocked duplicate form submit (-567ms)
[Duplicate] Blocked duplicate form submit (-561ms)
[Duplicate] Blocked duplicate form submit (-555ms)
[Duplicate] Blocked duplicate form submit (-549ms)
[Duplicate] Blocked duplicate form submit (-540ms)
[Duplicate] Blocked duplicate form submit (-535ms)
[Duplicate] Blocked duplicate form submit (-645ms)
[Duplicate] Blocked duplicate form submit (-639ms)
[Duplicate] Blocked duplicate form submit (-553ms)
[Duplicate] Blocked duplicate form submit (-548ms)
[Duplicate] Blocked duplicate form submit (-540ms)
[Duplicate] Blocked duplicate form submit (-426ms)
[Duplicate] Blocked duplicate form submit (-419ms)
[Duplicate] Blocked duplicate form submit (-413ms)
[Duplicate] Blocked duplicate form submit (-407ms)
[Duplicate] Blocked duplicate form submit (-404ms)
[Duplicate] Blocked duplicate form submit (-397ms)
[Duplicate] Blocked duplicate form submit (-393ms)
[Duplicate] Blocked duplicate form submit (-503ms)
[Duplicate] Blocked duplicate form submit (-499ms)
[Duplicate] Blocked duplicate form submit (-418ms)
[Duplicate] Blocked duplicate form submit (-409ms)
[Duplicate] Blocked duplicate form submit (-403ms)
[Duplicate] Blocked duplicate form submit (-292ms)
[Duplicate] Blocked duplicate form submit (-282ms)
[Duplicate] Blocked duplicate form submit (-266ms)
[Duplicate] Blocked duplicate form submit (-253ms)
[Duplicate] Blocked duplicate form submit (-244ms)
[Duplicate] Blocked duplicate form submit (-232ms)
[Duplicate] Blocked duplicate form submit (-223ms)
[Duplicate] Blocked duplicate form submit (-326ms)
[Duplicate] Blocked duplicate form submit (-312ms)

[90mstdout[2m | EventListener.emitAction (C:\Users\zozaz\Documents\Downloads\SaveAction-recorder-browser-extenstion\src\content\event-listener.ts:3268:15)[22m[39m
[EventListener] Skipping duplicate action: click act_001
[EventListener] Skipping duplicate action: click act_003
[EventListener] Skipping duplicate action: click act_002
[EventListener] Skipping duplicate action: click act_001
[EventListener] Skipping duplicate action: click act_004
[EventListener] Skipping duplicate action: click act_003
[EventListener] Skipping duplicate action: click act_002
[EventListener] Skipping duplicate action: click act_001
[EventListener] Skipping duplicate action: click act_005
[EventListener] Skipping duplicate action: click act_004
[EventListener] Skipping duplicate action: click act_003
[EventListener] Skipping duplicate action: click act_002
[EventListener] Skipping duplicate action: click act_001
[EventListener] Skipping duplicate action: click act_006
[EventListener] Skipping duplicate action: click act_005
[EventListener] Skipping duplicate action: click act_004
[EventListener] Skipping duplicate action: click act_003
[EventListener] Skipping duplicate action: click act_002
[EventListener] Skipping duplicate action: click act_001
[EventListener] Skipping duplicate action: click act_007
[EventListener] Skipping duplicate action: click act_006
[EventListener] Skipping duplicate action: click act_005
[EventListener] Skipping duplicate action: click act_004
[EventListener] Skipping duplicate action: click act_003
[EventListener] Skipping duplicate action: click act_002
[EventListener] Skipping duplicate action: click act_001
[EventListener] Skipping duplicate action: click act_008
[EventListener] Skipping duplicate action: click act_007
[EventListener] Skipping duplicate action: click act_006
[EventListener] Skipping duplicate action: click act_005
[EventListener] Skipping duplicate action: click act_004
[EventListener] Skipping duplicate action: click act_003
[EventListener] Skipping duplicate action: click act_002
[EventListener] Skipping duplicate action: click act_001
[EventListener] Skipping duplicate action: click act_009
[EventListener] Skipping duplicate action: click act_008
[EventListener] Skipping duplicate action: click act_007
[EventListener] Skipping duplicate action: click act_006
[EventListener] Skipping duplicate action: click act_005
[EventListener] Skipping duplicate action: click act_004
[EventListener] Skipping duplicate action: click act_003
[EventListener] Skipping duplicate action: click act_002
[EventListener] Skipping duplicate action: click act_001
[EventListener] Skipping duplicate action: click act_011
[EventListener] Skipping duplicate action: click act_010
[EventListener] Skipping duplicate action: click act_009
[EventListener] Skipping duplicate action: click act_008
[EventListener] Skipping duplicate action: click act_007
[EventListener] Skipping duplicate action: click act_006
[EventListener] Skipping duplicate action: click act_005
[EventListener] Skipping duplicate action: click act_004
[EventListener] Skipping duplicate action: click act_003
[EventListener] Skipping duplicate action: click act_002
[EventListener] Skipping duplicate action: click act_001
[EventListener] Skipping duplicate action: click act_012
[EventListener] Skipping duplicate action: click act_011
[EventListener] Skipping duplicate action: click act_010
[EventListener] Skipping duplicate action: click act_009
[EventListener] Skipping duplicate action: click act_008
[EventListener] Skipping duplicate action: click act_007
[EventListener] Skipping duplicate action: click act_006
[EventListener] Skipping duplicate action: click act_005
[EventListener] Skipping duplicate action: click act_004
[EventListener] Skipping duplicate action: click act_003
[EventListener] Skipping duplicate action: click act_002
[EventListener] Skipping duplicate action: click act_001
[EventListener] Skipping duplicate action: click act_013
[EventListener] Skipping duplicate action: click act_012
[EventListener] Skipping duplicate action: click act_011
[EventListener] Skipping duplicate action: click act_010
[EventListener] Skipping duplicate action: click act_009
[EventListener] Skipping duplicate action: click act_008
[EventListener] Skipping duplicate action: click act_007
[EventListener] Skipping duplicate action: click act_006
[EventListener] Skipping duplicate action: click act_005
[EventListener] Skipping duplicate action: click act_004
[EventListener] Skipping duplicate action: click act_003
[EventListener] Skipping duplicate action: click act_002
[EventListener] Skipping duplicate action: click act_014
[EventListener] Skipping duplicate action: click act_013
[EventListener] Skipping duplicate action: click act_012
[EventListener] Skipping duplicate action: click act_011
[EventListener] Skipping duplicate action: click act_010
[EventListener] Skipping duplicate action: click act_009
[EventListener] Skipping duplicate action: click act_008
[EventListener] Skipping duplicate action: click act_007
[EventListener] Skipping duplicate action: click act_006
[EventListener] Skipping duplicate action: click act_005
[EventListener] Skipping duplicate action: click act_004
[EventListener] Skipping duplicate action: click act_003

[90mstdout[2m | tests/unit/event-listener.test.ts[2m > [22m[2mEventListener[2m > [22m[2mDuplicate Detection[2m > [22m[2mshould prevent duplicate input actions[22m[39m
[EventListener] 🔴 LAYER 3: Polling detected value change: { field: [32m'test-input'[39m, oldValue: [32m''[39m, newValue: [32m'test'[39m }
[EventListener] 🎯 onInput called: {
  id: [32m'test-input'[39m,
  name: [32m'no-name'[39m,
  type: [32m'text'[39m,
  value: [32m'"test..."'[39m,
  valueLength: [33m4[39m
}
[EventListener] ✅ Form navigation detection complete: {
  urlBefore: [32m'http://localhost:3000/'[39m,
  urlAfter: [32m'http://localhost:3000/'[39m,
  didNavigate: [33mfalse[39m,
  detectionMethod: [32m'url-comparison'[39m,
  confidence: [32m'100% (actual behavior measured)'[39m
}
[EventListener] ⚠️ Detection complete but listener stopped, ignoring result

[90mstdout[2m | EventListener.detectAjaxForm (C:\Users\zozaz\Documents\Downloads\SaveAction-recorder-browser-extenstion\src\content\event-listener.ts:2563:13)[22m[39m
[EventListener] ✅ Form navigation detection complete: {
  urlBefore: [32m'http://localhost:3000/'[39m,
  urlAfter: [32m'http://localhost:3000/'[39m,
  didNavigate: [33mfalse[39m,
  detectionMethod: [32m'url-comparison'[39m,
  confidence: [32m'100% (actual behavior measured)'[39m
}
[EventListener] ✅ Form navigation detection complete: {
  urlBefore: [32m'http://localhost:3000/'[39m,
  urlAfter: [32m'http://localhost:3000/'[39m,
  didNavigate: [33mfalse[39m,
  detectionMethod: [32m'url-comparison'[39m,
  confidence: [32m'100% (actual behavior measured)'[39m
}

[90mstdout[2m | src\content\event-listener.ts:574:19[22m[39m
[EventListener] ⚡ AJAX detection complete: { actionId: [32m'act_015'[39m, expectsNavigation: [33mfalse[39m, isAjaxForm: [33mtrue[39m }
[EventListener] ⚡ AJAX detection complete: { actionId: [32m'act_014'[39m, expectsNavigation: [33mfalse[39m, isAjaxForm: [33mtrue[39m }

[90mstdout[2m | EventListener.isDuplicateAction (C:\Users\zozaz\Documents\Downloads\SaveAction-recorder-browser-extenstion\src\content\event-listener.ts:3391:21)[22m[39m
[Duplicate] Blocked duplicate form submit (-209ms)
[Duplicate] Blocked duplicate form submit (-208ms)

[90mstdout[2m | EventListener.emitAction (C:\Users\zozaz\Documents\Downloads\SaveAction-recorder-browser-extenstion\src\content\event-listener.ts:3268:15)[22m[39m
[EventListener] Skipping duplicate action: click act_015
[EventListener] Skipping duplicate action: click act_014

[90mstdout[2m | tests/unit/event-listener.test.ts[2m > [22m[2mEventListener[2m > [22m[2mDuplicate Detection[2m > [22m[2mshould prevent duplicate input actions[22m[39m
[EventListener] ✅ Form navigation detection complete: {
  urlBefore: [32m'http://localhost:3000/'[39m,
  urlAfter: [32m'http://localhost:3000/'[39m,
  didNavigate: [33mfalse[39m,
  detectionMethod: [32m'url-comparison'[39m,
  confidence: [32m'100% (actual behavior measured)'[39m
}
[EventListener] ⚠️ Detection complete but listener stopped, ignoring result

[90mstdout[2m | tests/unit/event-listener.test.ts[2m > [22m[2mEventListener[2m > [22m[2mDuplicate Detection[2m > [22m[2mshould prevent duplicate input actions[22m[39m
[EventListener] ✅ Form navigation detection complete: {
  urlBefore: [32m'http://localhost:3000/'[39m,
  urlAfter: [32m'http://localhost:3000/'[39m,
  didNavigate: [33mfalse[39m,
  detectionMethod: [32m'url-comparison'[39m,
  confidence: [32m'100% (actual behavior measured)'[39m
}
[EventListener] ⚠️ Detection complete but listener stopped, ignoring result

[90mstdout[2m | tests/unit/event-listener.test.ts[2m > [22m[2mEventListener[2m > [22m[2mDuplicate Detection[2m > [22m[2mshould prevent duplicate input actions[22m[39m
[EventListener] 🔥 Flushing pending inputs before stop
[ElementState] input#test-input: {
  visible: [33mfalse[39m,
  imageLoaded: [32m'N/A'[39m,
  networkIdle: [33mtrue[39m,
  parentVisible: [33mtrue[39m
}
[EventListener] ⛔ LAYER 2: Detached MutationObserver: test-input
[EventListener] ⛔ LAYER 3: Stopped polling
[EventListener] Input flushed: {
  element: [32m'test-input'[39m,
  startTime: [33m1766484006324[39m,
  delay: [33m621[39m,
  typingDelay: [33m101[39m
}
[EventListener] 🔽 Dropdown observer stopped
[ModalTracker] 🚀 Started modal tracking
[EventListener] 🔽 Dropdown observer started
[EventListener] Started listening (with modal tracking)
[EventListener] 🟢 LAYER 2: Attached MutationObserver: test-input
[EventListener] 🟢 LAYER 3: Started polling field: test-input
[EventListener] ✨ Input focused - ALL 3 LAYERS ACTIVE: test-input
[EventListener] 🎯 onInput called: {
  id: [32m'test-input'[39m,
  name: [32m'no-name'[39m,
  type: [32m'text'[39m,
  value: [32m'"test2..."'[39m,
  valueLength: [33m5[39m
}

[90mstdout[2m | tests/unit/event-listener.test.ts[2m > [22m[2mEventListener[2m > [22m[2mDuplicate Detection[2m > [22m[2mshould prevent duplicate input actions[22m[39m
[EventListener] 🔴 LAYER 3: Polling detected value change: { field: [32m'test-input'[39m, oldValue: [32m'test'[39m, newValue: [32m'test2'[39m }
[EventListener] 🎯 onInput called: {
  id: [32m'test-input'[39m,
  name: [32m'no-name'[39m,
  type: [32m'text'[39m,
  value: [32m'"test2..."'[39m,
  valueLength: [33m5[39m
}

[90mstdout[2m | tests/unit/event-listener.test.ts[2m > [22m[2mEventListener[2m > [22m[2mDuplicate Detection[2m > [22m[2mshould prevent duplicate input actions[22m[39m
[EventListener] 🔥 Flushing pending inputs before stop
[ElementState] input#test-input: {
  visible: [33mfalse[39m,
  imageLoaded: [32m'N/A'[39m,
  networkIdle: [33mtrue[39m,
  parentVisible: [33mtrue[39m
}
[EventListener] ⛔ LAYER 2: Detached MutationObserver: test-input
[EventListener] ⛔ LAYER 3: Stopped polling
[EventListener] Input flushed: {
  element: [32m'test-input'[39m,
  startTime: [33m1766484006946[39m,
  delay: [33m605[39m,
  typingDelay: [33m101[39m
}
[EventListener] 🔽 Dropdown observer stopped

[90mstdout[2m | tests/unit/event-listener.test.ts[2m > [22m[2mEventListener[2m > [22m[2mDuplicate Detection[2m > [22m[2mshould detect hover actions[22m[39m
[ModalTracker] 🚀 Started modal tracking
[EventListener] 🔽 Dropdown observer started
[EventListener] Started listening (with modal tracking)
[EventListener] 🔽 Dropdown observer stopped

[90mstdout[2m | tests/unit/event-listener.test.ts[2m > [22m[2mEventListener[2m > [22m[2mDuplicate Detection[2m > [22m[2mshould allow actions after debounce window expires[22m[39m
[ModalTracker] 🚀 Started modal tracking
[EventListener] 🔽 Dropdown observer started
[EventListener] Started listening (with modal tracking)
[EventListener] Submit button detected - starting AJAX detection: { tagName: [32m'BUTTON'[39m, type: [32m'submit'[39m, className: [32m''[39m, hasForm: [33mfalse[39m }
[ElementState] button#test-btn: {
  visible: [33mfalse[39m,
  imageLoaded: [32m'N/A'[39m,
  networkIdle: [33mtrue[39m,
  parentVisible: [33mtrue[39m
}
[EventListener] 🔍 Starting form navigation detection: {
  urlBefore: [32m'http://localhost:3000/'[39m,
  formAction: [32m'none'[39m,
  formMethod: [32m'none'[39m
}

[90mstdout[2m | tests/unit/event-listener.test.ts[2m > [22m[2mEventListener[2m > [22m[2mDuplicate Detection[2m > [22m[2mshould allow actions after debounce window expires[22m[39m
[EventListener] ✅ Form navigation detection complete: {
  urlBefore: [32m'http://localhost:3000/'[39m,
  urlAfter: [32m'http://localhost:3000/'[39m,
  didNavigate: [33mfalse[39m,
  detectionMethod: [32m'url-comparison'[39m,
  confidence: [32m'100% (actual behavior measured)'[39m
}
[EventListener] ⚡ AJAX detection complete: { actionId: [32m'act_001'[39m, expectsNavigation: [33mfalse[39m, isAjaxForm: [33mtrue[39m }
[Duplicate] Blocked duplicate form submit (0ms)
[EventListener] Skipping duplicate action: click act_001

[90mstdout[2m | tests/unit/event-listener.test.ts[2m > [22m[2mEventListener[2m > [22m[2mDuplicate Detection[2m > [22m[2mshould allow actions after debounce window expires[22m[39m
[EventListener] Submit button detected - starting AJAX detection: { tagName: [32m'BUTTON'[39m, type: [32m'submit'[39m, className: [32m''[39m, hasForm: [33mfalse[39m }
[ElementState] button#test-btn: {
  visible: [33mfalse[39m,
  imageLoaded: [32m'N/A'[39m,
  networkIdle: [33mtrue[39m,
  parentVisible: [33mtrue[39m
}
[EventListener] 🔍 Starting form navigation detection: {
  urlBefore: [32m'http://localhost:3000/'[39m,
  formAction: [32m'none'[39m,
  formMethod: [32m'none'[39m
}
[EventListener] 🔽 Dropdown observer stopped

[90mstdout[2m | tests/unit/event-listener.test.ts[2m > [22m[2mEventListener[2m > [22m[2mDuplicate Detection[2m > [22m[2mshould handle areSelectorsEqual with null selectors[22m[39m
[ModalTracker] 🚀 Started modal tracking
[EventListener] 🔽 Dropdown observer started
[EventListener] Started listening (with modal tracking)
[EventListener] Submit button detected - starting AJAX detection: { tagName: [32m'BUTTON'[39m, type: [32m'submit'[39m, className: [32m''[39m, hasForm: [33mfalse[39m }
[ElementState] button: {
  visible: [33mfalse[39m,
  imageLoaded: [32m'N/A'[39m,
  networkIdle: [33mtrue[39m,
  parentVisible: [33mtrue[39m
}
[EventListener] 🔍 Starting form navigation detection: {
  urlBefore: [32m'http://localhost:3000/'[39m,
  formAction: [32m'none'[39m,
  formMethod: [32m'none'[39m
}
[EventListener] 🔽 Dropdown observer stopped

[90mstdout[2m | tests/unit/event-listener.test.ts[2m > [22m[2mEventListener[2m > [22m[2mDuplicate Detection[2m > [22m[2mshould compare selectors by id[22m[39m
[ModalTracker] 🚀 Started modal tracking
[EventListener] 🔽 Dropdown observer started
[EventListener] Started listening (with modal tracking)
[EventListener] Submit button detected - starting AJAX detection: { tagName: [32m'BUTTON'[39m, type: [32m'submit'[39m, className: [32m''[39m, hasForm: [33mfalse[39m }
[ElementState] button#btn-1: {
  visible: [33mfalse[39m,
  imageLoaded: [32m'N/A'[39m,
  networkIdle: [33mtrue[39m,
  parentVisible: [33mtrue[39m
}
[EventListener] 🔍 Starting form navigation detection: {
  urlBefore: [32m'http://localhost:3000/'[39m,
  formAction: [32m'none'[39m,
  formMethod: [32m'none'[39m
}
[EventListener] Submit button detected - starting AJAX detection: { tagName: [32m'BUTTON'[39m, type: [32m'submit'[39m, className: [32m''[39m, hasForm: [33mfalse[39m }
[ElementState] button#btn-1: {
  visible: [33mfalse[39m,
  imageLoaded: [32m'N/A'[39m,
  networkIdle: [33mtrue[39m,
  parentVisible: [33mtrue[39m
}
[EventListener] 🔍 Starting form navigation detection: {
  urlBefore: [32m'http://localhost:3000/'[39m,
  formAction: [32m'none'[39m,
  formMethod: [32m'none'[39m
}
[Duplicate] Blocked duplicate form submit (12ms)
[EventListener] Skipping duplicate action: click act_002
[EventListener] 🔽 Dropdown observer stopped

[90mstdout[2m | tests/unit/event-listener.test.ts[2m > [22m[2mEventListener[2m > [22m[2mDuplicate Detection[2m > [22m[2mshould compare selectors by css[22m[39m
[ModalTracker] 🚀 Started modal tracking
[EventListener] 🔽 Dropdown observer started
[EventListener] Started listening (with modal tracking)
[EventListener] 🔽 Dropdown observer stopped

[90mstdout[2m | tests/unit/event-listener.test.ts[2m > [22m[2mEventListener[2m > [22m[2mDuplicate Detection[2m > [22m[2mshould handle select change events[22m[39m
[ModalTracker] 🚀 Started modal tracking
[EventListener] 🔽 Dropdown observer started
[EventListener] Started listening (with modal tracking)
[ElementState] select: {
  visible: [33mfalse[39m,
  imageLoaded: [32m'N/A'[39m,
  networkIdle: [33mtrue[39m,
  parentVisible: [33mtrue[39m
}
[EventListener] Recorded select change:  → ""
[EventListener] 🔽 Dropdown observer stopped

[90mstdout[2m | tests/unit/event-listener.test.ts[2m > [22m[2mEventListener[2m > [22m[2mDuplicate Detection[2m > [22m[2mshould handle keypress with special keys[22m[39m
[ModalTracker] 🚀 Started modal tracking
[EventListener] 🔽 Dropdown observer started
[EventListener] Started listening (with modal tracking)
[EventListener] 🔽 Dropdown observer stopped

[90mstdout[2m | tests/unit/event-listener.test.ts[2m > [22m[2mEventListener[2m > [22m[2mHidden Input Filtering[2m > [22m[2mshould skip clicks on hidden radio inputs[22m[39m
[ModalTracker] 🚀 Started modal tracking
[EventListener] 🔽 Dropdown observer started
[EventListener] Started listening (with modal tracking)
[EventListener] 🔲 Checkbox/Radio detected - routing to click handler: { id: [32m'test-radio'[39m, name: [32m'test'[39m, type: [32m'radio'[39m, checked: [33mtrue[39m }
[EventListener] 🔧 Skipping hidden checkbox/radio change event
[EventListener] 🔽 Dropdown observer stopped

[90mstdout[2m | tests/unit/event-listener.test.ts[2m > [22m[2mEventListener[2m > [22m[2mHidden Input Filtering[2m > [22m[2mshould skip clicks on hidden checkbox inputs[22m[39m
[ModalTracker] 🚀 Started modal tracking
[EventListener] 🔽 Dropdown observer started
[EventListener] Started listening (with modal tracking)
[EventListener] 🔲 Checkbox/Radio detected - routing to click handler: {
  id: [32m'test-checkbox'[39m,
  name: [32m'no-name'[39m,
  type: [32m'checkbox'[39m,
  checked: [33mtrue[39m
}
[EventListener] 🔧 Skipping hidden checkbox/radio change event
[EventListener] 🔽 Dropdown observer stopped

[90mstdout[2m | tests/unit/event-listener.test.ts[2m > [22m[2mEventListener[2m > [22m[2mHidden Input Filtering[2m > [22m[2mshould skip clicks on radio inputs with opacity 0[22m[39m
[ModalTracker] 🚀 Started modal tracking
[EventListener] 🔽 Dropdown observer started
[EventListener] Started listening (with modal tracking)
[EventListener] 🔲 Checkbox/Radio detected - routing to click handler: { id: [32m'test-radio'[39m, name: [32m'no-name'[39m, type: [32m'radio'[39m, checked: [33mtrue[39m }
[EventListener] 🔧 Skipping hidden checkbox/radio change event
[EventListener] 🔽 Dropdown observer stopped

[90mstdout[2m | tests/unit/event-listener.test.ts[2m > [22m[2mEventListener[2m > [22m[2mHidden Input Filtering[2m > [22m[2mshould skip clicks on radio inputs with zero dimensions[22m[39m
[ModalTracker] 🚀 Started modal tracking
[EventListener] 🔽 Dropdown observer started
[EventListener] Started listening (with modal tracking)
[EventListener] 🔲 Checkbox/Radio detected - routing to click handler: { id: [32m'test-radio'[39m, name: [32m'no-name'[39m, type: [32m'radio'[39m, checked: [33mtrue[39m }
[EventListener] 🔧 Skipping hidden checkbox/radio change event
[EventListener] 🔽 Dropdown observer stopped

[90mstdout[2m | tests/unit/event-listener.test.ts[2m > [22m[2mEventListener[2m > [22m[2mHidden Input Filtering[2m > [22m[2mshould record clicks on visible radio inputs[22m[39m
[ModalTracker] 🚀 Started modal tracking
[EventListener] 🔽 Dropdown observer started
[EventListener] Started listening (with modal tracking)
[ElementState] input#test-radio: {
  visible: [33mfalse[39m,
  imageLoaded: [32m'N/A'[39m,
  networkIdle: [33mtrue[39m,
  parentVisible: [33mtrue[39m
}
[EventListener] 🔲 Checkbox/Radio click metadata: { clickType: [32m'toggle-input'[39m, inputType: [32m'radio'[39m, checked: [33mtrue[39m }
[EventListener] 🔲 Checkbox/Radio detected - routing to click handler: { id: [32m'test-radio'[39m, name: [32m'test'[39m, type: [32m'radio'[39m, checked: [33mtrue[39m }
[EventListener] 🔧 Skipping duplicate checkbox/radio change event (already recorded click)
[EventListener] 🔽 Dropdown observer stopped

[90mstdout[2m | tests/unit/event-listener.test.ts[2m > [22m[2mEventListener[2m > [22m[2mHidden Input Filtering[2m > [22m[2mshould record clicks on visible checkbox inputs[22m[39m
[ModalTracker] 🚀 Started modal tracking
[EventListener] 🔽 Dropdown observer started
[EventListener] Started listening (with modal tracking)
[ElementState] input#test-checkbox: {
  visible: [33mfalse[39m,
  imageLoaded: [32m'N/A'[39m,
  networkIdle: [33mtrue[39m,
  parentVisible: [33mtrue[39m
}
[EventListener] 🔲 Checkbox/Radio click metadata: { clickType: [32m'toggle-input'[39m, inputType: [32m'checkbox'[39m, checked: [33mtrue[39m }
[EventListener] 🔲 Checkbox/Radio detected - routing to click handler: {
  id: [32m'test-checkbox'[39m,
  name: [32m'no-name'[39m,
  type: [32m'checkbox'[39m,
  checked: [33mtrue[39m
}
[EventListener] 🔧 Skipping duplicate checkbox/radio change event (already recorded click)
[EventListener] 🔽 Dropdown observer stopped

[90mstdout[2m | tests/unit/event-listener.test.ts[2m > [22m[2mEventListener[2m > [22m[2mHidden Input Filtering[2m > [22m[2mshould skip mousedown on hidden radio inputs[22m[39m
[ModalTracker] 🚀 Started modal tracking
[EventListener] 🔽 Dropdown observer started
[EventListener] Started listening (with modal tracking)
[EventListener] 🔽 Dropdown observer stopped

[90mstdout[2m | tests/unit/event-listener.test.ts[2m > [22m[2mEventListener[2m > [22m[2mHidden Input Filtering[2m > [22m[2mshould skip input events on hidden radio inputs[22m[39m
[ModalTracker] 🚀 Started modal tracking
[EventListener] 🔽 Dropdown observer started
[EventListener] Started listening (with modal tracking)
[EventListener] 🔲 Checkbox/Radio detected - routing to click handler: { id: [32m'test-radio'[39m, name: [32m'no-name'[39m, type: [32m'radio'[39m, checked: [33mfalse[39m }

[90mstdout[2m | tests/unit/event-listener.test.ts[2m > [22m[2mEventListener[2m > [22m[2mHidden Input Filtering[2m > [22m[2mshould skip input events on hidden radio inputs[22m[39m
[EventListener] ✅ Form navigation detection complete: {
  urlBefore: [32m'http://localhost:3000/'[39m,
  urlAfter: [32m'http://localhost:3000/'[39m,
  didNavigate: [33mfalse[39m,
  detectionMethod: [32m'url-comparison'[39m,
  confidence: [32m'100% (actual behavior measured)'[39m
}
[EventListener] ⚠️ Detection complete but listener stopped, ignoring result

[90mstdout[2m | tests/unit/event-listener.test.ts[2m > [22m[2mEventListener[2m > [22m[2mHidden Input Filtering[2m > [22m[2mshould skip input events on hidden radio inputs[22m[39m
[EventListener] ✅ Form navigation detection complete: {
  urlBefore: [32m'http://localhost:3000/'[39m,
  urlAfter: [32m'http://localhost:3000/'[39m,
  didNavigate: [33mfalse[39m,
  detectionMethod: [32m'url-comparison'[39m,
  confidence: [32m'100% (actual behavior measured)'[39m
}
[EventListener] ⚠️ Detection complete but listener stopped, ignoring result

[90mstdout[2m | tests/unit/event-listener.test.ts[2m > [22m[2mEventListener[2m > [22m[2mHidden Input Filtering[2m > [22m[2mshould skip input events on hidden radio inputs[22m[39m
[EventListener] ✅ Form navigation detection complete: {
  urlBefore: [32m'http://localhost:3000/'[39m,
  urlAfter: [32m'http://localhost:3000/'[39m,
  didNavigate: [33mfalse[39m,
  detectionMethod: [32m'url-comparison'[39m,
  confidence: [32m'100% (actual behavior measured)'[39m
}
[EventListener] ⚠️ Detection complete but listener stopped, ignoring result

[90mstdout[2m | tests/unit/event-listener.test.ts[2m > [22m[2mEventListener[2m > [22m[2mHidden Input Filtering[2m > [22m[2mshould skip input events on hidden radio inputs[22m[39m
[EventListener] ✅ Form navigation detection complete: {
  urlBefore: [32m'http://localhost:3000/'[39m,
  urlAfter: [32m'http://localhost:3000/'[39m,
  didNavigate: [33mfalse[39m,
  detectionMethod: [32m'url-comparison'[39m,
  confidence: [32m'100% (actual behavior measured)'[39m
}
[EventListener] ⚠️ Detection complete but listener stopped, ignoring result

[90mstdout[2m | tests/unit/event-listener.test.ts[2m > [22m[2mEventListener[2m > [22m[2mHidden Input Filtering[2m > [22m[2mshould skip input events on hidden radio inputs[22m[39m
[EventListener] 🔽 Dropdown observer stopped

[90mstdout[2m | tests/unit/event-listener.test.ts[2m > [22m[2mEventListener[2m > [22m[2mHidden Input Filtering[2m > [22m[2mshould record label clicks for hidden radio inputs[22m[39m
[ModalTracker] 🚀 Started modal tracking
[EventListener] 🔽 Dropdown observer started
[EventListener] Started listening (with modal tracking)
[ElementState] label: {
  visible: [33mfalse[39m,
  imageLoaded: [32m'N/A'[39m,
  networkIdle: [33mtrue[39m,
  parentVisible: [33mtrue[39m
}
[EventListener] 🔲 Checkbox/Radio detected - routing to click handler: { id: [32m'test-radio'[39m, name: [32m'no-name'[39m, type: [32m'radio'[39m, checked: [33mtrue[39m }
[EventListener] 🔧 Skipping hidden checkbox/radio change event
[EventListener] 🔽 Dropdown observer stopped

 [32m✓[39m tests/unit/event-listener.test.ts [2m ([22m[2m57 tests[22m[2m)[22m[33m 7145[2mms[22m[39m

[2m Test Files [22m [1m[31m2 failed[39m[22m[2m | [22m[1m[32m8 passed[39m[22m[90m (10)[39m
[2m      Tests [22m [1m[31m9 failed[39m[22m[2m | [22m[1m[32m261 passed[39m[22m[90m (270)[39m
[2m   Start at [22m 11:59:58
[2m   Duration [22m 10.59s[2m (transform 1.37s, setup 764ms, collect 2.14s, tests 9.85s, environment 16.68s, prepare 4.71s)[22m

